Archive member included to satisfy reference by file (symbol)

c:/siliconlabs/simplicitystudio/v5/developer/toolchains/gnu_arm/12.2.rel1_2023.7/bin/../lib/gcc/arm-none-eabi/12.2.1/thumb/v8-m.main+fp/hard\libc_nano.a(libc_a-exit.o)
                              c:/siliconlabs/simplicitystudio/v5/developer/toolchains/gnu_arm/12.2.rel1_2023.7/bin/../lib/gcc/arm-none-eabi/12.2.1/thumb/v8-m.main+fp/hard/crt0.o (exit)
c:/siliconlabs/simplicitystudio/v5/developer/toolchains/gnu_arm/12.2.rel1_2023.7/bin/../lib/gcc/arm-none-eabi/12.2.1/thumb/v8-m.main+fp/hard\libc_nano.a(libc_a-findfp.o)
                              c:/siliconlabs/simplicitystudio/v5/developer/toolchains/gnu_arm/12.2.rel1_2023.7/bin/../lib/gcc/arm-none-eabi/12.2.1/thumb/v8-m.main+fp/hard\libc_nano.a(libc_a-exit.o) (__stdio_exit_handler)
c:/siliconlabs/simplicitystudio/v5/developer/toolchains/gnu_arm/12.2.rel1_2023.7/bin/../lib/gcc/arm-none-eabi/12.2.1/thumb/v8-m.main+fp/hard\libc_nano.a(libc_a-fwalk.o)
                              c:/siliconlabs/simplicitystudio/v5/developer/toolchains/gnu_arm/12.2.rel1_2023.7/bin/../lib/gcc/arm-none-eabi/12.2.1/thumb/v8-m.main+fp/hard\libc_nano.a(libc_a-findfp.o) (_fwalk_sglue)
c:/siliconlabs/simplicitystudio/v5/developer/toolchains/gnu_arm/12.2.rel1_2023.7/bin/../lib/gcc/arm-none-eabi/12.2.1/thumb/v8-m.main+fp/hard\libc_nano.a(libc_a-stdio.o)
                              c:/siliconlabs/simplicitystudio/v5/developer/toolchains/gnu_arm/12.2.rel1_2023.7/bin/../lib/gcc/arm-none-eabi/12.2.1/thumb/v8-m.main+fp/hard\libc_nano.a(libc_a-findfp.o) (__sread)
c:/siliconlabs/simplicitystudio/v5/developer/toolchains/gnu_arm/12.2.rel1_2023.7/bin/../lib/gcc/arm-none-eabi/12.2.1/thumb/v8-m.main+fp/hard\libc_nano.a(libc_a-memset.o)
                              c:/siliconlabs/simplicitystudio/v5/developer/toolchains/gnu_arm/12.2.rel1_2023.7/bin/../lib/gcc/arm-none-eabi/12.2.1/thumb/v8-m.main+fp/hard/crt0.o (memset)
c:/siliconlabs/simplicitystudio/v5/developer/toolchains/gnu_arm/12.2.rel1_2023.7/bin/../lib/gcc/arm-none-eabi/12.2.1/thumb/v8-m.main+fp/hard\libc_nano.a(libc_a-closer.o)
                              c:/siliconlabs/simplicitystudio/v5/developer/toolchains/gnu_arm/12.2.rel1_2023.7/bin/../lib/gcc/arm-none-eabi/12.2.1/thumb/v8-m.main+fp/hard\libc_nano.a(libc_a-stdio.o) (_close_r)
c:/siliconlabs/simplicitystudio/v5/developer/toolchains/gnu_arm/12.2.rel1_2023.7/bin/../lib/gcc/arm-none-eabi/12.2.1/thumb/v8-m.main+fp/hard\libc_nano.a(libc_a-reent.o)
                              c:/siliconlabs/simplicitystudio/v5/developer/toolchains/gnu_arm/12.2.rel1_2023.7/bin/../lib/gcc/arm-none-eabi/12.2.1/thumb/v8-m.main+fp/hard\libc_nano.a(libc_a-closer.o) (errno)
c:/siliconlabs/simplicitystudio/v5/developer/toolchains/gnu_arm/12.2.rel1_2023.7/bin/../lib/gcc/arm-none-eabi/12.2.1/thumb/v8-m.main+fp/hard\libc_nano.a(libc_a-impure.o)
                              c:/siliconlabs/simplicitystudio/v5/developer/toolchains/gnu_arm/12.2.rel1_2023.7/bin/../lib/gcc/arm-none-eabi/12.2.1/thumb/v8-m.main+fp/hard\libc_nano.a(libc_a-reent.o) (_impure_ptr)
c:/siliconlabs/simplicitystudio/v5/developer/toolchains/gnu_arm/12.2.rel1_2023.7/bin/../lib/gcc/arm-none-eabi/12.2.1/thumb/v8-m.main+fp/hard\libc_nano.a(libc_a-lseekr.o)
                              c:/siliconlabs/simplicitystudio/v5/developer/toolchains/gnu_arm/12.2.rel1_2023.7/bin/../lib/gcc/arm-none-eabi/12.2.1/thumb/v8-m.main+fp/hard\libc_nano.a(libc_a-stdio.o) (_lseek_r)
c:/siliconlabs/simplicitystudio/v5/developer/toolchains/gnu_arm/12.2.rel1_2023.7/bin/../lib/gcc/arm-none-eabi/12.2.1/thumb/v8-m.main+fp/hard\libc_nano.a(libc_a-readr.o)
                              c:/siliconlabs/simplicitystudio/v5/developer/toolchains/gnu_arm/12.2.rel1_2023.7/bin/../lib/gcc/arm-none-eabi/12.2.1/thumb/v8-m.main+fp/hard\libc_nano.a(libc_a-stdio.o) (_read_r)
c:/siliconlabs/simplicitystudio/v5/developer/toolchains/gnu_arm/12.2.rel1_2023.7/bin/../lib/gcc/arm-none-eabi/12.2.1/thumb/v8-m.main+fp/hard\libc_nano.a(libc_a-writer.o)
                              c:/siliconlabs/simplicitystudio/v5/developer/toolchains/gnu_arm/12.2.rel1_2023.7/bin/../lib/gcc/arm-none-eabi/12.2.1/thumb/v8-m.main+fp/hard\libc_nano.a(libc_a-stdio.o) (_write_r)
c:/siliconlabs/simplicitystudio/v5/developer/toolchains/gnu_arm/12.2.rel1_2023.7/bin/../lib/gcc/arm-none-eabi/12.2.1/thumb/v8-m.main+fp/hard\libc_nano.a(libc_a-init.o)
                              c:/siliconlabs/simplicitystudio/v5/developer/toolchains/gnu_arm/12.2.rel1_2023.7/bin/../lib/gcc/arm-none-eabi/12.2.1/thumb/v8-m.main+fp/hard/crt0.o (__libc_init_array)
c:/siliconlabs/simplicitystudio/v5/developer/toolchains/gnu_arm/12.2.rel1_2023.7/bin/../lib/gcc/arm-none-eabi/12.2.1/thumb/v8-m.main+fp/hard\libc_nano.a(libc_a-lock.o)
                              c:/siliconlabs/simplicitystudio/v5/developer/toolchains/gnu_arm/12.2.rel1_2023.7/bin/../lib/gcc/arm-none-eabi/12.2.1/thumb/v8-m.main+fp/hard\libc_nano.a(libc_a-findfp.o) (__retarget_lock_init_recursive)
[...]
Memory Configuration

Name             Origin             Length             Attributes
FLASH            0x00010200         0x0000fe00         xr
RAM              0x20000000         0x00008000         xrw
*default*        0x00000000         0xffffffff

Linker script and memory map

LOAD c:/siliconlabs/simplicitystudio/v5/developer/toolchains/gnu_arm/12.2.rel1_2023.7/bin/../lib/gcc/arm-none-eabi/12.2.1/thumb/v8-m.main+fp/hard/crti.o
LOAD c:/siliconlabs/simplicitystudio/v5/developer/toolchains/gnu_arm/12.2.rel1_2023.7/bin/../lib/gcc/arm-none-eabi/12.2.1/thumb/v8-m.main+fp/hard/crtbegin.o
LOAD c:/siliconlabs/simplicitystudio/v5/developer/toolchains/gnu_arm/12.2.rel1_2023.7/bin/../lib/gcc/arm-none-eabi/12.2.1/thumb/v8-m.main+fp/hard/crt0.o
START GROUP
LOAD ./app.o
LOAD ./main.o
LOAD ./autogen/sl_board_default_init.o
LOAD ./autogen/sl_event_handler.o
LOAD ./simplicity_sdk_2025.6.3/hardware/board/src/sl_board_control_gpio.o
LOAD ./simplicity_sdk_2025.6.3/hardware/board/src/sl_board_init.o
LOAD ./simplicity_sdk_2025.6.3/platform/Device/SiliconLabs/BGM22/Source/startup_bgm22.o
LOAD ./simplicity_sdk_2025.6.3/platform/Device/SiliconLabs/BGM22/Source/system_bgm22.o
LOAD ./simplicity_sdk_2025.6.3/platform/common/src/sl_assert.o
LOAD ./simplicity_sdk_2025.6.3/platform/common/src/sl_core_cortexm.o
LOAD ./simplicity_sdk_2025.6.3/platform/common/src/sl_syscalls.o
LOAD ./simplicity_sdk_2025.6.3/platform/driver/gpio/src/sl_gpio.o
LOAD ./simplicity_sdk_2025.6.3/platform/emlib/src/em_cmu.o
LOAD ./simplicity_sdk_2025.6.3/platform/emlib/src/em_emu.o
LOAD ./simplicity_sdk_2025.6.3/platform/emlib/src/em_gpio.o
LOAD ./simplicity_sdk_2025.6.3/platform/emlib/src/em_msc.o
LOAD ./simplicity_sdk_2025.6.3/platform/emlib/src/em_system.o
LOAD ./simplicity_sdk_2025.6.3/platform/peripheral/src/sl_hal_gpio.o
LOAD ./simplicity_sdk_2025.6.3/platform/service/clock_manager/src/sl_clock_manager.o
LOAD ./simplicity_sdk_2025.6.3/platform/service/clock_manager/src/sl_clock_manager_hal_s2.o
LOAD ./simplicity_sdk_2025.6.3/platform/service/clock_manager/src/sl_clock_manager_init.o
LOAD ./simplicity_sdk_2025.6.3/platform/service/clock_manager/src/sl_clock_manager_init_hal_s2.o
LOAD ./simplicity_sdk_2025.6.3/platform/service/device_init/src/sl_device_init_dcdc_s2.o
LOAD ./simplicity_sdk_2025.6.3/platform/service/device_init/src/sl_device_init_emu_s2.o
LOAD ./simplicity_sdk_2025.6.3/platform/service/device_manager/clocks/sl_device_clock_efr32xg22.o
LOAD ./simplicity_sdk_2025.6.3/platform/service/device_manager/src/sl_device_clock.o
LOAD ./simplicity_sdk_2025.6.3/platform/service/device_manager/src/sl_device_gpio.o
LOAD ./simplicity_sdk_2025.6.3/platform/service/interrupt_manager/src/sl_interrupt_manager_cortexm.o
LOAD ./simplicity_sdk_2025.6.3/platform/service/memory_manager/src/sl_memory_manager_region.o
LOAD ./simplicity_sdk_2025.6.3/platform/service/sl_main/src/sl_main_init.o
LOAD ./simplicity_sdk_2025.6.3/platform/service/sl_main/src/sl_main_init_memory.o
LOAD ./simplicity_sdk_2025.6.3/platform/service/sl_main/src/sl_main_process_action.o
LOAD ./src/app_1.o
LOAD c:/siliconlabs/simplicitystudio/v5/developer/toolchains/gnu_arm/12.2.rel1_2023.7/bin/../lib/gcc/arm-none-eabi/12.2.1/thumb/v8-m.main+fp/hard\libgcc.a
LOAD c:/siliconlabs/simplicitystudio/v5/developer/toolchains/gnu_arm/12.2.rel1_2023.7/bin/../lib/gcc/arm-none-eabi/12.2.1/thumb/v8-m.main+fp/hard\libc_nano.a
LOAD c:/siliconlabs/simplicitystudio/v5/developer/toolchains/gnu_arm/12.2.rel1_2023.7/bin/../lib/gcc/arm-none-eabi/12.2.1/thumb/v8-m.main+fp/hard\libm.a
LOAD c:/siliconlabs/simplicitystudio/v5/developer/toolchains/gnu_arm/12.2.rel1_2023.7/bin/../lib/gcc/arm-none-eabi/12.2.1/thumb/v8-m.main+fp/hard\libnosys.a
END GROUP
START GROUP
LOAD c:/siliconlabs/simplicitystudio/v5/developer/toolchains/gnu_arm/12.2.rel1_2023.7/bin/../lib/gcc/arm-none-eabi/12.2.1/thumb/v8-m.main+fp/hard\libgcc.a
LOAD c:/siliconlabs/simplicitystudio/v5/developer/toolchains/gnu_arm/12.2.rel1_2023.7/bin/../lib/gcc/arm-none-eabi/12.2.1/thumb/v8-m.main+fp/hard\libc_nano.a
LOAD c:/siliconlabs/simplicitystudio/v5/developer/toolchains/gnu_arm/12.2.rel1_2023.7/bin/../lib/gcc/arm-none-eabi/12.2.1/thumb/v8-m.main+fp/hard\libnosys.a
END GROUP
START GROUP
LOAD c:/siliconlabs/simplicitystudio/v5/developer/toolchains/gnu_arm/12.2.rel1_2023.7/bin/../lib/gcc/arm-none-eabi/12.2.1/thumb/v8-m.main+fp/hard\libgcc.a
LOAD c:/siliconlabs/simplicitystudio/v5/developer/toolchains/gnu_arm/12.2.rel1_2023.7/bin/../lib/gcc/arm-none-eabi/12.2.1/thumb/v8-m.main+fp/hard\libg_nano.a
LOAD c:/siliconlabs/simplicitystudio/v5/developer/toolchains/gnu_arm/12.2.rel1_2023.7/bin/../lib/gcc/arm-none-eabi/12.2.1/thumb/v8-m.main+fp/hard\libc_nano.a
END GROUP
START GROUP
LOAD c:/siliconlabs/simplicitystudio/v5/developer/toolchains/gnu_arm/12.2.rel1_2023.7/bin/../lib/gcc/arm-none-eabi/12.2.1/thumb/v8-m.main+fp/hard\libgcc.a
LOAD c:/siliconlabs/simplicitystudio/v5/developer/toolchains/gnu_arm/12.2.rel1_2023.7/bin/../lib/gcc/arm-none-eabi/12.2.1/thumb/v8-m.main+fp/hard\libc_nano.a
END GROUP
LOAD c:/siliconlabs/simplicitystudio/v5/developer/toolchains/gnu_arm/12.2.rel1_2023.7/bin/../lib/gcc/arm-none-eabi/12.2.1/thumb/v8-m.main+fp/hard/crtend.o
LOAD c:/siliconlabs/simplicitystudio/v5/developer/toolchains/gnu_arm/12.2.rel1_2023.7/bin/../lib/gcc/arm-none-eabi/12.2.1/thumb/v8-m.main+fp/hard/crtn.o

.vectors        0x00010200      0x140
                0x00010200                linker_vectors_begin = .
 *(.vectors)
 .vectors       0x00010200      0x140 ./simplicity_sdk_2025.6.3/platform/Device/SiliconLabs/BGM22/Source/startup_bgm22.o
                0x00010200                __Vectors
                0x00010340                linker_vectors_end = .
                0x00010340                __Vectors_End = .
                0x00010340                __Vectors_Size = (__Vectors_End - __Vectors)

.stack          0x20000000     0x1000
                0x20000000                . = ALIGN (0x8)
                0x20000000                __StackLimit = .
 *(.stack*)
 .stack         0x20000000     0x1000 ./simplicity_sdk_2025.6.3/platform/service/memory_manager/src/sl_memory_manager_region.o
                0x20001000                . = ALIGN (0x4)
                0x20001000                __StackTop = .
                0x20001000                PROVIDE (__stack = __StackTop)

.bss            0x20001000      0x18c
                0x20001000                . = ALIGN (0x4)
                0x20001000                __bss_start__ = .
 *(SORT_BY_ALIGNMENT(.bss*))
 .bss.object.0  0x20001000       0x18 c:/siliconlabs/simplicitystudio/v5/developer/toolchains/gnu_arm/12.2.rel1_2023.7/bin/../lib/gcc/arm-none-eabi/12.2.1/thumb/v8-m.main+fp/hard/crtbegin.o
 .bss.gpio_interrupts
                0x20001018      0x168 ./simplicity_sdk_2025.6.3/platform/driver/gpio/src/sl_gpio.o
 .bss.__stdio_exit_handler
                0x20001180        0x4 c:/siliconlabs/simplicitystudio/v5/developer/toolchains/gnu_arm/12.2.rel1_2023.7/bin/../lib/gcc/arm-none-eabi/12.2.1/thumb/v8-m.main+fp/hard\libc_nano.a(libc_a-findfp.o)
                0x20001180                __stdio_exit_handler
 .bss.completed.1
                0x20001184        0x1 c:/siliconlabs/simplicitystudio/v5/developer/toolchains/gnu_arm/12.2.rel1_2023.7/bin/../lib/gcc/arm-none-eabi/12.2.1/thumb/v8-m.main+fp/hard/crtbegin.o
 .bss.pclkDiv   0x20001185        0x1 ./simplicity_sdk_2025.6.3/platform/emlib/src/em_cmu.o
 .bss.ctuneDelta
                0x20001186        0x1 ./simplicity_sdk_2025.6.3/platform/emlib/src/em_cmu.o
 .bss.vScaleEM01Config
                0x20001187        0x1 ./simplicity_sdk_2025.6.3/platform/emlib/src/em_emu.o
 .bss.is_interrupt_manager_initialized
                0x20001188        0x1 ./simplicity_sdk_2025.6.3/platform/service/interrupt_manager/src/sl_interrupt_manager_cortexm.o
 *(COMMON)
                0x2000118c                . = ALIGN (0x4)
 *fill*         0x20001189        0x3 
                0x2000118c                __bss_end__ = .

.noinit
 *(.noinit*)

text_application_ram
                0x2000118c        0x0 load address 0x00010340
                0x2000118c                . = ALIGN (0x4)
                0x2000118c                __vma_ramfuncs_start__ = .
                0x2000118c                __text_application_ram_start__ = .
 *(text_application_ram)
                0x2000118c                . = ALIGN (0x4)
                0x2000118c                __vma_ramfuncs_end__ = .
                0x2000118c                __text_application_ram_end__ = .
                0x00010340                __lma_ramfuncs_start__ = LOADADDR (text_application_ram)
                0x00010340                __lma_ramfuncs_end__ = (LOADADDR (text_application_ram) + SIZEOF (text_application_ram))

.rodata         0x00010340        0x0
                0x00010340                __rodata_end__ = .

.text           0x00010340     0x1f84
                0x00010340                linker_code_begin = .
 *(SORT_BY_ALIGNMENT(.text*))
 .text.deregister_tm_clones
                0x00010340       0x1c c:/siliconlabs/simplicitystudio/v5/developer/toolchains/gnu_arm/12.2.rel1_2023.7/bin/../lib/gcc/arm-none-eabi/12.2.1/thumb/v8-m.main+fp/hard/crtbegin.o
 .text.register_tm_clones
                0x0001035c       0x28 c:/siliconlabs/simplicitystudio/v5/developer/toolchains/gnu_arm/12.2.rel1_2023.7/bin/../lib/gcc/arm-none-eabi/12.2.1/thumb/v8-m.main+fp/hard/crtbegin.o
 .text.__do_global_dtors_aux
                0x00010384       0x28 c:/siliconlabs/simplicitystudio/v5/developer/toolchains/gnu_arm/12.2.rel1_2023.7/bin/../lib/gcc/arm-none-eabi/12.2.1/thumb/v8-m.main+fp/hard/crtbegin.o
 .text.frame_dummy
                0x000103ac       0x24 c:/siliconlabs/simplicitystudio/v5/developer/toolchains/gnu_arm/12.2.rel1_2023.7/bin/../lib/gcc/arm-none-eabi/12.2.1/thumb/v8-m.main+fp/hard/crtbegin.o
 .text          0x000103d0       0x7c c:/siliconlabs/simplicitystudio/v5/developer/toolchains/gnu_arm/12.2.rel1_2023.7/bin/../lib/gcc/arm-none-eabi/12.2.1/thumb/v8-m.main+fp/hard/crt0.o
                0x000103d0                _stack_init
                0x000103d8                _start
                0x000103d8                _mainCRTStartup
 .text.sl_board_init
                0x0001044c       0x14 ./simplicity_sdk_2025.6.3/hardware/board/src/sl_board_init.o
                0x0001044c                sl_board_init
 .text.sl_board_preinit
                0x00010460        0xc ./simplicity_sdk_2025.6.3/hardware/board/src/sl_board_init.o
                0x00010460                sl_board_preinit
 .text.CopyToRam
                0x0001046c       0x1c ./simplicity_sdk_2025.6.3/platform/Device/SiliconLabs/BGM22/Source/startup_bgm22.o
                0x0001046c                CopyToRam
 .text.Reset_Handler
                0x00010488       0x6c ./simplicity_sdk_2025.6.3/platform/Device/SiliconLabs/BGM22/Source/startup_bgm22.o
                0x00010488                Reset_Handler
 .text.SystemInit
                0x000104f4       0x64 ./simplicity_sdk_2025.6.3/platform/Device/SiliconLabs/BGM22/Source/system_bgm22.o
                0x000104f4                SystemInit
 .text.SystemHFRCODPLLClockSet
                0x00010558        0xc ./simplicity_sdk_2025.6.3/platform/Device/SiliconLabs/BGM22/Source/system_bgm22.o
                0x00010558                SystemHFRCODPLLClockSet
 .text.SystemHFXOClockSet
                0x00010564       0x20 ./simplicity_sdk_2025.6.3/platform/Device/SiliconLabs/BGM22/Source/system_bgm22.o
                0x00010564                SystemHFXOClockSet
 .text.sl_gpio_dispatch_interrupt
                0x00010584       0x5c ./simplicity_sdk_2025.6.3/platform/driver/gpio/src/sl_gpio.o
 .text.sl_gpio_init
                0x000105e0       0x38 ./simplicity_sdk_2025.6.3/platform/driver/gpio/src/sl_gpio.o
                0x000105e0                sl_gpio_init
 .text.GPIO_EVEN_IRQHandler
                0x00010618       0x20 ./simplicity_sdk_2025.6.3/platform/driver/gpio/src/sl_gpio.o
                0x00010618                GPIO_EVEN_IRQHandler
 .text.GPIO_ODD_IRQHandler
                0x00010638       0x20 ./simplicity_sdk_2025.6.3/platform/driver/gpio/src/sl_gpio.o
                0x00010638                GPIO_ODD_IRQHandler
 .text.EMU_VScaleGet
                0x00010658       0x18 ./simplicity_sdk_2025.6.3/platform/emlib/src/em_cmu.o
 .text.dpllRefClkGet
                0x00010670       0x48 ./simplicity_sdk_2025.6.3/platform/emlib/src/em_cmu.o
 .text.em01GrpaClkGet
                0x000106b8       0x48 ./simplicity_sdk_2025.6.3/platform/emlib/src/em_cmu.o
 .text.em23GrpaClkGet
                0x00010700       0x48 ./simplicity_sdk_2025.6.3/platform/emlib/src/em_cmu.o
 .text.em4GrpaClkGet
                0x00010748       0x48 ./simplicity_sdk_2025.6.3/platform/emlib/src/em_cmu.o
 .text.em01GrpbClkGet
                0x00010790       0x74 ./simplicity_sdk_2025.6.3/platform/emlib/src/em_cmu.o
 .text.iadcClkGet
                0x00010804       0x54 ./simplicity_sdk_2025.6.3/platform/emlib/src/em_cmu.o
 .text.wdog0ClkGet
                0x00010858       0x64 ./simplicity_sdk_2025.6.3/platform/emlib/src/em_cmu.o
 .text.rtccClkGet
                0x000108bc       0x54 ./simplicity_sdk_2025.6.3/platform/emlib/src/em_cmu.o
 .text.HFRCODPLLDevinfoGet
                0x00010910      0x108 ./simplicity_sdk_2025.6.3/platform/emlib/src/em_cmu.o
 .text.euart0ClkGet
                0x00010a18       0x48 ./simplicity_sdk_2025.6.3/platform/emlib/src/em_cmu.o
 .text.CMU_ClockDivGet
                0x00010a60       0x84 ./simplicity_sdk_2025.6.3/platform/emlib/src/em_cmu.o
                0x00010a60                CMU_ClockDivGet
 .text.flashWaitStateControl
                0x00010ae4       0x4c ./simplicity_sdk_2025.6.3/platform/emlib/src/em_cmu.o
 .text.CMU_ClockEnable
                0x00010b30       0x54 ./simplicity_sdk_2025.6.3/platform/emlib/src/em_cmu.o
                0x00010b30                CMU_ClockEnable
 .text.CMU_ClockFreqGet
                0x00010b84      0x280 ./simplicity_sdk_2025.6.3/platform/emlib/src/em_cmu.o
                0x00010b84                CMU_ClockFreqGet
 .text.rhclkPrescOptimize
                0x00010e04       0x20 ./simplicity_sdk_2025.6.3/platform/emlib/src/em_cmu.o
 .text.CMU_ClockSelectGet
                0x00010e24      0x148 ./simplicity_sdk_2025.6.3/platform/emlib/src/em_cmu.o
                0x00010e24                CMU_ClockSelectGet
 .text.sli_em_cmu_SYSTICEXTCLKENClear
                0x00010f6c       0x30 ./simplicity_sdk_2025.6.3/platform/emlib/src/em_cmu.o
                0x00010f6c                sli_em_cmu_SYSTICEXTCLKENClear
 .text.CMU_HFXOInit
                0x00010f9c      0x1dc ./simplicity_sdk_2025.6.3/platform/emlib/src/em_cmu.o
                0x00010f9c                CMU_HFXOInit
 .text.CMU_HFXOCTuneDeltaGet
                0x00011178        0xc ./simplicity_sdk_2025.6.3/platform/emlib/src/em_cmu.o
                0x00011178                CMU_HFXOCTuneDeltaGet
 .text.CMU_LFXOInit
                0x00011184       0xc4 ./simplicity_sdk_2025.6.3/platform/emlib/src/em_cmu.o
                0x00011184                CMU_LFXOInit
 .text.CMU_LFXOPrecisionSet
                0x00011248        0xc ./simplicity_sdk_2025.6.3/platform/emlib/src/em_cmu.o
                0x00011248                CMU_LFXOPrecisionSet
 .text.CMU_HFXOPrecisionSet
                0x00011254        0xc ./simplicity_sdk_2025.6.3/platform/emlib/src/em_cmu.o
                0x00011254                CMU_HFXOPrecisionSet
 .text.CMU_LFRCOSetPrecision
                0x00011260       0x80 ./simplicity_sdk_2025.6.3/platform/emlib/src/em_cmu.o
                0x00011260                CMU_LFRCOSetPrecision
 .text.CMU_ClockDivSet
                0x000112e0      0x104 ./simplicity_sdk_2025.6.3/platform/emlib/src/em_cmu.o
                0x000112e0                CMU_ClockDivSet
 .text.sli_em_cmu_SYSCLKInitPreClockSelect
                0x000113e4       0x30 ./simplicity_sdk_2025.6.3/platform/emlib/src/em_cmu.o
                0x000113e4                sli_em_cmu_SYSCLKInitPreClockSelect
 .text.pclkDivOptimize
                0x00011414       0x24 ./simplicity_sdk_2025.6.3/platform/emlib/src/em_cmu.o
 .text.sli_em_cmu_SYSCLKInitPostClockSelect
                0x00011438       0x40 ./simplicity_sdk_2025.6.3/platform/emlib/src/em_cmu.o
                0x00011438                sli_em_cmu_SYSCLKInitPostClockSelect
 .text.CMU_HFRCODPLLBandSet
                0x00011478      0x11c ./simplicity_sdk_2025.6.3/platform/emlib/src/em_cmu.o
                0x00011478                CMU_HFRCODPLLBandSet
 .text.EMU_EM4Init
                0x00011594       0x14 ./simplicity_sdk_2025.6.3/platform/emlib/src/em_emu.o
                0x00011594                EMU_EM4Init
 .text.EMU_VScaleEM01
                0x000115a8       0xa8 ./simplicity_sdk_2025.6.3/platform/emlib/src/em_emu.o
                0x000115a8                EMU_VScaleEM01
 .text.EMU_VScaleEM01ByClock
                0x00011650       0x30 ./simplicity_sdk_2025.6.3/platform/emlib/src/em_emu.o
                0x00011650                EMU_VScaleEM01ByClock
 .text.EMU_DCDCModeSet
                0x00011680       0xb8 ./simplicity_sdk_2025.6.3/platform/emlib/src/em_emu.o
                0x00011680                EMU_DCDCModeSet
 .text.EMU_DCDCInit
                0x00011738       0x74 ./simplicity_sdk_2025.6.3/platform/emlib/src/em_emu.o
                0x00011738                EMU_DCDCInit
 .text.GPIO_PinOutSet
                0x000117ac       0x40 ./simplicity_sdk_2025.6.3/platform/emlib/src/em_gpio.o
 .text.GPIO_PinOutClear
                0x000117ec       0x40 ./simplicity_sdk_2025.6.3/platform/emlib/src/em_gpio.o
 .text.GPIO_PinModeSet
                0x0001182c       0x90 ./simplicity_sdk_2025.6.3/platform/emlib/src/em_gpio.o
                0x0001182c                GPIO_PinModeSet
 .text.SYSTEM_GetProdRev
                0x000118bc       0x10 ./simplicity_sdk_2025.6.3/platform/emlib/src/em_system.o
                0x000118bc                SYSTEM_GetProdRev
 .text.sl_hal_gpio_get_enabled_pending_interrupts
                0x000118cc       0x14 ./simplicity_sdk_2025.6.3/platform/peripheral/src/sl_hal_gpio.o
                0x000118cc                sl_hal_gpio_get_enabled_pending_interrupts
 .text.sli_clock_manager_hal_init
                0x000118e0      0x1e8 ./simplicity_sdk_2025.6.3/platform/service/clock_manager/src/sl_clock_manager_init_hal_s2.o
                0x000118e0                sli_clock_manager_hal_init
 .text.sl_device_init_dcdc
                0x00011ac8       0x20 ./simplicity_sdk_2025.6.3/platform/service/device_init/src/sl_device_init_dcdc_s2.o
                0x00011ac8                sl_device_init_dcdc
 .text.sl_device_init_emu
                0x00011ae8       0x24 ./simplicity_sdk_2025.6.3/platform/service/device_init/src/sl_device_init_emu_s2.o
                0x00011ae8                sl_device_init_emu
 .text.sl_interrupt_manager_enable_irq
                0x00011b0c       0x34 ./simplicity_sdk_2025.6.3/platform/service/interrupt_manager/src/sl_interrupt_manager_cortexm.o
                0x00011b0c                sl_interrupt_manager_enable_irq
 .text.sl_interrupt_manager_is_irq_disabled
                0x00011b40       0x30 ./simplicity_sdk_2025.6.3/platform/service/interrupt_manager/src/sl_interrupt_manager_cortexm.o
                0x00011b40                sl_interrupt_manager_is_irq_disabled
 .text.sl_interrupt_manager_clear_irq_pending
                0x00011b70       0x1c ./simplicity_sdk_2025.6.3/platform/service/interrupt_manager/src/sl_interrupt_manager_cortexm.o
                0x00011b70                sl_interrupt_manager_clear_irq_pending
 .text.sl_interrupt_manager_set_irq_priority
                0x00011b8c       0x54 ./simplicity_sdk_2025.6.3/platform/service/interrupt_manager/src/sl_interrupt_manager_cortexm.o
                0x00011b8c                sl_interrupt_manager_set_irq_priority
 .text.sl_interrupt_manager_init
                0x00011be0       0x34 ./simplicity_sdk_2025.6.3/platform/service/interrupt_manager/src/sl_interrupt_manager_cortexm.o
                0x00011be0                sl_interrupt_manager_init
 .text.sl_main_init
                0x00011c14       0x5c ./simplicity_sdk_2025.6.3/platform/service/sl_main/src/sl_main_init.o
                0x00011c14                sl_main_init
 .text.APP_Run  0x00011c70       0x68 ./src/app_1.o
                0x00011c70                APP_Run
 .text.exit     0x00011cd8       0x24 c:/siliconlabs/simplicitystudio/v5/developer/toolchains/gnu_arm/12.2.rel1_2023.7/bin/../lib/gcc/arm-none-eabi/12.2.1/thumb/v8-m.main+fp/hard\libc_nano.a(libc_a-exit.o)
                0x00011cd8                exit
 .text.__libc_init_array
                0x00011cfc       0x48 c:/siliconlabs/simplicitystudio/v5/developer/toolchains/gnu_arm/12.2.rel1_2023.7/bin/../lib/gcc/arm-none-eabi/12.2.1/thumb/v8-m.main+fp/hard\libc_nano.a(libc_a-init.o)
                0x00011cfc                __libc_init_array
 .text.app_init
                0x00011d44        0x4 ./app.o
                0x00011d44                app_init
 .text.app_process_action
                0x00011d48        0x2 ./app.o
                0x00011d48                app_process_action
 .text.startup.main
                0x00011d4a       0x14 ./main.o
                0x00011d4a                main
 .text.sl_board_default_init
                0x00011d5e        0x2 ./autogen/sl_board_default_init.o
                0x00011d5e                sl_board_default_init
 .text.sli_driver_permanent_allocation
                0x00011d60        0x2 ./autogen/sl_event_handler.o
                0x00011d60                sli_driver_permanent_allocation
 .text.sli_service_permanent_allocation
                0x00011d62        0x2 ./autogen/sl_event_handler.o
                0x00011d62                sli_service_permanent_allocation
 .text.sli_stack_permanent_allocation
                0x00011d64        0x2 ./autogen/sl_event_handler.o
                0x00011d64                sli_stack_permanent_allocation
 .text.sli_internal_permanent_allocation
                0x00011d66        0x2 ./autogen/sl_event_handler.o
                0x00011d66                sli_internal_permanent_allocation
 .text.sl_platform_init
                0x00011d68       0x12 ./autogen/sl_event_handler.o
                0x00011d68                sl_platform_init
 .text.sli_internal_init_early
                0x00011d7a        0x2 ./autogen/sl_event_handler.o
                0x00011d7a                sli_internal_init_early
 .text.sl_driver_init
                0x00011d7c        0x4 ./autogen/sl_event_handler.o
                0x00011d7c                sl_driver_init
 .text.sl_service_init
                0x00011d80        0x4 ./autogen/sl_event_handler.o
                0x00011d80                sl_service_init
 .text.sl_stack_init
                0x00011d84        0x2 ./autogen/sl_event_handler.o
                0x00011d84                sl_stack_init
 .text.sl_internal_app_init
                0x00011d86        0x2 ./autogen/sl_event_handler.o
                0x00011d86                sl_internal_app_init
 .text.sli_platform_process_action
                0x00011d88        0x2 ./autogen/sl_event_handler.o
                0x00011d88                sli_platform_process_action
 .text.sli_service_process_action
                0x00011d8a        0x2 ./autogen/sl_event_handler.o
                0x00011d8a                sli_service_process_action
 .text.sli_stack_process_action
                0x00011d8c        0x2 ./autogen/sl_event_handler.o
                0x00011d8c                sli_stack_process_action
 .text.sli_internal_app_process_action
                0x00011d8e        0x2 ./autogen/sl_event_handler.o
                0x00011d8e                sli_internal_app_process_action
 .text.sl_board_configure_vcom
                0x00011d90        0x4 ./simplicity_sdk_2025.6.3/hardware/board/src/sl_board_control_gpio.o
                0x00011d90                sl_board_configure_vcom
 .text.Default_Handler
                0x00011d94        0x2 ./simplicity_sdk_2025.6.3/platform/Device/SiliconLabs/BGM22/Source/startup_bgm22.o
                0x00011d94                ULFRCO_IRQHandler
                0x00011d94                SW2_IRQHandler
                0x00011d94                TIMER2_IRQHandler
                0x00011d94                DebugMon_Handler
                0x00011d94                PKE_IRQHandler
                0x00011d94                USART0_TX_IRQHandler
                0x00011d94                PRORTC_IRQHandler
                0x00011d94                IADC_IRQHandler
                0x00011d94                I2C0_IRQHandler
                0x00011d94                LFXO_IRQHandler
                0x00011d94                CRYPTOACC_IRQHandler
                0x00011d94                HardFault_Handler
                0x00011d94                SMU_SECURE_IRQHandler
                0x00011d94                SysTick_Handler
                0x00011d94                USART1_RX_IRQHandler
                0x00011d94                EMUEFP_IRQHandler
                0x00011d94                PendSV_Handler
                0x00011d94                NMI_Handler
                0x00011d94                SYNTH_IRQHandler
                0x00011d94                HFXO0_IRQHandler
                0x00011d94                I2C1_IRQHandler
                0x00011d94                PDM_IRQHandler
                0x00011d94                WDOG0_IRQHandler
                0x00011d94                TIMER3_IRQHandler
                0x00011d94                SYSCFG_IRQHandler
                0x00011d94                EMUSE_IRQHandler
                0x00011d94                EMUDG_IRQHandler
                0x00011d94                USART1_TX_IRQHandler
                0x00011d94                MSC_IRQHandler
                0x00011d94                DPLL0_IRQHandler
                0x00011d94                UsageFault_Handler
                0x00011d94                M33CTI1_IRQHandler
                0x00011d94                TIMER4_IRQHandler
                0x00011d94                LDMA_IRQHandler
                0x00011d94                SW0_IRQHandler
                0x00011d94                TIMER0_IRQHandler
                0x00011d94                LETIMER0_IRQHandler
                0x00011d94                TIMER1_IRQHandler
                0x00011d94                HFRCO0_IRQHandler
                0x00011d94                RFSENSE_IRQHandler
                0x00011d94                SecureFault_Handler
                0x00011d94                BUFC_IRQHandler
                0x00011d94                DCDC_IRQHandler
                0x00011d94                MODEM_IRQHandler
                0x00011d94                Default_Handler
                0x00011d94                RAC_SEQ_IRQHandler
                0x00011d94                FRC_PRI_IRQHandler
                0x00011d94                EMU_IRQHandler
                0x00011d94                SW3_IRQHandler
                0x00011d94                KERNEL0_IRQHandler
                0x00011d94                FRC_IRQHandler
                0x00011d94                KERNEL1_IRQHandler
                0x00011d94                AGC_IRQHandler
                0x00011d94                sl_app_properties
                0x00011d94                BURTC_IRQHandler
                0x00011d94                LFRCO_IRQHandler
                0x00011d94                USART0_RX_IRQHandler
                0x00011d94                MemManage_Handler
                0x00011d94                RDMAILBOX_IRQHandler
                0x00011d94                SVC_Handler
                0x00011d94                RTCC_IRQHandler
                0x00011d94                SMU_S_PRIVILEGED_IRQHandler
                0x00011d94                SW1_IRQHandler
                0x00011d94                CMU_IRQHandler
                0x00011d94                RAC_RSM_IRQHandler
                0x00011d94                EUART0_TX_IRQHandler
                0x00011d94                EUART0_RX_IRQHandler
                0x00011d94                AES_IRQHandler
                0x00011d94                M33CTI0_IRQHandler
                0x00011d94                ICACHE0_IRQHandler
                0x00011d94                SMU_NS_PRIVILEGED_IRQHandler
                0x00011d94                PROTIMER_IRQHandler
                0x00011d94                BusFault_Handler
                0x00011d94                TRNG_IRQHandler
 .text.CopyMemory
                0x00011d96       0x1a ./simplicity_sdk_2025.6.3/platform/Device/SiliconLabs/BGM22/Source/startup_bgm22.o
                0x00011d96                CopyMemory
 .text.assertEFM
                0x00011db0        0x2 ./simplicity_sdk_2025.6.3/platform/common/src/sl_assert.o
                0x00011db0                assertEFM
 .text._exit    0x00011db2        0x2 ./simplicity_sdk_2025.6.3/platform/common/src/sl_syscalls.o
                0x00011db2                _exit
 .text.waitStateMax
                0x00011db4       0x10 ./simplicity_sdk_2025.6.3/platform/emlib/src/em_cmu.o
 .text.CMU_UpdateWaitStates
                0x00011dc4        0xc ./simplicity_sdk_2025.6.3/platform/emlib/src/em_cmu.o
                0x00011dc4                CMU_UpdateWaitStates
 .text.pclkDivMax
                0x00011dd0        0xa ./simplicity_sdk_2025.6.3/platform/emlib/src/em_cmu.o
 .text.EMU_EFPEM01VScale
                0x00011dda        0x2 ./simplicity_sdk_2025.6.3/platform/emlib/src/em_emu.o
                0x00011dda                EMU_EFPEM01VScale
 .text.EMU_DCDCUpdatedHook
                0x00011ddc        0x2 ./simplicity_sdk_2025.6.3/platform/emlib/src/em_emu.o
                0x00011ddc                EMU_DCDCUpdatedHook
 .text.BUS_RegMaskedWrite
                0x00011dde       0x1e ./simplicity_sdk_2025.6.3/platform/emlib/src/em_gpio.o
 .text.sl_clock_manager_runtime_init
                0x00011dfc        0x4 ./simplicity_sdk_2025.6.3/platform/service/clock_manager/src/sl_clock_manager.o
                0x00011dfc                sl_clock_manager_runtime_init
 .text.sli_clock_manager_hal_runtime_init
                0x00011e00        0x4 ./simplicity_sdk_2025.6.3/platform/service/clock_manager/src/sl_clock_manager_hal_s2.o
                0x00011e00                sli_clock_manager_hal_runtime_init
 .text.sl_clock_manager_init
                0x00011e04        0x4 ./simplicity_sdk_2025.6.3/platform/service/clock_manager/src/sl_clock_manager_init.o
                0x00011e04                sl_clock_manager_init
 .text.app_init_pre_clock
                0x00011e08        0x2 ./simplicity_sdk_2025.6.3/platform/service/sl_main/src/sl_main_init.o
                0x00011e08                app_init_pre_clock
 .text.app_init_early
                0x00011e0a        0x2 ./simplicity_sdk_2025.6.3/platform/service/sl_main/src/sl_main_init.o
                0x00011e0a                app_init_early
 .text.sl_main_second_stage_init
                0x00011e0c       0x1a ./simplicity_sdk_2025.6.3/platform/service/sl_main/src/sl_main_init.o
                0x00011e0c                sl_main_second_stage_init
 .text.app_permanent_memory_alloc
                0x00011e26        0x2 ./simplicity_sdk_2025.6.3/platform/service/sl_main/src/sl_main_init_memory.o
                0x00011e26                app_permanent_memory_alloc
 .text.sli_allocate_permanent_memory
                0x00011e28       0x18 ./simplicity_sdk_2025.6.3/platform/service/sl_main/src/sl_main_init_memory.o
                0x00011e28                sli_allocate_permanent_memory
 .text.sl_main_process_action
                0x00011e40       0x16 ./simplicity_sdk_2025.6.3/platform/service/sl_main/src/sl_main_process_action.o
                0x00011e40                sl_main_process_action
 .text.memset   0x00011e56       0x10 c:/siliconlabs/simplicitystudio/v5/developer/toolchains/gnu_arm/12.2.rel1_2023.7/bin/../lib/gcc/arm-none-eabi/12.2.1/thumb/v8-m.main+fp/hard\libc_nano.a(libc_a-memset.o)
                0x00011e56                memset
 *(SORT_BY_ALIGNMENT(text_*))
 *fill*         0x00011e66        0x2 
 text_system_timecritical19213
                0x00011e68        0xc ./simplicity_sdk_2025.6.3/platform/Device/SiliconLabs/BGM22/Source/system_bgm22.o
                0x00011e68                SystemHFRCODPLLClockGet
 text_system_timecritical20216
                0x00011e74       0x40 ./simplicity_sdk_2025.6.3/platform/Device/SiliconLabs/BGM22/Source/system_bgm22.o
                0x00011e74                SystemSYSCLKGet
 text_system_timecritical16169
                0x00011eb4       0x24 ./simplicity_sdk_2025.6.3/platform/Device/SiliconLabs/BGM22/Source/system_bgm22.o
                0x00011eb4                SystemHCLKGet
 text_system_timecritical21218
                0x00011ed8        0x8 ./simplicity_sdk_2025.6.3/platform/Device/SiliconLabs/BGM22/Source/system_bgm22.o
                0x00011ed8                SystemMaxCoreClockGet
 text_system_timecritical22220
                0x00011ee0        0x8 ./simplicity_sdk_2025.6.3/platform/Device/SiliconLabs/BGM22/Source/system_bgm22.o
                0x00011ee0                SystemFSRCOClockGet
 text_system_timecritical23222
                0x00011ee8        0xc ./simplicity_sdk_2025.6.3/platform/Device/SiliconLabs/BGM22/Source/system_bgm22.o
                0x00011ee8                SystemHFXOClockGet
 text_system_timecritical24225
                0x00011ef4        0x8 ./simplicity_sdk_2025.6.3/platform/Device/SiliconLabs/BGM22/Source/system_bgm22.o
                0x00011ef4                SystemCLKIN0Get
 text_system_timecritical25227
                0x00011efc        0xc ./simplicity_sdk_2025.6.3/platform/Device/SiliconLabs/BGM22/Source/system_bgm22.o
                0x00011efc                SystemLFXOClockGet
 text_clock_manager_timecritical2674
                0x00011f08       0x54 ./simplicity_sdk_2025.6.3/platform/service/clock_manager/src/sl_clock_manager_hal_s2.o
                0x00011f08                sli_clock_manager_hal_enable_bus_clock
 text_system_timecritical26230
                0x00011f5c        0x6 ./simplicity_sdk_2025.6.3/platform/Device/SiliconLabs/BGM22/Source/system_bgm22.o
                0x00011f5c                SystemLFRCOClockGet
 text_system_timecritical27232
                0x00011f62        0x6 ./simplicity_sdk_2025.6.3/platform/Device/SiliconLabs/BGM22/Source/system_bgm22.o
                0x00011f62                SystemULFRCOClockGet
 text_core_timecritical2307
                0x00011f68        0xa ./simplicity_sdk_2025.6.3/platform/common/src/sl_core_cortexm.o
                0x00011f68                CORE_ExitCritical
 text_core_timecritical4331
                0x00011f72        0x8 ./simplicity_sdk_2025.6.3/platform/common/src/sl_core_cortexm.o
                0x00011f72                CORE_EnterCritical
 text_core_timecritical7363
                0x00011f7a        0xa ./simplicity_sdk_2025.6.3/platform/common/src/sl_core_cortexm.o
                0x00011f7a                CORE_ExitAtomic
 text_core_timecritical9387
                0x00011f84        0xc ./simplicity_sdk_2025.6.3/platform/common/src/sl_core_cortexm.o
                0x00011f84                CORE_EnterAtomic
 text_clock_manager_timecritical2380
                0x00011f90        0x6 ./simplicity_sdk_2025.6.3/platform/service/clock_manager/src/sl_clock_manager.o
                0x00011f90                sl_clock_manager_enable_bus_clock
                0x00011fa0                . = ALIGN (0x20)
 *fill*         0x00011f96        0xa 
                0x00011fa0                linker_code_end = .
 *(.init)
 .init          0x00011fa0        0x4 c:/siliconlabs/simplicitystudio/v5/developer/toolchains/gnu_arm/12.2.rel1_2023.7/bin/../lib/gcc/arm-none-eabi/12.2.1/thumb/v8-m.main+fp/hard/crti.o
                0x00011fa0                _init
 .init          0x00011fa4        0x8 c:/siliconlabs/simplicitystudio/v5/developer/toolchains/gnu_arm/12.2.rel1_2023.7/bin/../lib/gcc/arm-none-eabi/12.2.1/thumb/v8-m.main+fp/hard/crtn.o
 *(.fini)
 .fini          0x00011fac        0x4 c:/siliconlabs/simplicitystudio/v5/developer/toolchains/gnu_arm/12.2.rel1_2023.7/bin/../lib/gcc/arm-none-eabi/12.2.1/thumb/v8-m.main+fp/hard/crti.o
                0x00011fac                _fini
 .fini          0x00011fb0        0x8 c:/siliconlabs/simplicitystudio/v5/developer/toolchains/gnu_arm/12.2.rel1_2023.7/bin/../lib/gcc/arm-none-eabi/12.2.1/thumb/v8-m.main+fp/hard/crtn.o
 *crtbegin.o(.ctors)
 *crtbegin?.o(.ctors)
 *(EXCLUDE_FILE(*crtend.o *crtend?.o) .ctors)
 *(SORT_BY_NAME(.ctors.*))
 *(.ctors)
 *crtbegin.o(.dtors)
 *crtbegin?.o(.dtors)
 *(EXCLUDE_FILE(*crtend.o *crtend?.o) .dtors)
 *(SORT_BY_NAME(.dtors.*))
 *(.dtors)
 *(.rodata*)
 .rodata.em01GrpbClkGet.str1.1
                0x00011fb8       0x37 ./simplicity_sdk_2025.6.3/platform/emlib/src/em_cmu.o
 .rodata.EMU_VScaleEM01.str1.1
                0x00011fef       0x37 ./simplicity_sdk_2025.6.3/platform/emlib/src/em_emu.o
 .rodata.GPIO_PinOutSet.str1.1
                0x00012026       0x7b ./simplicity_sdk_2025.6.3/platform/emlib/src/em_gpio.o
 .rodata.GPIO_ExtIntConfig.str1.1
                0x000120a1       0x38 ./simplicity_sdk_2025.6.3/platform/emlib/src/em_gpio.o
 *fill*         0x000120d9        0x1 
 .rodata.CSWTCH.32
                0x000120da        0x8 ./simplicity_sdk_2025.6.3/platform/emlib/src/em_gpio.o
 .rodata.str1.1
                0x000120e2       0xd2 ./simplicity_sdk_2025.6.3/platform/service/clock_manager/src/sl_clock_manager_hal_s2.o
 .rodata.sli_clock_manager_hal_init.str1.1
                0x000121b4       0x5d ./simplicity_sdk_2025.6.3/platform/service/clock_manager/src/sl_clock_manager_init_hal_s2.o
 *fill*         0x00012211        0x3 
 .rodata        0x00012214       0x3c ./simplicity_sdk_2025.6.3/platform/service/clock_manager/src/sl_clock_manager_init_hal_s2.o
 .rodata        0x00012250        0x8 ./simplicity_sdk_2025.6.3/platform/service/device_init/src/sl_device_init_dcdc_s2.o
 .rodata.SL_BUS_CLOCK_LFRCO_VALUE
                0x00012258        0x4 ./simplicity_sdk_2025.6.3/platform/service/device_manager/clocks/sl_device_clock_efr32xg22.o
                0x00012258                SL_BUS_CLOCK_LFRCO_VALUE
 .rodata.SL_BUS_CLOCK_GPIO_VALUE
                0x0001225c        0x4 ./simplicity_sdk_2025.6.3/platform/service/device_manager/clocks/sl_device_clock_efr32xg22.o
                0x0001225c                SL_BUS_CLOCK_GPIO_VALUE
 .rodata.sl_interrupt_manager_disable_irq.str1.1
                0x00012260       0x61 ./simplicity_sdk_2025.6.3/platform/service/interrupt_manager/src/sl_interrupt_manager_cortexm.o
 *(.eh_frame*)
 *fill*         0x000122c1        0x3 
 .eh_frame      0x000122c4        0x0 c:/siliconlabs/simplicitystudio/v5/developer/toolchains/gnu_arm/12.2.rel1_2023.7/bin/../lib/gcc/arm-none-eabi/12.2.1/thumb/v8-m.main+fp/hard/crtbegin.o

.glue_7         0x000122c4        0x0
 .glue_7        0x000122c4        0x0 linker stubs

.glue_7t        0x000122c4        0x0
 .glue_7t       0x000122c4        0x0 linker stubs

.vfp11_veneer   0x000122c4        0x0
 .vfp11_veneer  0x000122c4        0x0 linker stubs

.v4_bx          0x000122c4        0x0
 .v4_bx         0x000122c4        0x0 linker stubs

.iplt           0x000122c4        0x0
 .iplt          0x000122c4        0x0 c:/siliconlabs/simplicitystudio/v5/developer/toolchains/gnu_arm/12.2.rel1_2023.7/bin/../lib/gcc/arm-none-eabi/12.2.1/thumb/v8-m.main+fp/hard/crtbegin.o

.ARM.extab
 *(.ARM.extab* .gnu.linkonce.armextab.*)
                0x000122c4                __exidx_start = .

.ARM.exidx      0x000122c4        0x8
 *(.ARM.exidx* .gnu.linkonce.armexidx.*)
 .ARM.exidx     0x000122c4        0x8 c:/siliconlabs/simplicitystudio/v5/developer/toolchains/gnu_arm/12.2.rel1_2023.7/bin/../lib/gcc/arm-none-eabi/12.2.1/thumb/v8-m.main+fp/hard/crt0.o
                                 0x10 (size before relaxing)
                0x000122cc                __exidx_end = .

.copy.table     0x000122cc        0xc
                0x000122cc                . = ALIGN (0x4)
                0x000122cc                __copy_table_start__ = .
                0x000122cc        0x4 LONG 0x122d8 __etext
                0x000122d0        0x4 LONG 0x2000118c __data_start__
                0x000122d4        0x4 LONG 0x7 ((__data_end__ - __data_start__) / 0x4)
                0x000122d8                __copy_table_end__ = .

.rel.dyn        0x000122d8        0x0
 .rel.iplt      0x000122d8        0x0 c:/siliconlabs/simplicitystudio/v5/developer/toolchains/gnu_arm/12.2.rel1_2023.7/bin/../lib/gcc/arm-none-eabi/12.2.1/thumb/v8-m.main+fp/hard/crtbegin.o

.zero.table     0x000122d8        0x0
                0x000122d8                . = ALIGN (0x4)
                0x000122d8                __zero_table_start__ = .
                0x000122d8                __zero_table_end__ = .
                0x000122d8                __etext = .

.data           0x2000118c       0x1c load address 0x000122d8
                0x2000118c                . = ALIGN (0x4)
                0x2000118c                __data_start__ = .
 *(vtable)
 *(SORT_BY_ALIGNMENT(.data*))
 .data.SystemCoreClock
                0x2000118c        0x4 ./simplicity_sdk_2025.6.3/platform/Device/SiliconLabs/BGM22/Source/system_bgm22.o
                0x2000118c                SystemCoreClock
 .data.SystemHFRCODPLLClock
                0x20001190        0x4 ./simplicity_sdk_2025.6.3/platform/Device/SiliconLabs/BGM22/Source/system_bgm22.o
 .data.SystemLFXOClock
                0x20001194        0x4 ./simplicity_sdk_2025.6.3/platform/Device/SiliconLabs/BGM22/Source/system_bgm22.o
 .data.SystemHFXOClock
                0x20001198        0x4 ./simplicity_sdk_2025.6.3/platform/Device/SiliconLabs/BGM22/Source/system_bgm22.o
 .data.hfxo_precision
                0x2000119c        0x2 ./simplicity_sdk_2025.6.3/platform/emlib/src/em_cmu.o
 .data.lfxo_precision
                0x2000119e        0x2 ./simplicity_sdk_2025.6.3/platform/emlib/src/em_cmu.o
                0x200011a0                . = ALIGN (0x4)
                0x200011a0                . = ALIGN (0x4)
                0x200011a0                PROVIDE (__preinit_array_start = .)
 *(.preinit_array)
                0x200011a0                PROVIDE (__preinit_array_end = .)
                0x200011a0                . = ALIGN (0x4)
                0x200011a0                PROVIDE (__init_array_start = .)
 *(SORT_BY_NAME(.init_array.*))
 *(.init_array)
 .init_array    0x200011a0        0x4 c:/siliconlabs/simplicitystudio/v5/developer/toolchains/gnu_arm/12.2.rel1_2023.7/bin/../lib/gcc/arm-none-eabi/12.2.1/thumb/v8-m.main+fp/hard/crtbegin.o
                0x200011a4                PROVIDE (__init_array_end = .)
                0x200011a4                . = ALIGN (0x4)
                [!provide]                PROVIDE (__fini_array_start = .)
 *(SORT_BY_NAME(.fini_array.*))
 *(.fini_array)
 .fini_array    0x200011a4        0x4 c:/siliconlabs/simplicitystudio/v5/developer/toolchains/gnu_arm/12.2.rel1_2023.7/bin/../lib/gcc/arm-none-eabi/12.2.1/thumb/v8-m.main+fp/hard/crtbegin.o
                [!provide]                PROVIDE (__fini_array_end = .)
                0x200011a8                . = ALIGN (0x4)
                0x200011a8                __data_end__ = .
                0x20008000                heap_limit = (ORIGIN (RAM) + LENGTH (RAM))
                0x00006e58                heap_size = (heap_limit - __HeapBase)

.tm_clone_table
                0x200011a8        0x0 load address 0x000122f4
 .tm_clone_table
                0x200011a8        0x0 c:/siliconlabs/simplicitystudio/v5/developer/toolchains/gnu_arm/12.2.rel1_2023.7/bin/../lib/gcc/arm-none-eabi/12.2.1/thumb/v8-m.main+fp/hard/crtbegin.o
 .tm_clone_table
                0x200011a8        0x0 c:/siliconlabs/simplicitystudio/v5/developer/toolchains/gnu_arm/12.2.rel1_2023.7/bin/../lib/gcc/arm-none-eabi/12.2.1/thumb/v8-m.main+fp/hard/crtend.o

.igot.plt       0x200011a8        0x0 load address 0x000122f4
 .igot.plt      0x200011a8        0x0 c:/siliconlabs/simplicitystudio/v5/developer/toolchains/gnu_arm/12.2.rel1_2023.7/bin/../lib/gcc/arm-none-eabi/12.2.1/thumb/v8-m.main+fp/hard/crtbegin.o

.heap           0x200011a8     0x6e58 load address 0x000122f4
                0x200011a8                . = ALIGN (0x8)
                0x200011a8                __HeapBase = .
                0x20008000                . = (. + heap_size)
 *fill*         0x200011a8     0x6e58 
                0x20008000                __end__ = .
                0x20008000                _end = __end__
 *(.heap*)
                0x20008000                __HeapLimit = (ORIGIN (RAM) + LENGTH (RAM))
                0x00006e58                __heap_size = (__HeapLimit - __HeapBase)
                0x20008000                __ram_end__ = 0x20008000
                0x00020000                __main_flash_end__ = 0x20000

.internal_storage
 *(.internal_storage*)

.nvm
 *(.simee*)
                0x2000118c                __ramfuncs_start__ = __vma_ramfuncs_start__
                0x2000118c                __ramfuncs_end__ = __vma_ramfuncs_end__
                0x00020000                linker_nvm_end = __main_flash_end__
                0x00020000                linker_nvm_begin = (linker_nvm_end - SIZEOF (.nvm))
                0x00020000                linker_storage_end = linker_nvm_begin
                0x00020000                __nvm3Base = linker_nvm_begin
                0x00020000                linker_storage_begin = (linker_storage_end - SIZEOF (.internal_storage))
                0x00000001                ASSERT ((linker_storage_begin >= (__etext + SIZEOF (.data))), FLASH memory overflowed !)
OUTPUT(raw.axf elf32-littlearm)
LOAD linker stubs

.ARM.attributes
                0x00000000       0x36
 .ARM.attributes
                0x00000000       0x26 c:/siliconlabs/simplicitystudio/v5/developer/toolchains/gnu_arm/12.2.rel1_2023.7/bin/../lib/gcc/arm-none-eabi/12.2.1/thumb/v8-m.main+fp/hard/crti.o
 .ARM.attributes
                0x00000026       0x38 c:/siliconlabs/simplicitystudio/v5/developer/toolchains/gnu_arm/12.2.rel1_2023.7/bin/../lib/gcc/arm-none-eabi/12.2.1/thumb/v8-m.main+fp/hard/crtbegin.o
 .ARM.attributes
                0x0000005e       0x24 c:/siliconlabs/simplicitystudio/v5/developer/toolchains/gnu_arm/12.2.rel1_2023.7/bin/../lib/gcc/arm-none-eabi/12.2.1/thumb/v8-m.main+fp/hard/crt0.o
 .ARM.attributes
                0x00000082       0x3a ./app.o
 .ARM.attributes
                0x000000bc       0x3a ./main.o
 .ARM.attributes
                0x000000f6       0x3a ./autogen/sl_board_default_init.o
 .ARM.attributes
                0x00000130       0x3a ./autogen/sl_event_handler.o
 .ARM.attributes
                0x0000016a       0x3a ./simplicity_sdk_2025.6.3/hardware/board/src/sl_board_control_gpio.o
 .ARM.attributes
                0x000001a4       0x3a ./simplicity_sdk_2025.6.3/hardware/board/src/sl_board_init.o
 .ARM.attributes
                0x000001de       0x3a ./simplicity_sdk_2025.6.3/platform/Device/SiliconLabs/BGM22/Source/startup_bgm22.o
 .ARM.attributes
                0x00000218       0x3a ./simplicity_sdk_2025.6.3/platform/Device/SiliconLabs/BGM22/Source/system_bgm22.o
 .ARM.attributes
                0x00000252       0x3a ./simplicity_sdk_2025.6.3/platform/common/src/sl_assert.o
 .ARM.attributes
                0x0000028c       0x3a ./simplicity_sdk_2025.6.3/platform/common/src/sl_core_cortexm.o
 .ARM.attributes
                0x000002c6       0x3a ./simplicity_sdk_2025.6.3/platform/common/src/sl_syscalls.o
 .ARM.attributes
                0x00000300       0x3a ./simplicity_sdk_2025.6.3/platform/driver/gpio/src/sl_gpio.o
 .ARM.attributes
                0x0000033a       0x3a ./simplicity_sdk_2025.6.3/platform/emlib/src/em_cmu.o
 .ARM.attributes
                0x00000374       0x3a ./simplicity_sdk_2025.6.3/platform/emlib/src/em_emu.o
 .ARM.attributes
                0x000003ae       0x3a ./simplicity_sdk_2025.6.3/platform/emlib/src/em_gpio.o
 .ARM.attributes
                0x000003e8       0x3a ./simplicity_sdk_2025.6.3/platform/emlib/src/em_system.o
 .ARM.attributes
                0x00000422       0x3a ./simplicity_sdk_2025.6.3/platform/peripheral/src/sl_hal_gpio.o
 .ARM.attributes
                0x0000045c       0x3a ./simplicity_sdk_2025.6.3/platform/service/clock_manager/src/sl_clock_manager.o
 .ARM.attributes
                0x00000496       0x3a ./simplicity_sdk_2025.6.3/platform/service/clock_manager/src/sl_clock_manager_hal_s2.o
 .ARM.attributes
                0x000004d0       0x3a ./simplicity_sdk_2025.6.3/platform/service/clock_manager/src/sl_clock_manager_init.o
 .ARM.attributes
                0x0000050a       0x3a ./simplicity_sdk_2025.6.3/platform/service/clock_manager/src/sl_clock_manager_init_hal_s2.o
 .ARM.attributes
                0x00000544       0x3a ./simplicity_sdk_2025.6.3/platform/service/device_init/src/sl_device_init_dcdc_s2.o
 .ARM.attributes
                0x0000057e       0x3a ./simplicity_sdk_2025.6.3/platform/service/device_init/src/sl_device_init_emu_s2.o
 .ARM.attributes
                0x000005b8       0x3a ./simplicity_sdk_2025.6.3/platform/service/device_manager/clocks/sl_device_clock_efr32xg22.o
 .ARM.attributes
                0x000005f2       0x3a ./simplicity_sdk_2025.6.3/platform/service/interrupt_manager/src/sl_interrupt_manager_cortexm.o
 .ARM.attributes
                0x0000062c       0x3a ./simplicity_sdk_2025.6.3/platform/service/memory_manager/src/sl_memory_manager_region.o
 .ARM.attributes
                0x00000666       0x3a ./simplicity_sdk_2025.6.3/platform/service/sl_main/src/sl_main_init.o
 .ARM.attributes
                0x000006a0       0x3a ./simplicity_sdk_2025.6.3/platform/service/sl_main/src/sl_main_init_memory.o
 .ARM.attributes
                0x000006da       0x3a ./simplicity_sdk_2025.6.3/platform/service/sl_main/src/sl_main_process_action.o
 .ARM.attributes
                0x00000714       0x3a ./src/app_1.o
 .ARM.attributes
                0x0000074e       0x38 c:/siliconlabs/simplicitystudio/v5/developer/toolchains/gnu_arm/12.2.rel1_2023.7/bin/../lib/gcc/arm-none-eabi/12.2.1/thumb/v8-m.main+fp/hard\libc_nano.a(libc_a-exit.o)
 .ARM.attributes
                0x00000786       0x38 c:/siliconlabs/simplicitystudio/v5/developer/toolchains/gnu_arm/12.2.rel1_2023.7/bin/../lib/gcc/arm-none-eabi/12.2.1/thumb/v8-m.main+fp/hard\libc_nano.a(libc_a-findfp.o)
 .ARM.attributes
                0x000007be       0x38 c:/siliconlabs/simplicitystudio/v5/developer/toolchains/gnu_arm/12.2.rel1_2023.7/bin/../lib/gcc/arm-none-eabi/12.2.1/thumb/v8-m.main+fp/hard\libc_nano.a(libc_a-memset.o)
 .ARM.attributes
                0x000007f6       0x38 c:/siliconlabs/simplicitystudio/v5/developer/toolchains/gnu_arm/12.2.rel1_2023.7/bin/../lib/gcc/arm-none-eabi/12.2.1/thumb/v8-m.main+fp/hard\libc_nano.a(libc_a-init.o)
 .ARM.attributes
                0x0000082e       0x38 c:/siliconlabs/simplicitystudio/v5/developer/toolchains/gnu_arm/12.2.rel1_2023.7/bin/../lib/gcc/arm-none-eabi/12.2.1/thumb/v8-m.main+fp/hard/crtend.o
 .ARM.attributes
                0x00000866       0x26 c:/siliconlabs/simplicitystudio/v5/developer/toolchains/gnu_arm/12.2.rel1_2023.7/bin/../lib/gcc/arm-none-eabi/12.2.1/thumb/v8-m.main+fp/hard/crtn.o

.comment        0x00000000       0x45
 .comment       0x00000000       0x45 ./app.o
                                 0x46 (size before relaxing)
 .comment       0x00000045       0x46 ./main.o
 .comment       0x00000045       0x46 ./autogen/sl_board_default_init.o
 .comment       0x00000045       0x46 ./autogen/sl_event_handler.o
 .comment       0x00000045       0x46 ./simplicity_sdk_2025.6.3/hardware/board/src/sl_board_control_gpio.o
 .comment       0x00000045       0x46 ./simplicity_sdk_2025.6.3/hardware/board/src/sl_board_init.o
 .comment       0x00000045       0x46 ./simplicity_sdk_2025.6.3/platform/Device/SiliconLabs/BGM22/Source/startup_bgm22.o
 .comment       0x00000045       0x46 ./simplicity_sdk_2025.6.3/platform/Device/SiliconLabs/BGM22/Source/system_bgm22.o
 .comment       0x00000045       0x46 ./simplicity_sdk_2025.6.3/platform/common/src/sl_assert.o
 .comment       0x00000045       0x46 ./simplicity_sdk_2025.6.3/platform/common/src/sl_core_cortexm.o
 .comment       0x00000045       0x46 ./simplicity_sdk_2025.6.3/platform/common/src/sl_syscalls.o
 .comment       0x00000045       0x46 ./simplicity_sdk_2025.6.3/platform/driver/gpio/src/sl_gpio.o
 .comment       0x00000045       0x46 ./simplicity_sdk_2025.6.3/platform/emlib/src/em_cmu.o
 .comment       0x00000045       0x46 ./simplicity_sdk_2025.6.3/platform/emlib/src/em_emu.o
 .comment       0x00000045       0x46 ./simplicity_sdk_2025.6.3/platform/emlib/src/em_gpio.o
 .comment       0x00000045       0x46 ./simplicity_sdk_2025.6.3/platform/emlib/src/em_system.o
 .comment       0x00000045       0x46 ./simplicity_sdk_2025.6.3/platform/peripheral/src/sl_hal_gpio.o
 .comment       0x00000045       0x46 ./simplicity_sdk_2025.6.3/platform/service/clock_manager/src/sl_clock_manager.o
 .comment       0x00000045       0x46 ./simplicity_sdk_2025.6.3/platform/service/clock_manager/src/sl_clock_manager_hal_s2.o
 .comment       0x00000045       0x46 ./simplicity_sdk_2025.6.3/platform/service/clock_manager/src/sl_clock_manager_init.o
 .comment       0x00000045       0x46 ./simplicity_sdk_2025.6.3/platform/service/clock_manager/src/sl_clock_manager_init_hal_s2.o
 .comment       0x00000045       0x46 ./simplicity_sdk_2025.6.3/platform/service/device_init/src/sl_device_init_dcdc_s2.o
 .comment       0x00000045       0x46 ./simplicity_sdk_2025.6.3/platform/service/device_init/src/sl_device_init_emu_s2.o
 .comment       0x00000045       0x46 ./simplicity_sdk_2025.6.3/platform/service/device_manager/clocks/sl_device_clock_efr32xg22.o
 .comment       0x00000045       0x46 ./simplicity_sdk_2025.6.3/platform/service/interrupt_manager/src/sl_interrupt_manager_cortexm.o
 .comment       0x00000045       0x46 ./simplicity_sdk_2025.6.3/platform/service/memory_manager/src/sl_memory_manager_region.o
 .comment       0x00000045       0x46 ./simplicity_sdk_2025.6.3/platform/service/sl_main/src/sl_main_init.o
 .comment       0x00000045       0x46 ./simplicity_sdk_2025.6.3/platform/service/sl_main/src/sl_main_init_memory.o
 .comment       0x00000045       0x46 ./simplicity_sdk_2025.6.3/platform/service/sl_main/src/sl_main_process_action.o
 .comment       0x00000045       0x46 ./src/app_1.o

.debug_line_str
                0x00000000       0xe7
 .debug_line_str
                0x00000000       0xe7 c:/siliconlabs/simplicitystudio/v5/developer/toolchains/gnu_arm/12.2.rel1_2023.7/bin/../lib/gcc/arm-none-eabi/12.2.1/thumb/v8-m.main+fp/hard/crt0.o

.debug_info     0x00000000    0x23d04
 .debug_info    0x00000000       0x6c ./app.o
 .debug_info    0x0000006c       0xa4 ./main.o
 .debug_info    0x00000110       0x86 ./autogen/sl_board_default_init.o
 .debug_info    0x00000196      0x1e9 ./autogen/sl_event_handler.o
 .debug_info    0x0000037f      0x3c2 ./simplicity_sdk_2025.6.3/hardware/board/src/sl_board_control_gpio.o
 .debug_info    0x00000741      0x13f ./simplicity_sdk_2025.6.3/hardware/board/src/sl_board_init.o
 .debug_info    0x00000880      0x440 ./simplicity_sdk_2025.6.3/platform/Device/SiliconLabs/BGM22/Source/startup_bgm22.o
 .debug_info    0x00000cc0     0x1e2c ./simplicity_sdk_2025.6.3/platform/Device/SiliconLabs/BGM22/Source/system_bgm22.o
 .debug_info    0x00002aec       0x86 ./simplicity_sdk_2025.6.3/platform/common/src/sl_assert.o
 .debug_info    0x00002b72      0x9d3 ./simplicity_sdk_2025.6.3/platform/common/src/sl_core_cortexm.o
 .debug_info    0x00003545      0x2c7 ./simplicity_sdk_2025.6.3/platform/common/src/sl_syscalls.o
 .debug_info    0x0000380c     0x37f9 ./simplicity_sdk_2025.6.3/platform/driver/gpio/src/sl_gpio.o
 .debug_info    0x00007005     0x79ec ./simplicity_sdk_2025.6.3/platform/emlib/src/em_cmu.o
 .debug_info    0x0000e9f1     0x4c0f ./simplicity_sdk_2025.6.3/platform/emlib/src/em_emu.o
 .debug_info    0x00013600     0x21df ./simplicity_sdk_2025.6.3/platform/emlib/src/em_gpio.o
 .debug_info    0x000157df     0x1b89 ./simplicity_sdk_2025.6.3/platform/emlib/src/em_system.o
 .debug_info    0x00017368     0x2d4f ./simplicity_sdk_2025.6.3/platform/peripheral/src/sl_hal_gpio.o
 .debug_info    0x0001a0b7      0xc46 ./simplicity_sdk_2025.6.3/platform/service/clock_manager/src/sl_clock_manager.o
 .debug_info    0x0001acfd     0x28e3 ./simplicity_sdk_2025.6.3/platform/service/clock_manager/src/sl_clock_manager_hal_s2.o
 .debug_info    0x0001d5e0       0xc9 ./simplicity_sdk_2025.6.3/platform/service/clock_manager/src/sl_clock_manager_init.o
 .debug_info    0x0001d6a9     0x1a54 ./simplicity_sdk_2025.6.3/platform/service/clock_manager/src/sl_clock_manager_init_hal_s2.o
 .debug_info    0x0001f0fd      0x2c7 ./simplicity_sdk_2025.6.3/platform/service/device_init/src/sl_device_init_dcdc_s2.o
 .debug_info    0x0001f3c4      0x9b9 ./simplicity_sdk_2025.6.3/platform/service/device_init/src/sl_device_init_emu_s2.o
 .debug_info    0x0001fd7d      0x650 ./simplicity_sdk_2025.6.3/platform/service/device_manager/clocks/sl_device_clock_efr32xg22.o
 .debug_info    0x000203cd     0x1129 ./simplicity_sdk_2025.6.3/platform/service/interrupt_manager/src/sl_interrupt_manager_cortexm.o
 .debug_info    0x000214f6      0x1e8 ./simplicity_sdk_2025.6.3/platform/service/memory_manager/src/sl_memory_manager_region.o
 .debug_info    0x000216de      0xebc ./simplicity_sdk_2025.6.3/platform/service/sl_main/src/sl_main_init.o
 .debug_info    0x0002259a       0xfb ./simplicity_sdk_2025.6.3/platform/service/sl_main/src/sl_main_init_memory.o
 .debug_info    0x00022695       0x93 ./simplicity_sdk_2025.6.3/platform/service/sl_main/src/sl_main_process_action.o
 .debug_info    0x00022728     0x15dc ./src/app_1.o

.debug_abbrev   0x00000000     0x3e18
 .debug_abbrev  0x00000000       0x6b ./app.o
 .debug_abbrev  0x0000006b       0x70 ./main.o
 .debug_abbrev  0x000000db       0x46 ./autogen/sl_board_default_init.o
 .debug_abbrev  0x00000121      0x10c ./autogen/sl_event_handler.o
 .debug_abbrev  0x0000022d      0x185 ./simplicity_sdk_2025.6.3/hardware/board/src/sl_board_control_gpio.o
 .debug_abbrev  0x000003b2       0xed ./simplicity_sdk_2025.6.3/hardware/board/src/sl_board_init.o
 .debug_abbrev  0x0000049f      0x28b ./simplicity_sdk_2025.6.3/platform/Device/SiliconLabs/BGM22/Source/startup_bgm22.o
 .debug_abbrev  0x0000072a      0x30d ./simplicity_sdk_2025.6.3/platform/Device/SiliconLabs/BGM22/Source/system_bgm22.o
 .debug_abbrev  0x00000a37       0x6c ./simplicity_sdk_2025.6.3/platform/common/src/sl_assert.o
 .debug_abbrev  0x00000aa3      0x27b ./simplicity_sdk_2025.6.3/platform/common/src/sl_core_cortexm.o
 .debug_abbrev  0x00000d1e      0x143 ./simplicity_sdk_2025.6.3/platform/common/src/sl_syscalls.o
 .debug_abbrev  0x00000e61      0x48a ./simplicity_sdk_2025.6.3/platform/driver/gpio/src/sl_gpio.o
 .debug_abbrev  0x000012eb      0x5d7 ./simplicity_sdk_2025.6.3/platform/emlib/src/em_cmu.o
 .debug_abbrev  0x000018c2      0x572 ./simplicity_sdk_2025.6.3/platform/emlib/src/em_emu.o
 .debug_abbrev  0x00001e34      0x34f ./simplicity_sdk_2025.6.3/platform/emlib/src/em_gpio.o
 .debug_abbrev  0x00002183      0x2b9 ./simplicity_sdk_2025.6.3/platform/emlib/src/em_system.o
 .debug_abbrev  0x0000243c      0x4db ./simplicity_sdk_2025.6.3/platform/peripheral/src/sl_hal_gpio.o
 .debug_abbrev  0x00002917      0x1ba ./simplicity_sdk_2025.6.3/platform/service/clock_manager/src/sl_clock_manager.o
 .debug_abbrev  0x00002ad1      0x40d ./simplicity_sdk_2025.6.3/platform/service/clock_manager/src/sl_clock_manager_hal_s2.o
 .debug_abbrev  0x00002ede       0x89 ./simplicity_sdk_2025.6.3/platform/service/clock_manager/src/sl_clock_manager_init.o
 .debug_abbrev  0x00002f67      0x2ae ./simplicity_sdk_2025.6.3/platform/service/clock_manager/src/sl_clock_manager_init_hal_s2.o
 .debug_abbrev  0x00003215       0xf8 ./simplicity_sdk_2025.6.3/platform/service/device_init/src/sl_device_init_dcdc_s2.o
 .debug_abbrev  0x0000330d      0x14b ./simplicity_sdk_2025.6.3/platform/service/device_init/src/sl_device_init_emu_s2.o
 .debug_abbrev  0x00003458       0x6d ./simplicity_sdk_2025.6.3/platform/service/device_manager/clocks/sl_device_clock_efr32xg22.o
 .debug_abbrev  0x000034c5      0x3d8 ./simplicity_sdk_2025.6.3/platform/service/interrupt_manager/src/sl_interrupt_manager_cortexm.o
 .debug_abbrev  0x0000389d      0x11e ./simplicity_sdk_2025.6.3/platform/service/memory_manager/src/sl_memory_manager_region.o
 .debug_abbrev  0x000039bb      0x18f ./simplicity_sdk_2025.6.3/platform/service/sl_main/src/sl_main_init.o
 .debug_abbrev  0x00003b4a       0x80 ./simplicity_sdk_2025.6.3/platform/service/sl_main/src/sl_main_init_memory.o
 .debug_abbrev  0x00003bca       0x5c ./simplicity_sdk_2025.6.3/platform/service/sl_main/src/sl_main_process_action.o
 .debug_abbrev  0x00003c26      0x1f2 ./src/app_1.o

.debug_aranges  0x00000000      0xdc8
 .debug_aranges
                0x00000000       0x28 ./app.o
 .debug_aranges
                0x00000028       0x20 ./main.o
 .debug_aranges
                0x00000048       0x20 ./autogen/sl_board_default_init.o
 .debug_aranges
                0x00000068       0x88 ./autogen/sl_event_handler.o
 .debug_aranges
                0x000000f0       0x70 ./simplicity_sdk_2025.6.3/hardware/board/src/sl_board_control_gpio.o
 .debug_aranges
                0x00000160       0x28 ./simplicity_sdk_2025.6.3/hardware/board/src/sl_board_init.o
 .debug_aranges
                0x00000188       0x38 ./simplicity_sdk_2025.6.3/platform/Device/SiliconLabs/BGM22/Source/startup_bgm22.o
 .debug_aranges
                0x000001c0       0x88 ./simplicity_sdk_2025.6.3/platform/Device/SiliconLabs/BGM22/Source/system_bgm22.o
 .debug_aranges
                0x00000248       0x20 ./simplicity_sdk_2025.6.3/platform/common/src/sl_assert.o
 .debug_aranges
                0x00000268       0xa0 ./simplicity_sdk_2025.6.3/platform/common/src/sl_core_cortexm.o
 .debug_aranges
                0x00000308       0x68 ./simplicity_sdk_2025.6.3/platform/common/src/sl_syscalls.o
 .debug_aranges
                0x00000370      0x108 ./simplicity_sdk_2025.6.3/platform/driver/gpio/src/sl_gpio.o
 .debug_aranges
                0x00000478      0x1c8 ./simplicity_sdk_2025.6.3/platform/emlib/src/em_cmu.o
 .debug_aranges
                0x00000640      0x120 ./simplicity_sdk_2025.6.3/platform/emlib/src/em_emu.o
 .debug_aranges
                0x00000760       0x68 ./simplicity_sdk_2025.6.3/platform/emlib/src/em_gpio.o
 .debug_aranges
                0x000007c8       0x78 ./simplicity_sdk_2025.6.3/platform/emlib/src/em_system.o
 .debug_aranges
                0x00000840      0x150 ./simplicity_sdk_2025.6.3/platform/peripheral/src/sl_hal_gpio.o
 .debug_aranges
                0x00000990      0x100 ./simplicity_sdk_2025.6.3/platform/service/clock_manager/src/sl_clock_manager.o
 .debug_aranges
                0x00000a90       0xf0 ./simplicity_sdk_2025.6.3/platform/service/clock_manager/src/sl_clock_manager_hal_s2.o
 .debug_aranges
                0x00000b80       0x20 ./simplicity_sdk_2025.6.3/platform/service/clock_manager/src/sl_clock_manager_init.o
 .debug_aranges
                0x00000ba0       0x20 ./simplicity_sdk_2025.6.3/platform/service/clock_manager/src/sl_clock_manager_init_hal_s2.o
 .debug_aranges
                0x00000bc0       0x20 ./simplicity_sdk_2025.6.3/platform/service/device_init/src/sl_device_init_dcdc_s2.o
 .debug_aranges
                0x00000be0       0x20 ./simplicity_sdk_2025.6.3/platform/service/device_init/src/sl_device_init_emu_s2.o
 .debug_aranges
                0x00000c00       0x18 ./simplicity_sdk_2025.6.3/platform/service/device_manager/clocks/sl_device_clock_efr32xg22.o
 .debug_aranges
                0x00000c18       0xd0 ./simplicity_sdk_2025.6.3/platform/service/interrupt_manager/src/sl_interrupt_manager_cortexm.o
 .debug_aranges
                0x00000ce8       0x30 ./simplicity_sdk_2025.6.3/platform/service/memory_manager/src/sl_memory_manager_region.o
 .debug_aranges
                0x00000d18       0x48 ./simplicity_sdk_2025.6.3/platform/service/sl_main/src/sl_main_init.o
 .debug_aranges
                0x00000d60       0x28 ./simplicity_sdk_2025.6.3/platform/service/sl_main/src/sl_main_init_memory.o
 .debug_aranges
                0x00000d88       0x20 ./simplicity_sdk_2025.6.3/platform/service/sl_main/src/sl_main_process_action.o
 .debug_aranges
                0x00000da8       0x20 ./src/app_1.o

.debug_ranges   0x00000000     0x1310
 .debug_ranges  0x00000000       0x18 ./app.o
 .debug_ranges  0x00000018       0x10 ./main.o
 .debug_ranges  0x00000028       0x10 ./autogen/sl_board_default_init.o
 .debug_ranges  0x00000038       0x78 ./autogen/sl_event_handler.o
 .debug_ranges  0x000000b0       0x60 ./simplicity_sdk_2025.6.3/hardware/board/src/sl_board_control_gpio.o
 .debug_ranges  0x00000110       0x18 ./simplicity_sdk_2025.6.3/hardware/board/src/sl_board_init.o
 .debug_ranges  0x00000128       0x90 ./simplicity_sdk_2025.6.3/platform/Device/SiliconLabs/BGM22/Source/startup_bgm22.o
 .debug_ranges  0x000001b8       0x78 ./simplicity_sdk_2025.6.3/platform/Device/SiliconLabs/BGM22/Source/system_bgm22.o
 .debug_ranges  0x00000230       0x10 ./simplicity_sdk_2025.6.3/platform/common/src/sl_assert.o
 .debug_ranges  0x00000240       0x90 ./simplicity_sdk_2025.6.3/platform/common/src/sl_core_cortexm.o
 .debug_ranges  0x000002d0       0x58 ./simplicity_sdk_2025.6.3/platform/common/src/sl_syscalls.o
 .debug_ranges  0x00000328      0x1f0 ./simplicity_sdk_2025.6.3/platform/driver/gpio/src/sl_gpio.o
 .debug_ranges  0x00000518      0x348 ./simplicity_sdk_2025.6.3/platform/emlib/src/em_cmu.o
 .debug_ranges  0x00000860      0x2b0 ./simplicity_sdk_2025.6.3/platform/emlib/src/em_emu.o
 .debug_ranges  0x00000b10       0x88 ./simplicity_sdk_2025.6.3/platform/emlib/src/em_gpio.o
 .debug_ranges  0x00000b98       0x80 ./simplicity_sdk_2025.6.3/platform/emlib/src/em_system.o
 .debug_ranges  0x00000c18      0x1f8 ./simplicity_sdk_2025.6.3/platform/peripheral/src/sl_hal_gpio.o
 .debug_ranges  0x00000e10       0xf0 ./simplicity_sdk_2025.6.3/platform/service/clock_manager/src/sl_clock_manager.o
 .debug_ranges  0x00000f00      0x118 ./simplicity_sdk_2025.6.3/platform/service/clock_manager/src/sl_clock_manager_hal_s2.o
 .debug_ranges  0x00001018       0x10 ./simplicity_sdk_2025.6.3/platform/service/clock_manager/src/sl_clock_manager_init.o
 .debug_ranges  0x00001028       0xa0 ./simplicity_sdk_2025.6.3/platform/service/clock_manager/src/sl_clock_manager_init_hal_s2.o
 .debug_ranges  0x000010c8       0x10 ./simplicity_sdk_2025.6.3/platform/service/device_init/src/sl_device_init_dcdc_s2.o
 .debug_ranges  0x000010d8       0x10 ./simplicity_sdk_2025.6.3/platform/service/device_init/src/sl_device_init_emu_s2.o
 .debug_ranges  0x000010e8      0x120 ./simplicity_sdk_2025.6.3/platform/service/interrupt_manager/src/sl_interrupt_manager_cortexm.o
 .debug_ranges  0x00001208       0x20 ./simplicity_sdk_2025.6.3/platform/service/memory_manager/src/sl_memory_manager_region.o
 .debug_ranges  0x00001228       0x38 ./simplicity_sdk_2025.6.3/platform/service/sl_main/src/sl_main_init.o
 .debug_ranges  0x00001260       0x18 ./simplicity_sdk_2025.6.3/platform/service/sl_main/src/sl_main_init_memory.o
 .debug_ranges  0x00001278       0x10 ./simplicity_sdk_2025.6.3/platform/service/sl_main/src/sl_main_process_action.o
 .debug_ranges  0x00001288       0x88 ./src/app_1.o

.debug_line     0x00000000     0xc6c2
 .debug_line    0x00000000       0x61 ./app.o
 .debug_line    0x00000061      0x104 ./main.o
 .debug_line    0x00000165       0x55 ./autogen/sl_board_default_init.o
 .debug_line    0x000001ba      0x46f ./autogen/sl_event_handler.o
 .debug_line    0x00000629      0x435 ./simplicity_sdk_2025.6.3/hardware/board/src/sl_board_control_gpio.o
 .debug_line    0x00000a5e      0x33d ./simplicity_sdk_2025.6.3/hardware/board/src/sl_board_init.o
 .debug_line    0x00000d9b      0x395 ./simplicity_sdk_2025.6.3/platform/Device/SiliconLabs/BGM22/Source/startup_bgm22.o
 .debug_line    0x00001130      0x5ee ./simplicity_sdk_2025.6.3/platform/Device/SiliconLabs/BGM22/Source/system_bgm22.o
 .debug_line    0x0000171e       0x8d ./simplicity_sdk_2025.6.3/platform/common/src/sl_assert.o
 .debug_line    0x000017ab      0x63e ./simplicity_sdk_2025.6.3/platform/common/src/sl_core_cortexm.o
 .debug_line    0x00001de9      0x18d ./simplicity_sdk_2025.6.3/platform/common/src/sl_syscalls.o
 .debug_line    0x00001f76     0x12b2 ./simplicity_sdk_2025.6.3/platform/driver/gpio/src/sl_gpio.o
 .debug_line    0x00003228     0x2a93 ./simplicity_sdk_2025.6.3/platform/emlib/src/em_cmu.o
 .debug_line    0x00005cbb      0xf71 ./simplicity_sdk_2025.6.3/platform/emlib/src/em_emu.o
 .debug_line    0x00006c2c      0x71c ./simplicity_sdk_2025.6.3/platform/emlib/src/em_gpio.o
 .debug_line    0x00007348      0x4df ./simplicity_sdk_2025.6.3/platform/emlib/src/em_system.o
 .debug_line    0x00007827     0x1081 ./simplicity_sdk_2025.6.3/platform/peripheral/src/sl_hal_gpio.o
 .debug_line    0x000088a8      0x6c4 ./simplicity_sdk_2025.6.3/platform/service/clock_manager/src/sl_clock_manager.o
 .debug_line    0x00008f6c      0xdb9 ./simplicity_sdk_2025.6.3/platform/service/clock_manager/src/sl_clock_manager_hal_s2.o
 .debug_line    0x00009d25      0x22a ./simplicity_sdk_2025.6.3/platform/service/clock_manager/src/sl_clock_manager_init.o
 .debug_line    0x00009f4f      0x6ea ./simplicity_sdk_2025.6.3/platform/service/clock_manager/src/sl_clock_manager_init_hal_s2.o
 .debug_line    0x0000a639      0x291 ./simplicity_sdk_2025.6.3/platform/service/device_init/src/sl_device_init_dcdc_s2.o
 .debug_line    0x0000a8ca      0x33f ./simplicity_sdk_2025.6.3/platform/service/device_init/src/sl_device_init_emu_s2.o
 .debug_line    0x0000ac09      0x210 ./simplicity_sdk_2025.6.3/platform/service/device_manager/clocks/sl_device_clock_efr32xg22.o
 .debug_line    0x0000ae19      0x96b ./simplicity_sdk_2025.6.3/platform/service/interrupt_manager/src/sl_interrupt_manager_cortexm.o
 .debug_line    0x0000b784      0x32e ./simplicity_sdk_2025.6.3/platform/service/memory_manager/src/sl_memory_manager_region.o
 .debug_line    0x0000bab2      0x65c ./simplicity_sdk_2025.6.3/platform/service/sl_main/src/sl_main_init.o
 .debug_line    0x0000c10e      0x100 ./simplicity_sdk_2025.6.3/platform/service/sl_main/src/sl_main_init_memory.o
 .debug_line    0x0000c20e       0xf3 ./simplicity_sdk_2025.6.3/platform/service/sl_main/src/sl_main_process_action.o
 .debug_line    0x0000c301      0x3c1 ./src/app_1.o

.debug_str      0x00000000     0x8ce8
 .debug_str     0x00000000      0x15f ./app.o
                                0x17b (size before relaxing)
 .debug_str     0x0000015f       0x33 ./main.o
                                0x19d (size before relaxing)
 .debug_str     0x00000192       0x89 ./autogen/sl_board_default_init.o
                                0x20b (size before relaxing)
 .debug_str     0x0000021b      0x200 ./autogen/sl_event_handler.o
                                0x3e0 (size before relaxing)
 .debug_str     0x0000041b      0x2a4 ./simplicity_sdk_2025.6.3/hardware/board/src/sl_board_control_gpio.o
                                0x4d3 (size before relaxing)
 .debug_str     0x000006bf       0x87 ./simplicity_sdk_2025.6.3/hardware/board/src/sl_board_init.o
                                0x2bf (size before relaxing)
 .debug_str     0x00000746      0x1df ./simplicity_sdk_2025.6.3/platform/Device/SiliconLabs/BGM22/Source/startup_bgm22.o
                                0x3d2 (size before relaxing)
 .debug_str     0x00000925     0x1280 ./simplicity_sdk_2025.6.3/platform/Device/SiliconLabs/BGM22/Source/system_bgm22.o
                               0x154b (size before relaxing)
 .debug_str     0x00001ba5       0x45 ./simplicity_sdk_2025.6.3/platform/common/src/sl_assert.o
                                0x1a2 (size before relaxing)
 .debug_str     0x00001bea      0x242 ./simplicity_sdk_2025.6.3/platform/common/src/sl_core_cortexm.o
                                0x55e (size before relaxing)
 .debug_str     0x00001e2c       0x9a ./simplicity_sdk_2025.6.3/platform/common/src/sl_syscalls.o
                                0x1fe (size before relaxing)
 .debug_str     0x00001ec6     0x16ed ./simplicity_sdk_2025.6.3/platform/driver/gpio/src/sl_gpio.o
                               0x2155 (size before relaxing)
 .debug_str     0x000035b3     0x1e38 ./simplicity_sdk_2025.6.3/platform/emlib/src/em_cmu.o
                               0x3814 (size before relaxing)
 .debug_str     0x000053eb      0xa0a ./simplicity_sdk_2025.6.3/platform/emlib/src/em_emu.o
                               0x2e4f (size before relaxing)
 .debug_str     0x00005df5      0x10c ./simplicity_sdk_2025.6.3/platform/emlib/src/em_gpio.o
                               0x149f (size before relaxing)
 .debug_str     0x00005f01      0x342 ./simplicity_sdk_2025.6.3/platform/emlib/src/em_system.o
                               0x1440 (size before relaxing)
 .debug_str     0x00006243      0x1ff ./simplicity_sdk_2025.6.3/platform/peripheral/src/sl_hal_gpio.o
                               0x1a46 (size before relaxing)
 .debug_str     0x00006442      0xa46 ./simplicity_sdk_2025.6.3/platform/service/clock_manager/src/sl_clock_manager.o
                                0xd05 (size before relaxing)
 .debug_str     0x00006e88      0x973 ./simplicity_sdk_2025.6.3/platform/service/clock_manager/src/sl_clock_manager_hal_s2.o
                               0x24be (size before relaxing)
 .debug_str     0x000077fb       0x87 ./simplicity_sdk_2025.6.3/platform/service/clock_manager/src/sl_clock_manager_init.o
                                0x279 (size before relaxing)
 .debug_str     0x00007882      0x749 ./simplicity_sdk_2025.6.3/platform/service/clock_manager/src/sl_clock_manager_init_hal_s2.o
                               0x1b22 (size before relaxing)
 .debug_str     0x00007fcb       0x69 ./simplicity_sdk_2025.6.3/platform/service/device_init/src/sl_device_init_dcdc_s2.o
                                0x654 (size before relaxing)
 .debug_str     0x00008034       0x70 ./simplicity_sdk_2025.6.3/platform/service/device_init/src/sl_device_init_emu_s2.o
                                0x840 (size before relaxing)
 .debug_str     0x000080a4      0x54d ./simplicity_sdk_2025.6.3/platform/service/device_manager/clocks/sl_device_clock_efr32xg22.o
                                0x764 (size before relaxing)
 .debug_str     0x000085f1      0x443 ./simplicity_sdk_2025.6.3/platform/service/interrupt_manager/src/sl_interrupt_manager_cortexm.o
                                0xc7c (size before relaxing)
 .debug_str     0x00008a34       0xf3 ./simplicity_sdk_2025.6.3/platform/service/memory_manager/src/sl_memory_manager_region.o
                                0x2f5 (size before relaxing)
 .debug_str     0x00008b27       0xb9 ./simplicity_sdk_2025.6.3/platform/service/sl_main/src/sl_main_init.o
                                0xcd8 (size before relaxing)
 .debug_str     0x00008be0       0x69 ./simplicity_sdk_2025.6.3/platform/service/sl_main/src/sl_main_init_memory.o
                                0x2db (size before relaxing)
 .debug_str     0x00008c49       0x51 ./simplicity_sdk_2025.6.3/platform/service/sl_main/src/sl_main_process_action.o
                                0x226 (size before relaxing)
 .debug_str     0x00008c9a       0x4e ./src/app_1.o
                               0x141e (size before relaxing)

.debug_frame    0x00000000     0x2174
 .debug_frame   0x00000000       0x30 ./app.o
 .debug_frame   0x00000030       0x28 ./main.o
 .debug_frame   0x00000058       0x20 ./autogen/sl_board_default_init.o
 .debug_frame   0x00000078       0xfc ./autogen/sl_event_handler.o
 .debug_frame   0x00000174       0xf0 ./simplicity_sdk_2025.6.3/hardware/board/src/sl_board_control_gpio.o
 .debug_frame   0x00000264       0x3c ./simplicity_sdk_2025.6.3/hardware/board/src/sl_board_init.o
 .debug_frame   0x000002a0       0x60 ./simplicity_sdk_2025.6.3/platform/Device/SiliconLabs/BGM22/Source/startup_bgm22.o
 .debug_frame   0x00000300      0x104 ./simplicity_sdk_2025.6.3/platform/Device/SiliconLabs/BGM22/Source/system_bgm22.o
 .debug_frame   0x00000404       0x20 ./simplicity_sdk_2025.6.3/platform/common/src/sl_assert.o
 .debug_frame   0x00000424      0x120 ./simplicity_sdk_2025.6.3/platform/common/src/sl_core_cortexm.o
 .debug_frame   0x00000544       0xb0 ./simplicity_sdk_2025.6.3/platform/common/src/sl_syscalls.o
 .debug_frame   0x000005f4      0x344 ./simplicity_sdk_2025.6.3/platform/driver/gpio/src/sl_gpio.o
 .debug_frame   0x00000938      0x594 ./simplicity_sdk_2025.6.3/platform/emlib/src/em_cmu.o
 .debug_frame   0x00000ecc      0x2e4 ./simplicity_sdk_2025.6.3/platform/emlib/src/em_emu.o
 .debug_frame   0x000011b0      0x168 ./simplicity_sdk_2025.6.3/platform/emlib/src/em_gpio.o
 .debug_frame   0x00001318       0xd8 ./simplicity_sdk_2025.6.3/platform/emlib/src/em_system.o
 .debug_frame   0x000013f0      0x3a4 ./simplicity_sdk_2025.6.3/platform/peripheral/src/sl_hal_gpio.o
 .debug_frame   0x00001794      0x1e0 ./simplicity_sdk_2025.6.3/platform/service/clock_manager/src/sl_clock_manager.o
 .debug_frame   0x00001974      0x288 ./simplicity_sdk_2025.6.3/platform/service/clock_manager/src/sl_clock_manager_hal_s2.o
 .debug_frame   0x00001bfc       0x20 ./simplicity_sdk_2025.6.3/platform/service/clock_manager/src/sl_clock_manager_init.o
 .debug_frame   0x00001c1c       0x34 ./simplicity_sdk_2025.6.3/platform/service/clock_manager/src/sl_clock_manager_init_hal_s2.o
 .debug_frame   0x00001c50       0x28 ./simplicity_sdk_2025.6.3/platform/service/device_init/src/sl_device_init_dcdc_s2.o
 .debug_frame   0x00001c78       0x2c ./simplicity_sdk_2025.6.3/platform/service/device_init/src/sl_device_init_emu_s2.o
 .debug_frame   0x00001ca4      0x1c4 ./simplicity_sdk_2025.6.3/platform/service/interrupt_manager/src/sl_interrupt_manager_cortexm.o
 .debug_frame   0x00001e68       0x40 ./simplicity_sdk_2025.6.3/platform/service/memory_manager/src/sl_memory_manager_region.o
 .debug_frame   0x00001ea8       0x88 ./simplicity_sdk_2025.6.3/platform/service/sl_main/src/sl_main_init.o
 .debug_frame   0x00001f30       0x38 ./simplicity_sdk_2025.6.3/platform/service/sl_main/src/sl_main_init_memory.o
 .debug_frame   0x00001f68       0x2c ./simplicity_sdk_2025.6.3/platform/service/sl_main/src/sl_main_process_action.o
 .debug_frame   0x00001f94       0x28 ./src/app_1.o
 .debug_frame   0x00001fbc       0x28 c:/siliconlabs/simplicitystudio/v5/developer/toolchains/gnu_arm/12.2.rel1_2023.7/bin/../lib/gcc/arm-none-eabi/12.2.1/thumb/v8-m.main+fp/hard\libc_nano.a(libc_a-exit.o)
 .debug_frame   0x00001fe4      0x144 c:/siliconlabs/simplicitystudio/v5/developer/toolchains/gnu_arm/12.2.rel1_2023.7/bin/../lib/gcc/arm-none-eabi/12.2.1/thumb/v8-m.main+fp/hard\libc_nano.a(libc_a-findfp.o)
 .debug_frame   0x00002128       0x20 c:/siliconlabs/simplicitystudio/v5/developer/toolchains/gnu_arm/12.2.rel1_2023.7/bin/../lib/gcc/arm-none-eabi/12.2.1/thumb/v8-m.main+fp/hard\libc_nano.a(libc_a-memset.o)
 .debug_frame   0x00002148       0x2c c:/siliconlabs/simplicitystudio/v5/developer/toolchains/gnu_arm/12.2.rel1_2023.7/bin/../lib/gcc/arm-none-eabi/12.2.1/thumb/v8-m.main+fp/hard\libc_nano.a(libc_a-init.o)

.debug_loc      0x00000000     0x9ec7
 .debug_loc     0x00000000       0x20 ./main.o
 .debug_loc     0x00000020       0x2c ./autogen/sl_event_handler.o
 .debug_loc     0x0000004c      0x20a ./simplicity_sdk_2025.6.3/hardware/board/src/sl_board_control_gpio.o
 .debug_loc     0x00000256       0x2c ./simplicity_sdk_2025.6.3/hardware/board/src/sl_board_init.o
 .debug_loc     0x00000282      0x163 ./simplicity_sdk_2025.6.3/platform/Device/SiliconLabs/BGM22/Source/startup_bgm22.o
 .debug_loc     0x000003e5       0xe5 ./simplicity_sdk_2025.6.3/platform/Device/SiliconLabs/BGM22/Source/system_bgm22.o
 .debug_loc     0x000004ca       0x2a ./simplicity_sdk_2025.6.3/platform/common/src/sl_assert.o
 .debug_loc     0x000004f4      0x141 ./simplicity_sdk_2025.6.3/platform/common/src/sl_core_cortexm.o
 .debug_loc     0x00000635      0x118 ./simplicity_sdk_2025.6.3/platform/common/src/sl_syscalls.o
 .debug_loc     0x0000074d     0x17c5 ./simplicity_sdk_2025.6.3/platform/driver/gpio/src/sl_gpio.o
 .debug_loc     0x00001f12     0x391d ./simplicity_sdk_2025.6.3/platform/emlib/src/em_cmu.o
 .debug_loc     0x0000582f      0x936 ./simplicity_sdk_2025.6.3/platform/emlib/src/em_emu.o
 .debug_loc     0x00006165      0x941 ./simplicity_sdk_2025.6.3/platform/emlib/src/em_gpio.o
 .debug_loc     0x00006aa6      0x146 ./simplicity_sdk_2025.6.3/platform/emlib/src/em_system.o
 .debug_loc     0x00006bec      0xfd6 ./simplicity_sdk_2025.6.3/platform/peripheral/src/sl_hal_gpio.o
 .debug_loc     0x00007bc2      0x68f ./simplicity_sdk_2025.6.3/platform/service/clock_manager/src/sl_clock_manager.o
 .debug_loc     0x00008251     0x137e ./simplicity_sdk_2025.6.3/platform/service/clock_manager/src/sl_clock_manager_hal_s2.o
 .debug_loc     0x000095cf       0xef ./simplicity_sdk_2025.6.3/platform/service/clock_manager/src/sl_clock_manager_init_hal_s2.o
 .debug_loc     0x000096be       0x2c ./simplicity_sdk_2025.6.3/platform/service/device_init/src/sl_device_init_dcdc_s2.o
 .debug_loc     0x000096ea       0x2c ./simplicity_sdk_2025.6.3/platform/service/device_init/src/sl_device_init_emu_s2.o
 .debug_loc     0x00009716      0x5cf ./simplicity_sdk_2025.6.3/platform/service/interrupt_manager/src/sl_interrupt_manager_cortexm.o
 .debug_loc     0x00009ce5       0xa9 ./simplicity_sdk_2025.6.3/platform/service/memory_manager/src/sl_memory_manager_region.o
 .debug_loc     0x00009d8e       0x75 ./simplicity_sdk_2025.6.3/platform/service/sl_main/src/sl_main_init.o
 .debug_loc     0x00009e03       0x20 ./simplicity_sdk_2025.6.3/platform/service/sl_main/src/sl_main_init_memory.o
 .debug_loc     0x00009e23       0x2c ./simplicity_sdk_2025.6.3/platform/service/sl_main/src/sl_main_process_action.o
 .debug_loc     0x00009e4f       0x78 ./src/app_1.o
