Archive member included to satisfy reference by file (symbol)

c:/siliconlabs/simplicitystudio/v5/developer/toolchains/gnu_arm/12.2.rel1_2023.7/bin/../lib/gcc/arm-none-eabi/12.2.1/thumb/v8-m.main+fp/hard\libgcc.a(_aeabi_ldivmod.o)
                              ./simplicity_sdk_2025.6.3/platform/emlib/src/em_usart.o (__aeabi_ldivmod)
c:/siliconlabs/simplicitystudio/v5/developer/toolchains/gnu_arm/12.2.rel1_2023.7/bin/../lib/gcc/arm-none-eabi/12.2.1/thumb/v8-m.main+fp/hard\libgcc.a(_aeabi_uldivmod.o)
                              ./simplicity_sdk_2025.6.3/platform/emlib/src/em_usart.o (__aeabi_uldivmod)
c:/siliconlabs/simplicitystudio/v5/developer/toolchains/gnu_arm/12.2.rel1_2023.7/bin/../lib/gcc/arm-none-eabi/12.2.1/thumb/v8-m.main+fp/hard\libgcc.a(_udivmoddi4.o)
                              c:/siliconlabs/simplicitystudio/v5/developer/toolchains/gnu_arm/12.2.rel1_2023.7/bin/../lib/gcc/arm-none-eabi/12.2.1/thumb/v8-m.main+fp/hard\libgcc.a(_aeabi_ldivmod.o) (__udivmoddi4)
c:/siliconlabs/simplicitystudio/v5/developer/toolchains/gnu_arm/12.2.rel1_2023.7/bin/../lib/gcc/arm-none-eabi/12.2.1/thumb/v8-m.main+fp/hard\libgcc.a(_dvmd_tls.o)
                              c:/siliconlabs/simplicitystudio/v5/developer/toolchains/gnu_arm/12.2.rel1_2023.7/bin/../lib/gcc/arm-none-eabi/12.2.1/thumb/v8-m.main+fp/hard\libgcc.a(_aeabi_ldivmod.o) (__aeabi_ldiv0)
c:/siliconlabs/simplicitystudio/v5/developer/toolchains/gnu_arm/12.2.rel1_2023.7/bin/../lib/gcc/arm-none-eabi/12.2.1/thumb/v8-m.main+fp/hard\libc_nano.a(libc_a-exit.o)
                              c:/siliconlabs/simplicitystudio/v5/developer/toolchains/gnu_arm/12.2.rel1_2023.7/bin/../lib/gcc/arm-none-eabi/12.2.1/thumb/v8-m.main+fp/hard/crt0.o (exit)
c:/siliconlabs/simplicitystudio/v5/developer/toolchains/gnu_arm/12.2.rel1_2023.7/bin/../lib/gcc/arm-none-eabi/12.2.1/thumb/v8-m.main+fp/hard\libc_nano.a(libc_a-findfp.o)
                              c:/siliconlabs/simplicitystudio/v5/developer/toolchains/gnu_arm/12.2.rel1_2023.7/bin/../lib/gcc/arm-none-eabi/12.2.1/thumb/v8-m.main+fp/hard\libc_nano.a(libc_a-exit.o) (__stdio_exit_handler)
c:/siliconlabs/simplicitystudio/v5/developer/toolchains/gnu_arm/12.2.rel1_2023.7/bin/../lib/gcc/arm-none-eabi/12.2.1/thumb/v8-m.main+fp/hard\libc_nano.a(libc_a-fwalk.o)
                              c:/siliconlabs/simplicitystudio/v5/developer/toolchains/gnu_arm/12.2.rel1_2023.7/bin/../lib/gcc/arm-none-eabi/12.2.1/thumb/v8-m.main+fp/hard\libc_nano.a(libc_a-findfp.o) (_fwalk_sglue)
c:/siliconlabs/simplicitystudio/v5/developer/toolchains/gnu_arm/12.2.rel1_2023.7/bin/../lib/gcc/arm-none-eabi/12.2.1/thumb/v8-m.main+fp/hard\libc_nano.a(libc_a-stdio.o)
                              c:/siliconlabs/simplicitystudio/v5/developer/toolchains/gnu_arm/12.2.rel1_2023.7/bin/../lib/gcc/arm-none-eabi/12.2.1/thumb/v8-m.main+fp/hard\libc_nano.a(libc_a-findfp.o) (__sread)
c:/siliconlabs/simplicitystudio/v5/developer/toolchains/gnu_arm/12.2.rel1_2023.7/bin/../lib/gcc/arm-none-eabi/12.2.1/thumb/v8-m.main+fp/hard\libc_nano.a(libc_a-memset.o)
                              c:/siliconlabs/simplicitystudio/v5/developer/toolchains/gnu_arm/12.2.rel1_2023.7/bin/../lib/gcc/arm-none-eabi/12.2.1/thumb/v8-m.main+fp/hard/crt0.o (memset)
c:/siliconlabs/simplicitystudio/v5/developer/toolchains/gnu_arm/12.2.rel1_2023.7/bin/../lib/gcc/arm-none-eabi/12.2.1/thumb/v8-m.main+fp/hard\libc_nano.a(libc_a-closer.o)
                              c:/siliconlabs/simplicitystudio/v5/developer/toolchains/gnu_arm/12.2.rel1_2023.7/bin/../lib/gcc/arm-none-eabi/12.2.1/thumb/v8-m.main+fp/hard\libc_nano.a(libc_a-stdio.o) (_close_r)
c:/siliconlabs/simplicitystudio/v5/developer/toolchains/gnu_arm/12.2.rel1_2023.7/bin/../lib/gcc/arm-none-eabi/12.2.1/thumb/v8-m.main+fp/hard\libc_nano.a(libc_a-reent.o)
                              c:/siliconlabs/simplicitystudio/v5/developer/toolchains/gnu_arm/12.2.rel1_2023.7/bin/../lib/gcc/arm-none-eabi/12.2.1/thumb/v8-m.main+fp/hard\libc_nano.a(libc_a-closer.o) (errno)
c:/siliconlabs/simplicitystudio/v5/developer/toolchains/gnu_arm/12.2.rel1_2023.7/bin/../lib/gcc/arm-none-eabi/12.2.1/thumb/v8-m.main+fp/hard\libc_nano.a(libc_a-impure.o)
                              c:/siliconlabs/simplicitystudio/v5/developer/toolchains/gnu_arm/12.2.rel1_2023.7/bin/../lib/gcc/arm-none-eabi/12.2.1/thumb/v8-m.main+fp/hard\libc_nano.a(libc_a-reent.o) (_impure_ptr)
c:/siliconlabs/simplicitystudio/v5/developer/toolchains/gnu_arm/12.2.rel1_2023.7/bin/../lib/gcc/arm-none-eabi/12.2.1/thumb/v8-m.main+fp/hard\libc_nano.a(libc_a-lseekr.o)
                              c:/siliconlabs/simplicitystudio/v5/developer/toolchains/gnu_arm/12.2.rel1_2023.7/bin/../lib/gcc/arm-none-eabi/12.2.1/thumb/v8-m.main+fp/hard\libc_nano.a(libc_a-stdio.o) (_lseek_r)
c:/siliconlabs/simplicitystudio/v5/developer/toolchains/gnu_arm/12.2.rel1_2023.7/bin/../lib/gcc/arm-none-eabi/12.2.1/thumb/v8-m.main+fp/hard\libc_nano.a(libc_a-readr.o)
[...]
Memory Configuration

Name             Origin             Length             Attributes
FLASH            0x00000000         0x0007e000         xr
RAM              0x20000000         0x00008000         xrw
*default*        0x00000000         0xffffffff

Linker script and memory map

LOAD c:/siliconlabs/simplicitystudio/v5/developer/toolchains/gnu_arm/12.2.rel1_2023.7/bin/../lib/gcc/arm-none-eabi/12.2.1/thumb/v8-m.main+fp/hard/crti.o
LOAD c:/siliconlabs/simplicitystudio/v5/developer/toolchains/gnu_arm/12.2.rel1_2023.7/bin/../lib/gcc/arm-none-eabi/12.2.1/thumb/v8-m.main+fp/hard/crtbegin.o
LOAD c:/siliconlabs/simplicitystudio/v5/developer/toolchains/gnu_arm/12.2.rel1_2023.7/bin/../lib/gcc/arm-none-eabi/12.2.1/thumb/v8-m.main+fp/hard/crt0.o
START GROUP
LOAD ./app.o
LOAD ./main.o
LOAD ./autogen/sl_board_default_init.o
LOAD ./autogen/sl_event_handler.o
LOAD ./simplicity_sdk_2025.6.3/hardware/board/src/sl_board_control_gpio.o
LOAD ./simplicity_sdk_2025.6.3/hardware/board/src/sl_board_init.o
LOAD ./simplicity_sdk_2025.6.3/platform/Device/SiliconLabs/BGM22/Source/startup_bgm22.o
LOAD ./simplicity_sdk_2025.6.3/platform/Device/SiliconLabs/BGM22/Source/system_bgm22.o
LOAD ./simplicity_sdk_2025.6.3/platform/common/src/sl_assert.o
LOAD ./simplicity_sdk_2025.6.3/platform/common/src/sl_core_cortexm.o
LOAD ./simplicity_sdk_2025.6.3/platform/common/src/sl_syscalls.o
LOAD ./simplicity_sdk_2025.6.3/platform/driver/gpio/src/sl_gpio.o
LOAD ./simplicity_sdk_2025.6.3/platform/emlib/src/em_cmu.o
LOAD ./simplicity_sdk_2025.6.3/platform/emlib/src/em_emu.o
LOAD ./simplicity_sdk_2025.6.3/platform/emlib/src/em_gpio.o
LOAD ./simplicity_sdk_2025.6.3/platform/emlib/src/em_msc.o
LOAD ./simplicity_sdk_2025.6.3/platform/emlib/src/em_system.o
LOAD ./simplicity_sdk_2025.6.3/platform/emlib/src/em_usart.o
LOAD ./simplicity_sdk_2025.6.3/platform/peripheral/src/sl_hal_gpio.o
LOAD ./simplicity_sdk_2025.6.3/platform/service/clock_manager/src/sl_clock_manager.o
LOAD ./simplicity_sdk_2025.6.3/platform/service/clock_manager/src/sl_clock_manager_hal_s2.o
LOAD ./simplicity_sdk_2025.6.3/platform/service/clock_manager/src/sl_clock_manager_init.o
LOAD ./simplicity_sdk_2025.6.3/platform/service/clock_manager/src/sl_clock_manager_init_hal_s2.o
LOAD ./simplicity_sdk_2025.6.3/platform/service/device_init/src/sl_device_init_dcdc_s2.o
LOAD ./simplicity_sdk_2025.6.3/platform/service/device_init/src/sl_device_init_emu_s2.o
LOAD ./simplicity_sdk_2025.6.3/platform/service/device_manager/clocks/sl_device_clock_efr32xg22.o
LOAD ./simplicity_sdk_2025.6.3/platform/service/device_manager/src/sl_device_clock.o
LOAD ./simplicity_sdk_2025.6.3/platform/service/device_manager/src/sl_device_gpio.o
LOAD ./simplicity_sdk_2025.6.3/platform/service/interrupt_manager/src/sl_interrupt_manager_cortexm.o
LOAD ./simplicity_sdk_2025.6.3/platform/service/memory_manager/src/sl_memory_manager_region.o
LOAD ./simplicity_sdk_2025.6.3/platform/service/sl_main/src/sl_main_init.o
LOAD ./simplicity_sdk_2025.6.3/platform/service/sl_main/src/sl_main_init_memory.o
LOAD ./simplicity_sdk_2025.6.3/platform/service/sl_main/src/sl_main_process_action.o
LOAD ./src/boot.o
LOAD ./src/flash.o
LOAD ./src/gpio.o
LOAD ./src/jump.o
LOAD ./src/uart.o
LOAD ./src/validate.o
LOAD ./src/xmodem.o
LOAD c:/siliconlabs/simplicitystudio/v5/developer/toolchains/gnu_arm/12.2.rel1_2023.7/bin/../lib/gcc/arm-none-eabi/12.2.1/thumb/v8-m.main+fp/hard\libgcc.a
LOAD c:/siliconlabs/simplicitystudio/v5/developer/toolchains/gnu_arm/12.2.rel1_2023.7/bin/../lib/gcc/arm-none-eabi/12.2.1/thumb/v8-m.main+fp/hard\libc_nano.a
LOAD c:/siliconlabs/simplicitystudio/v5/developer/toolchains/gnu_arm/12.2.rel1_2023.7/bin/../lib/gcc/arm-none-eabi/12.2.1/thumb/v8-m.main+fp/hard\libm.a
LOAD c:/siliconlabs/simplicitystudio/v5/developer/toolchains/gnu_arm/12.2.rel1_2023.7/bin/../lib/gcc/arm-none-eabi/12.2.1/thumb/v8-m.main+fp/hard\libnosys.a
END GROUP
START GROUP
LOAD c:/siliconlabs/simplicitystudio/v5/developer/toolchains/gnu_arm/12.2.rel1_2023.7/bin/../lib/gcc/arm-none-eabi/12.2.1/thumb/v8-m.main+fp/hard\libgcc.a
LOAD c:/siliconlabs/simplicitystudio/v5/developer/toolchains/gnu_arm/12.2.rel1_2023.7/bin/../lib/gcc/arm-none-eabi/12.2.1/thumb/v8-m.main+fp/hard\libc_nano.a
LOAD c:/siliconlabs/simplicitystudio/v5/developer/toolchains/gnu_arm/12.2.rel1_2023.7/bin/../lib/gcc/arm-none-eabi/12.2.1/thumb/v8-m.main+fp/hard\libnosys.a
END GROUP
START GROUP
LOAD c:/siliconlabs/simplicitystudio/v5/developer/toolchains/gnu_arm/12.2.rel1_2023.7/bin/../lib/gcc/arm-none-eabi/12.2.1/thumb/v8-m.main+fp/hard\libgcc.a
LOAD c:/siliconlabs/simplicitystudio/v5/developer/toolchains/gnu_arm/12.2.rel1_2023.7/bin/../lib/gcc/arm-none-eabi/12.2.1/thumb/v8-m.main+fp/hard\libg_nano.a
LOAD c:/siliconlabs/simplicitystudio/v5/developer/toolchains/gnu_arm/12.2.rel1_2023.7/bin/../lib/gcc/arm-none-eabi/12.2.1/thumb/v8-m.main+fp/hard\libc_nano.a
END GROUP
START GROUP
LOAD c:/siliconlabs/simplicitystudio/v5/developer/toolchains/gnu_arm/12.2.rel1_2023.7/bin/../lib/gcc/arm-none-eabi/12.2.1/thumb/v8-m.main+fp/hard\libgcc.a
LOAD c:/siliconlabs/simplicitystudio/v5/developer/toolchains/gnu_arm/12.2.rel1_2023.7/bin/../lib/gcc/arm-none-eabi/12.2.1/thumb/v8-m.main+fp/hard\libc_nano.a
END GROUP
LOAD c:/siliconlabs/simplicitystudio/v5/developer/toolchains/gnu_arm/12.2.rel1_2023.7/bin/../lib/gcc/arm-none-eabi/12.2.1/thumb/v8-m.main+fp/hard/crtend.o
LOAD c:/siliconlabs/simplicitystudio/v5/developer/toolchains/gnu_arm/12.2.rel1_2023.7/bin/../lib/gcc/arm-none-eabi/12.2.1/thumb/v8-m.main+fp/hard/crtn.o

.vectors        0x00000000      0x140
                0x00000000                linker_vectors_begin = .
 *(.vectors)
 .vectors       0x00000000      0x140 ./simplicity_sdk_2025.6.3/platform/Device/SiliconLabs/BGM22/Source/startup_bgm22.o
                0x00000000                __Vectors
                0x00000140                linker_vectors_end = .
                0x00000140                __Vectors_End = .
                0x00000140                __Vectors_Size = (__Vectors_End - __Vectors)

.stack          0x20000000     0x1000
                0x20000000                . = ALIGN (0x8)
                0x20000000                __StackLimit = .
 *(.stack*)
 .stack         0x20000000     0x1000 ./simplicity_sdk_2025.6.3/platform/service/memory_manager/src/sl_memory_manager_region.o
                0x20001000                . = ALIGN (0x4)
                0x20001000                __StackTop = .
                0x20001000                PROVIDE (__stack = __StackTop)

.bss            0x20001000      0x590
                0x20001000                . = ALIGN (0x4)
                0x20001000                __bss_start__ = .
 *(SORT_BY_ALIGNMENT(.bss*))
 .bss.object.0  0x20001000       0x18 c:/siliconlabs/simplicitystudio/v5/developer/toolchains/gnu_arm/12.2.rel1_2023.7/bin/../lib/gcc/arm-none-eabi/12.2.1/thumb/v8-m.main+fp/hard/crtbegin.o
 .bss.gpio_interrupts
                0x20001018      0x168 ./simplicity_sdk_2025.6.3/platform/driver/gpio/src/sl_gpio.o
 .bss.ms_ticks  0x20001180        0x4 ./src/gpio.o
 .bss.crc32_table
                0x20001184      0x400 ./src/validate.o
 .bss.__stdio_exit_handler
                0x20001584        0x4 c:/siliconlabs/simplicitystudio/v5/developer/toolchains/gnu_arm/12.2.rel1_2023.7/bin/../lib/gcc/arm-none-eabi/12.2.1/thumb/v8-m.main+fp/hard\libc_nano.a(libc_a-findfp.o)
                0x20001584                __stdio_exit_handler
 .bss.completed.1
                0x20001588        0x1 c:/siliconlabs/simplicitystudio/v5/developer/toolchains/gnu_arm/12.2.rel1_2023.7/bin/../lib/gcc/arm-none-eabi/12.2.1/thumb/v8-m.main+fp/hard/crtbegin.o
 .bss.pclkDiv   0x20001589        0x1 ./simplicity_sdk_2025.6.3/platform/emlib/src/em_cmu.o
 .bss.ctuneDelta
                0x2000158a        0x1 ./simplicity_sdk_2025.6.3/platform/emlib/src/em_cmu.o
 .bss.vScaleEM01Config
                0x2000158b        0x1 ./simplicity_sdk_2025.6.3/platform/emlib/src/em_emu.o
 .bss.is_interrupt_manager_initialized
                0x2000158c        0x1 ./simplicity_sdk_2025.6.3/platform/service/interrupt_manager/src/sl_interrupt_manager_cortexm.o
 .bss.table_ready
                0x2000158d        0x1 ./src/validate.o
 *(COMMON)
                0x20001590                . = ALIGN (0x4)
 *fill*         0x2000158e        0x2 
                0x20001590                __bss_end__ = .

.noinit
 *(.noinit*)

text_application_ram
                0x20001590      0x1f0 load address 0x00000140
                0x20001590                . = ALIGN (0x4)
                0x20001590                __vma_ramfuncs_start__ = .
                0x20001590                __text_application_ram_start__ = .
 *(text_application_ram)
 text_application_ram
                0x20001590      0x1e8 ./simplicity_sdk_2025.6.3/platform/emlib/src/em_msc.o
                0x20001590                mscStatusWait
                0x200015e4                MSC_MassErase
                0x20001620                MSC_ErasePage
                0x20001688                writeBurst
                0x200016dc                MSC_WriteWord
 text_application_ram.__stub
                0x20001778        0x8 linker stubs
                0x20001780                . = ALIGN (0x4)
                0x20001780                __vma_ramfuncs_end__ = .
                0x20001780                __text_application_ram_end__ = .
                0x00000140                __lma_ramfuncs_start__ = LOADADDR (text_application_ram)
                0x00000330                __lma_ramfuncs_end__ = (LOADADDR (text_application_ram) + SIZEOF (text_application_ram))

.rodata         0x00000330        0x0
                0x00000330                __rodata_end__ = .

.text           0x00000330     0x3250
                0x00000330                linker_code_begin = .
 *(SORT_BY_ALIGNMENT(.text*))
 .text.deregister_tm_clones
                0x00000330       0x1c c:/siliconlabs/simplicitystudio/v5/developer/toolchains/gnu_arm/12.2.rel1_2023.7/bin/../lib/gcc/arm-none-eabi/12.2.1/thumb/v8-m.main+fp/hard/crtbegin.o
 .text.register_tm_clones
                0x0000034c       0x28 c:/siliconlabs/simplicitystudio/v5/developer/toolchains/gnu_arm/12.2.rel1_2023.7/bin/../lib/gcc/arm-none-eabi/12.2.1/thumb/v8-m.main+fp/hard/crtbegin.o
 .text.__do_global_dtors_aux
                0x00000374       0x28 c:/siliconlabs/simplicitystudio/v5/developer/toolchains/gnu_arm/12.2.rel1_2023.7/bin/../lib/gcc/arm-none-eabi/12.2.1/thumb/v8-m.main+fp/hard/crtbegin.o
 .text.frame_dummy
                0x0000039c       0x24 c:/siliconlabs/simplicitystudio/v5/developer/toolchains/gnu_arm/12.2.rel1_2023.7/bin/../lib/gcc/arm-none-eabi/12.2.1/thumb/v8-m.main+fp/hard/crtbegin.o
 .text          0x000003c0       0x7c c:/siliconlabs/simplicitystudio/v5/developer/toolchains/gnu_arm/12.2.rel1_2023.7/bin/../lib/gcc/arm-none-eabi/12.2.1/thumb/v8-m.main+fp/hard/crt0.o
                0x000003c0                _stack_init
                0x000003c8                _start
                0x000003c8                _mainCRTStartup
 .text.sl_board_init
                0x0000043c       0x14 ./simplicity_sdk_2025.6.3/hardware/board/src/sl_board_init.o
                0x0000043c                sl_board_init
 .text.sl_board_preinit
                0x00000450        0xc ./simplicity_sdk_2025.6.3/hardware/board/src/sl_board_init.o
                0x00000450                sl_board_preinit
 .text.CopyToRam
                0x0000045c       0x1c ./simplicity_sdk_2025.6.3/platform/Device/SiliconLabs/BGM22/Source/startup_bgm22.o
                0x0000045c                CopyToRam
 .text.Reset_Handler
                0x00000478       0x6c ./simplicity_sdk_2025.6.3/platform/Device/SiliconLabs/BGM22/Source/startup_bgm22.o
                0x00000478                Reset_Handler
 .text.SystemInit
                0x000004e4       0x64 ./simplicity_sdk_2025.6.3/platform/Device/SiliconLabs/BGM22/Source/system_bgm22.o
                0x000004e4                SystemInit
 .text.SystemHFRCODPLLClockSet
                0x00000548        0xc ./simplicity_sdk_2025.6.3/platform/Device/SiliconLabs/BGM22/Source/system_bgm22.o
                0x00000548                SystemHFRCODPLLClockSet
 .text.SystemHFXOClockSet
                0x00000554       0x20 ./simplicity_sdk_2025.6.3/platform/Device/SiliconLabs/BGM22/Source/system_bgm22.o
                0x00000554                SystemHFXOClockSet
 .text.CORE_ResetSystem
                0x00000574       0x24 ./simplicity_sdk_2025.6.3/platform/common/src/sl_core_cortexm.o
                0x00000574                CORE_ResetSystem
 .text.sl_gpio_dispatch_interrupt
                0x00000598       0x5c ./simplicity_sdk_2025.6.3/platform/driver/gpio/src/sl_gpio.o
 .text.sl_gpio_init
                0x000005f4       0x38 ./simplicity_sdk_2025.6.3/platform/driver/gpio/src/sl_gpio.o
                0x000005f4                sl_gpio_init
 .text.GPIO_EVEN_IRQHandler
                0x0000062c       0x20 ./simplicity_sdk_2025.6.3/platform/driver/gpio/src/sl_gpio.o
                0x0000062c                GPIO_EVEN_IRQHandler
 .text.GPIO_ODD_IRQHandler
                0x0000064c       0x20 ./simplicity_sdk_2025.6.3/platform/driver/gpio/src/sl_gpio.o
                0x0000064c                GPIO_ODD_IRQHandler
 .text.EMU_VScaleGet
                0x0000066c       0x18 ./simplicity_sdk_2025.6.3/platform/emlib/src/em_cmu.o
 .text.dpllRefClkGet
                0x00000684       0x48 ./simplicity_sdk_2025.6.3/platform/emlib/src/em_cmu.o
 .text.em01GrpaClkGet
                0x000006cc       0x48 ./simplicity_sdk_2025.6.3/platform/emlib/src/em_cmu.o
 .text.em23GrpaClkGet
                0x00000714       0x48 ./simplicity_sdk_2025.6.3/platform/emlib/src/em_cmu.o
 .text.em4GrpaClkGet
                0x0000075c       0x48 ./simplicity_sdk_2025.6.3/platform/emlib/src/em_cmu.o
 .text.em01GrpbClkGet
                0x000007a4       0x74 ./simplicity_sdk_2025.6.3/platform/emlib/src/em_cmu.o
 .text.iadcClkGet
                0x00000818       0x54 ./simplicity_sdk_2025.6.3/platform/emlib/src/em_cmu.o
 .text.wdog0ClkGet
                0x0000086c       0x64 ./simplicity_sdk_2025.6.3/platform/emlib/src/em_cmu.o
 .text.rtccClkGet
                0x000008d0       0x54 ./simplicity_sdk_2025.6.3/platform/emlib/src/em_cmu.o
 .text.HFRCODPLLDevinfoGet
                0x00000924      0x108 ./simplicity_sdk_2025.6.3/platform/emlib/src/em_cmu.o
 .text.euart0ClkGet
                0x00000a2c       0x48 ./simplicity_sdk_2025.6.3/platform/emlib/src/em_cmu.o
 .text.CMU_ClockDivGet
                0x00000a74       0x84 ./simplicity_sdk_2025.6.3/platform/emlib/src/em_cmu.o
                0x00000a74                CMU_ClockDivGet
 .text.flashWaitStateControl
                0x00000af8       0x4c ./simplicity_sdk_2025.6.3/platform/emlib/src/em_cmu.o
 .text.CMU_ClockEnable
                0x00000b44       0x54 ./simplicity_sdk_2025.6.3/platform/emlib/src/em_cmu.o
                0x00000b44                CMU_ClockEnable
 .text.CMU_ClockFreqGet
                0x00000b98      0x280 ./simplicity_sdk_2025.6.3/platform/emlib/src/em_cmu.o
                0x00000b98                CMU_ClockFreqGet
 .text.rhclkPrescOptimize
                0x00000e18       0x20 ./simplicity_sdk_2025.6.3/platform/emlib/src/em_cmu.o
 .text.CMU_ClockSelectGet
                0x00000e38      0x148 ./simplicity_sdk_2025.6.3/platform/emlib/src/em_cmu.o
                0x00000e38                CMU_ClockSelectGet
 .text.sli_em_cmu_SYSTICEXTCLKENClear
                0x00000f80       0x30 ./simplicity_sdk_2025.6.3/platform/emlib/src/em_cmu.o
                0x00000f80                sli_em_cmu_SYSTICEXTCLKENClear
 .text.CMU_HFXOInit
                0x00000fb0      0x1dc ./simplicity_sdk_2025.6.3/platform/emlib/src/em_cmu.o
                0x00000fb0                CMU_HFXOInit
 .text.CMU_HFXOCTuneDeltaGet
                0x0000118c        0xc ./simplicity_sdk_2025.6.3/platform/emlib/src/em_cmu.o
                0x0000118c                CMU_HFXOCTuneDeltaGet
 .text.CMU_LFXOInit
                0x00001198       0xc4 ./simplicity_sdk_2025.6.3/platform/emlib/src/em_cmu.o
                0x00001198                CMU_LFXOInit
 .text.CMU_LFXOPrecisionSet
                0x0000125c        0xc ./simplicity_sdk_2025.6.3/platform/emlib/src/em_cmu.o
                0x0000125c                CMU_LFXOPrecisionSet
 .text.CMU_HFXOPrecisionSet
                0x00001268        0xc ./simplicity_sdk_2025.6.3/platform/emlib/src/em_cmu.o
                0x00001268                CMU_HFXOPrecisionSet
 .text.CMU_LFRCOSetPrecision
                0x00001274       0x80 ./simplicity_sdk_2025.6.3/platform/emlib/src/em_cmu.o
                0x00001274                CMU_LFRCOSetPrecision
 .text.CMU_ClockDivSet
                0x000012f4      0x104 ./simplicity_sdk_2025.6.3/platform/emlib/src/em_cmu.o
                0x000012f4                CMU_ClockDivSet
 .text.sli_em_cmu_SYSCLKInitPreClockSelect
                0x000013f8       0x30 ./simplicity_sdk_2025.6.3/platform/emlib/src/em_cmu.o
                0x000013f8                sli_em_cmu_SYSCLKInitPreClockSelect
 .text.pclkDivOptimize
                0x00001428       0x24 ./simplicity_sdk_2025.6.3/platform/emlib/src/em_cmu.o
 .text.sli_em_cmu_SYSCLKInitPostClockSelect
                0x0000144c       0x40 ./simplicity_sdk_2025.6.3/platform/emlib/src/em_cmu.o
                0x0000144c                sli_em_cmu_SYSCLKInitPostClockSelect
 .text.CMU_HFRCODPLLBandSet
                0x0000148c      0x11c ./simplicity_sdk_2025.6.3/platform/emlib/src/em_cmu.o
                0x0000148c                CMU_HFRCODPLLBandSet
 .text.EMU_EM4Init
                0x000015a8       0x14 ./simplicity_sdk_2025.6.3/platform/emlib/src/em_emu.o
                0x000015a8                EMU_EM4Init
 .text.EMU_VScaleEM01
                0x000015bc       0xa8 ./simplicity_sdk_2025.6.3/platform/emlib/src/em_emu.o
                0x000015bc                EMU_VScaleEM01
 .text.EMU_VScaleEM01ByClock
                0x00001664       0x30 ./simplicity_sdk_2025.6.3/platform/emlib/src/em_emu.o
                0x00001664                EMU_VScaleEM01ByClock
 .text.EMU_DCDCModeSet
                0x00001694       0xb8 ./simplicity_sdk_2025.6.3/platform/emlib/src/em_emu.o
                0x00001694                EMU_DCDCModeSet
 .text.EMU_DCDCInit
                0x0000174c       0x74 ./simplicity_sdk_2025.6.3/platform/emlib/src/em_emu.o
                0x0000174c                EMU_DCDCInit
 .text.GPIO_PinOutSet
                0x000017c0       0x40 ./simplicity_sdk_2025.6.3/platform/emlib/src/em_gpio.o
 .text.GPIO_PinOutClear
                0x00001800       0x40 ./simplicity_sdk_2025.6.3/platform/emlib/src/em_gpio.o
 .text.GPIO_PinModeSet
                0x00001840       0x90 ./simplicity_sdk_2025.6.3/platform/emlib/src/em_gpio.o
                0x00001840                GPIO_PinModeSet
 .text.MSC_Init
                0x000018d0       0x20 ./simplicity_sdk_2025.6.3/platform/emlib/src/em_msc.o
                0x000018d0                MSC_Init
 .text.SYSTEM_GetProdRev
                0x000018f0       0x10 ./simplicity_sdk_2025.6.3/platform/emlib/src/em_system.o
                0x000018f0                SYSTEM_GetProdRev
 .text.USART_BaudrateAsyncSet
                0x00001900       0xe0 ./simplicity_sdk_2025.6.3/platform/emlib/src/em_usart.o
                0x00001900                USART_BaudrateAsyncSet
 .text.USART_Reset
                0x000019e0       0x70 ./simplicity_sdk_2025.6.3/platform/emlib/src/em_usart.o
                0x000019e0                USART_Reset
 .text.USART_InitAsync
                0x00001a50      0x120 ./simplicity_sdk_2025.6.3/platform/emlib/src/em_usart.o
                0x00001a50                USART_InitAsync
 .text.sl_hal_gpio_get_enabled_pending_interrupts
                0x00001b70       0x14 ./simplicity_sdk_2025.6.3/platform/peripheral/src/sl_hal_gpio.o
                0x00001b70                sl_hal_gpio_get_enabled_pending_interrupts
 .text.sli_clock_manager_hal_init
                0x00001b84      0x1e8 ./simplicity_sdk_2025.6.3/platform/service/clock_manager/src/sl_clock_manager_init_hal_s2.o
                0x00001b84                sli_clock_manager_hal_init
 .text.sl_device_init_dcdc
                0x00001d6c       0x20 ./simplicity_sdk_2025.6.3/platform/service/device_init/src/sl_device_init_dcdc_s2.o
                0x00001d6c                sl_device_init_dcdc
 .text.sl_device_init_emu
                0x00001d8c       0x24 ./simplicity_sdk_2025.6.3/platform/service/device_init/src/sl_device_init_emu_s2.o
                0x00001d8c                sl_device_init_emu
 .text.sl_interrupt_manager_enable_irq
                0x00001db0       0x34 ./simplicity_sdk_2025.6.3/platform/service/interrupt_manager/src/sl_interrupt_manager_cortexm.o
                0x00001db0                sl_interrupt_manager_enable_irq
 .text.sl_interrupt_manager_is_irq_disabled
                0x00001de4       0x30 ./simplicity_sdk_2025.6.3/platform/service/interrupt_manager/src/sl_interrupt_manager_cortexm.o
                0x00001de4                sl_interrupt_manager_is_irq_disabled
 .text.sl_interrupt_manager_clear_irq_pending
                0x00001e14       0x1c ./simplicity_sdk_2025.6.3/platform/service/interrupt_manager/src/sl_interrupt_manager_cortexm.o
                0x00001e14                sl_interrupt_manager_clear_irq_pending
 .text.sl_interrupt_manager_set_irq_priority
                0x00001e30       0x54 ./simplicity_sdk_2025.6.3/platform/service/interrupt_manager/src/sl_interrupt_manager_cortexm.o
                0x00001e30                sl_interrupt_manager_set_irq_priority
 .text.sl_interrupt_manager_init
                0x00001e84       0x34 ./simplicity_sdk_2025.6.3/platform/service/interrupt_manager/src/sl_interrupt_manager_cortexm.o
                0x00001e84                sl_interrupt_manager_init
 .text.sl_main_init
                0x00001eb8       0x5c ./simplicity_sdk_2025.6.3/platform/service/sl_main/src/sl_main_init.o
                0x00001eb8                sl_main_init
 .text.run_update_mode
                0x00001f14       0xec ./src/boot.o
 .text.BOOT_Run
                0x00002000      0x1b0 ./src/boot.o
                0x00002000                BOOT_Run
 .text.GPIO_LED0_Set.part.0
                0x000021b0        0xc ./src/gpio.o
 .text.SysTick_Handler
                0x000021bc       0x10 ./src/gpio.o
                0x000021bc                SysTick_Handler
 .text.SYSTICK_Init
                0x000021cc       0x34 ./src/gpio.o
                0x000021cc                SYSTICK_Init
 .text.SYSTICK_GetMs
                0x00002200        0xc ./src/gpio.o
                0x00002200                SYSTICK_GetMs
 .text.SYSTICK_DelayMs
                0x0000220c       0x14 ./src/gpio.o
                0x0000220c                SYSTICK_DelayMs
 .text.GPIO_BTN0_IsPressed
                0x00002220       0x14 ./src/gpio.o
                0x00002220                GPIO_BTN0_IsPressed
 .text.GPIO_LED0_Set
                0x00002234       0x14 ./src/gpio.o
                0x00002234                GPIO_LED0_Set
 .text.BUTTON_DetectHoldMode
                0x00002248       0x30 ./src/gpio.o
                0x00002248                BUTTON_DetectHoldMode
 .text.JUMP_ToApplication
                0x00002278       0x68 ./src/jump.o
                0x00002278                JUMP_ToApplication
 .text.UART_Init
                0x000022e0       0x70 ./src/uart.o
                0x000022e0                UART_Init
 .text.UART_SendByte
                0x00002350        0xc ./src/uart.o
                0x00002350                UART_SendByte
 .text.UART_ReceiveByteTimeout
                0x0000235c       0x30 ./src/uart.o
                0x0000235c                UART_ReceiveByteTimeout
 .text.CRC32_Continue
                0x0000238c       0x60 ./src/validate.o
 .text.FW_Validate
                0x000023ec      0x130 ./src/validate.o
                0x000023ec                FW_Validate
 .text.exit     0x0000251c       0x24 c:/siliconlabs/simplicitystudio/v5/developer/toolchains/gnu_arm/12.2.rel1_2023.7/bin/../lib/gcc/arm-none-eabi/12.2.1/thumb/v8-m.main+fp/hard\libc_nano.a(libc_a-exit.o)
                0x0000251c                exit
 .text.__libc_init_array
                0x00002540       0x48 c:/siliconlabs/simplicitystudio/v5/developer/toolchains/gnu_arm/12.2.rel1_2023.7/bin/../lib/gcc/arm-none-eabi/12.2.1/thumb/v8-m.main+fp/hard\libc_nano.a(libc_a-init.o)
                0x00002540                __libc_init_array
 .text.app_init
                0x00002588        0x4 ./app.o
                0x00002588                app_init
 .text.app_process_action
                0x0000258c        0x2 ./app.o
                0x0000258c                app_process_action
 .text.startup.main
                0x0000258e       0x14 ./main.o
                0x0000258e                main
 .text.sl_board_default_init
                0x000025a2        0x2 ./autogen/sl_board_default_init.o
                0x000025a2                sl_board_default_init
 .text.sli_driver_permanent_allocation
                0x000025a4        0x2 ./autogen/sl_event_handler.o
                0x000025a4                sli_driver_permanent_allocation
 .text.sli_service_permanent_allocation
                0x000025a6        0x2 ./autogen/sl_event_handler.o
                0x000025a6                sli_service_permanent_allocation
 .text.sli_stack_permanent_allocation
                0x000025a8        0x2 ./autogen/sl_event_handler.o
                0x000025a8                sli_stack_permanent_allocation
 .text.sli_internal_permanent_allocation
                0x000025aa        0x2 ./autogen/sl_event_handler.o
                0x000025aa                sli_internal_permanent_allocation
 .text.sl_platform_init
                0x000025ac       0x12 ./autogen/sl_event_handler.o
                0x000025ac                sl_platform_init
 .text.sli_internal_init_early
                0x000025be        0x2 ./autogen/sl_event_handler.o
                0x000025be                sli_internal_init_early
 .text.sl_driver_init
                0x000025c0        0x4 ./autogen/sl_event_handler.o
                0x000025c0                sl_driver_init
 .text.sl_service_init
                0x000025c4        0x4 ./autogen/sl_event_handler.o
                0x000025c4                sl_service_init
 .text.sl_stack_init
                0x000025c8        0x2 ./autogen/sl_event_handler.o
                0x000025c8                sl_stack_init
 .text.sl_internal_app_init
                0x000025ca        0x2 ./autogen/sl_event_handler.o
                0x000025ca                sl_internal_app_init
 .text.sli_platform_process_action
                0x000025cc        0x2 ./autogen/sl_event_handler.o
                0x000025cc                sli_platform_process_action
 .text.sli_service_process_action
                0x000025ce        0x2 ./autogen/sl_event_handler.o
                0x000025ce                sli_service_process_action
 .text.sli_stack_process_action
                0x000025d0        0x2 ./autogen/sl_event_handler.o
                0x000025d0                sli_stack_process_action
 .text.sli_internal_app_process_action
                0x000025d2        0x2 ./autogen/sl_event_handler.o
                0x000025d2                sli_internal_app_process_action
 .text.sl_board_configure_vcom
                0x000025d4        0x4 ./simplicity_sdk_2025.6.3/hardware/board/src/sl_board_control_gpio.o
                0x000025d4                sl_board_configure_vcom
 .text.Default_Handler
                0x000025d8        0x2 ./simplicity_sdk_2025.6.3/platform/Device/SiliconLabs/BGM22/Source/startup_bgm22.o
                0x000025d8                ULFRCO_IRQHandler
                0x000025d8                SW2_IRQHandler
                0x000025d8                TIMER2_IRQHandler
                0x000025d8                DebugMon_Handler
                0x000025d8                PKE_IRQHandler
                0x000025d8                USART0_TX_IRQHandler
                0x000025d8                PRORTC_IRQHandler
                0x000025d8                IADC_IRQHandler
                0x000025d8                I2C0_IRQHandler
                0x000025d8                LFXO_IRQHandler
                0x000025d8                CRYPTOACC_IRQHandler
                0x000025d8                HardFault_Handler
                0x000025d8                SMU_SECURE_IRQHandler
                0x000025d8                USART1_RX_IRQHandler
                0x000025d8                EMUEFP_IRQHandler
                0x000025d8                PendSV_Handler
                0x000025d8                NMI_Handler
                0x000025d8                SYNTH_IRQHandler
                0x000025d8                HFXO0_IRQHandler
                0x000025d8                I2C1_IRQHandler
                0x000025d8                PDM_IRQHandler
                0x000025d8                WDOG0_IRQHandler
                0x000025d8                TIMER3_IRQHandler
                0x000025d8                SYSCFG_IRQHandler
                0x000025d8                EMUSE_IRQHandler
                0x000025d8                EMUDG_IRQHandler
                0x000025d8                USART1_TX_IRQHandler
                0x000025d8                MSC_IRQHandler
                0x000025d8                DPLL0_IRQHandler
                0x000025d8                UsageFault_Handler
                0x000025d8                M33CTI1_IRQHandler
                0x000025d8                TIMER4_IRQHandler
                0x000025d8                LDMA_IRQHandler
                0x000025d8                SW0_IRQHandler
                0x000025d8                TIMER0_IRQHandler
                0x000025d8                LETIMER0_IRQHandler
                0x000025d8                TIMER1_IRQHandler
                0x000025d8                HFRCO0_IRQHandler
                0x000025d8                RFSENSE_IRQHandler
                0x000025d8                SecureFault_Handler
                0x000025d8                BUFC_IRQHandler
                0x000025d8                DCDC_IRQHandler
                0x000025d8                MODEM_IRQHandler
                0x000025d8                Default_Handler
                0x000025d8                RAC_SEQ_IRQHandler
                0x000025d8                FRC_PRI_IRQHandler
                0x000025d8                EMU_IRQHandler
                0x000025d8                SW3_IRQHandler
                0x000025d8                KERNEL0_IRQHandler
                0x000025d8                FRC_IRQHandler
                0x000025d8                KERNEL1_IRQHandler
                0x000025d8                AGC_IRQHandler
                0x000025d8                sl_app_properties
                0x000025d8                BURTC_IRQHandler
                0x000025d8                LFRCO_IRQHandler
                0x000025d8                USART0_RX_IRQHandler
                0x000025d8                MemManage_Handler
                0x000025d8                RDMAILBOX_IRQHandler
                0x000025d8                SVC_Handler
                0x000025d8                RTCC_IRQHandler
                0x000025d8                SMU_S_PRIVILEGED_IRQHandler
                0x000025d8                SW1_IRQHandler
                0x000025d8                CMU_IRQHandler
                0x000025d8                RAC_RSM_IRQHandler
                0x000025d8                EUART0_TX_IRQHandler
                0x000025d8                EUART0_RX_IRQHandler
                0x000025d8                AES_IRQHandler
                0x000025d8                M33CTI0_IRQHandler
                0x000025d8                ICACHE0_IRQHandler
                0x000025d8                SMU_NS_PRIVILEGED_IRQHandler
                0x000025d8                PROTIMER_IRQHandler
                0x000025d8                BusFault_Handler
                0x000025d8                TRNG_IRQHandler
 .text.CopyMemory
                0x000025da       0x1a ./simplicity_sdk_2025.6.3/platform/Device/SiliconLabs/BGM22/Source/startup_bgm22.o
                0x000025da                CopyMemory
 .text.assertEFM
                0x000025f4        0x2 ./simplicity_sdk_2025.6.3/platform/common/src/sl_assert.o
                0x000025f4                assertEFM
 .text._exit    0x000025f6        0x2 ./simplicity_sdk_2025.6.3/platform/common/src/sl_syscalls.o
                0x000025f6                _exit
 .text.waitStateMax
                0x000025f8       0x10 ./simplicity_sdk_2025.6.3/platform/emlib/src/em_cmu.o
 .text.CMU_UpdateWaitStates
                0x00002608        0xc ./simplicity_sdk_2025.6.3/platform/emlib/src/em_cmu.o
                0x00002608                CMU_UpdateWaitStates
 .text.pclkDivMax
                0x00002614        0xa ./simplicity_sdk_2025.6.3/platform/emlib/src/em_cmu.o
 .text.EMU_EFPEM01VScale
                0x0000261e        0x2 ./simplicity_sdk_2025.6.3/platform/emlib/src/em_emu.o
                0x0000261e                EMU_EFPEM01VScale
 .text.EMU_DCDCUpdatedHook
                0x00002620        0x2 ./simplicity_sdk_2025.6.3/platform/emlib/src/em_emu.o
                0x00002620                EMU_DCDCUpdatedHook
 .text.BUS_RegMaskedWrite
                0x00002622       0x1e ./simplicity_sdk_2025.6.3/platform/emlib/src/em_gpio.o
 .text.USART_Rx
                0x00002640        0xc ./simplicity_sdk_2025.6.3/platform/emlib/src/em_usart.o
                0x00002640                USART_Rx
 .text.USART_Tx
                0x0000264c        0xa ./simplicity_sdk_2025.6.3/platform/emlib/src/em_usart.o
                0x0000264c                USART_Tx
 .text.sl_clock_manager_runtime_init
                0x00002656        0x4 ./simplicity_sdk_2025.6.3/platform/service/clock_manager/src/sl_clock_manager.o
                0x00002656                sl_clock_manager_runtime_init
 .text.sli_clock_manager_hal_runtime_init
                0x0000265a        0x4 ./simplicity_sdk_2025.6.3/platform/service/clock_manager/src/sl_clock_manager_hal_s2.o
                0x0000265a                sli_clock_manager_hal_runtime_init
 .text.sl_clock_manager_init
                0x0000265e        0x4 ./simplicity_sdk_2025.6.3/platform/service/clock_manager/src/sl_clock_manager_init.o
                0x0000265e                sl_clock_manager_init
 .text.sl_interrupt_manager_reset_system
                0x00002662        0x4 ./simplicity_sdk_2025.6.3/platform/service/interrupt_manager/src/sl_interrupt_manager_cortexm.o
                0x00002662                sl_interrupt_manager_reset_system
 .text.app_init_pre_clock
                0x00002666        0x2 ./simplicity_sdk_2025.6.3/platform/service/sl_main/src/sl_main_init.o
                0x00002666                app_init_pre_clock
 .text.app_init_early
                0x00002668        0x2 ./simplicity_sdk_2025.6.3/platform/service/sl_main/src/sl_main_init.o
                0x00002668                app_init_early
 .text.sl_main_second_stage_init
                0x0000266a       0x1a ./simplicity_sdk_2025.6.3/platform/service/sl_main/src/sl_main_init.o
                0x0000266a                sl_main_second_stage_init
 .text.app_permanent_memory_alloc
                0x00002684        0x2 ./simplicity_sdk_2025.6.3/platform/service/sl_main/src/sl_main_init_memory.o
                0x00002684                app_permanent_memory_alloc
 .text.sli_allocate_permanent_memory
                0x00002686       0x18 ./simplicity_sdk_2025.6.3/platform/service/sl_main/src/sl_main_init_memory.o
                0x00002686                sli_allocate_permanent_memory
 .text.sl_main_process_action
                0x0000269e       0x16 ./simplicity_sdk_2025.6.3/platform/service/sl_main/src/sl_main_process_action.o
                0x0000269e                sl_main_process_action
 .text.FLASH_DriverInit
                0x000026b4        0x4 ./src/flash.o
                0x000026b4                FLASH_DriverInit
 .text.FLASH_EraseSlot
                0x000026b8       0x20 ./src/flash.o
                0x000026b8                FLASH_EraseSlot
 .text.FLASH_Write
                0x000026d8       0x1a ./src/flash.o
                0x000026d8                FLASH_Write
 .text.GPIO_BTN0_Init
                0x000026f2       0x1a ./src/gpio.o
                0x000026f2                GPIO_BTN0_Init
 .text.GPIO_LED0_Init
                0x0000270c       0x1a ./src/gpio.o
                0x0000270c                GPIO_LED0_Init
 .text.LED_Pattern_Run
                0x00002726       0x84 ./src/gpio.o
                0x00002726                LED_Pattern_Run
 .text.UART_SendString
                0x000027aa       0x12 ./src/uart.o
                0x000027aa                UART_SendString
 .text.BTL_Printf
                0x000027bc       0xdc ./src/uart.o
                0x000027bc                BTL_Printf
 .text.FW_ReadHeader
                0x00002898        0xc ./src/validate.o
                0x00002898                FW_ReadHeader
 .text.read_byte
                0x000028a4        0x8 ./src/xmodem.o
 .text.XMODEM_Receive
                0x000028ac      0x13c ./src/xmodem.o
                0x000028ac                XMODEM_Receive
 .text.memset   0x000029e8       0x10 c:/siliconlabs/simplicitystudio/v5/developer/toolchains/gnu_arm/12.2.rel1_2023.7/bin/../lib/gcc/arm-none-eabi/12.2.1/thumb/v8-m.main+fp/hard\libc_nano.a(libc_a-memset.o)
                0x000029e8                memset
 .text.memcpy   0x000029f8       0x1a c:/siliconlabs/simplicitystudio/v5/developer/toolchains/gnu_arm/12.2.rel1_2023.7/bin/../lib/gcc/arm-none-eabi/12.2.1/thumb/v8-m.main+fp/hard\libc_nano.a(libc_a-memcpy-stub.o)
                0x000029f8                memcpy
 *(SORT_BY_ALIGNMENT(text_*))
 *fill*         0x00002a12        0x2 
 text_system_timecritical19213
                0x00002a14        0xc ./simplicity_sdk_2025.6.3/platform/Device/SiliconLabs/BGM22/Source/system_bgm22.o
                0x00002a14                SystemHFRCODPLLClockGet
 text_system_timecritical20216
                0x00002a20       0x40 ./simplicity_sdk_2025.6.3/platform/Device/SiliconLabs/BGM22/Source/system_bgm22.o
                0x00002a20                SystemSYSCLKGet
 text_system_timecritical16169
                0x00002a60       0x24 ./simplicity_sdk_2025.6.3/platform/Device/SiliconLabs/BGM22/Source/system_bgm22.o
                0x00002a60                SystemHCLKGet
 text_system_timecritical21218
                0x00002a84        0x8 ./simplicity_sdk_2025.6.3/platform/Device/SiliconLabs/BGM22/Source/system_bgm22.o
                0x00002a84                SystemMaxCoreClockGet
 text_system_timecritical22220
                0x00002a8c        0x8 ./simplicity_sdk_2025.6.3/platform/Device/SiliconLabs/BGM22/Source/system_bgm22.o
                0x00002a8c                SystemFSRCOClockGet
 text_system_timecritical23222
                0x00002a94        0xc ./simplicity_sdk_2025.6.3/platform/Device/SiliconLabs/BGM22/Source/system_bgm22.o
                0x00002a94                SystemHFXOClockGet
 text_system_timecritical24225
                0x00002aa0        0x8 ./simplicity_sdk_2025.6.3/platform/Device/SiliconLabs/BGM22/Source/system_bgm22.o
                0x00002aa0                SystemCLKIN0Get
 text_system_timecritical25227
                0x00002aa8        0xc ./simplicity_sdk_2025.6.3/platform/Device/SiliconLabs/BGM22/Source/system_bgm22.o
                0x00002aa8                SystemLFXOClockGet
 text_clock_manager_timecritical2674
                0x00002ab4       0x54 ./simplicity_sdk_2025.6.3/platform/service/clock_manager/src/sl_clock_manager_hal_s2.o
                0x00002ab4                sli_clock_manager_hal_enable_bus_clock
 text_system_timecritical26230
                0x00002b08        0x6 ./simplicity_sdk_2025.6.3/platform/Device/SiliconLabs/BGM22/Source/system_bgm22.o
                0x00002b08                SystemLFRCOClockGet
 text_system_timecritical27232
                0x00002b0e        0x6 ./simplicity_sdk_2025.6.3/platform/Device/SiliconLabs/BGM22/Source/system_bgm22.o
                0x00002b0e                SystemULFRCOClockGet
 text_core_timecritical2307
                0x00002b14        0xa ./simplicity_sdk_2025.6.3/platform/common/src/sl_core_cortexm.o
                0x00002b14                CORE_ExitCritical
 text_core_timecritical4331
                0x00002b1e        0x8 ./simplicity_sdk_2025.6.3/platform/common/src/sl_core_cortexm.o
                0x00002b1e                CORE_EnterCritical
 text_core_timecritical7363
                0x00002b26        0xa ./simplicity_sdk_2025.6.3/platform/common/src/sl_core_cortexm.o
                0x00002b26                CORE_ExitAtomic
 text_core_timecritical9387
                0x00002b30        0xc ./simplicity_sdk_2025.6.3/platform/common/src/sl_core_cortexm.o
                0x00002b30                CORE_EnterAtomic
 text_clock_manager_timecritical2380
                0x00002b3c        0x6 ./simplicity_sdk_2025.6.3/platform/service/clock_manager/src/sl_clock_manager.o
                0x00002b3c                sl_clock_manager_enable_bus_clock
                0x00002b60                . = ALIGN (0x20)
 *fill*         0x00002b42       0x1e 
                0x00002b60                linker_code_end = .
 *(.init)
 .init          0x00002b60        0x4 c:/siliconlabs/simplicitystudio/v5/developer/toolchains/gnu_arm/12.2.rel1_2023.7/bin/../lib/gcc/arm-none-eabi/12.2.1/thumb/v8-m.main+fp/hard/crti.o
                0x00002b60                _init
 .init          0x00002b64        0x8 c:/siliconlabs/simplicitystudio/v5/developer/toolchains/gnu_arm/12.2.rel1_2023.7/bin/../lib/gcc/arm-none-eabi/12.2.1/thumb/v8-m.main+fp/hard/crtn.o
 *(.fini)
 .fini          0x00002b6c        0x4 c:/siliconlabs/simplicitystudio/v5/developer/toolchains/gnu_arm/12.2.rel1_2023.7/bin/../lib/gcc/arm-none-eabi/12.2.1/thumb/v8-m.main+fp/hard/crti.o
                0x00002b6c                _fini
 .fini          0x00002b70        0x8 c:/siliconlabs/simplicitystudio/v5/developer/toolchains/gnu_arm/12.2.rel1_2023.7/bin/../lib/gcc/arm-none-eabi/12.2.1/thumb/v8-m.main+fp/hard/crtn.o
 .fini.__stub   0x00002b78       0x10 linker stubs
 *crtbegin.o(.ctors)
 *crtbegin?.o(.ctors)
 *(EXCLUDE_FILE(*crtend.o *crtend?.o) .ctors)
 *(SORT_BY_NAME(.ctors.*))
 *(.ctors)
 *crtbegin.o(.dtors)
 *crtbegin?.o(.dtors)
 *(EXCLUDE_FILE(*crtend.o *crtend?.o) .dtors)
 *(SORT_BY_NAME(.dtors.*))
 *(.dtors)
 *(.rodata*)
 .rodata.em01GrpbClkGet.str1.1
                0x00002b88       0x37 ./simplicity_sdk_2025.6.3/platform/emlib/src/em_cmu.o
 .rodata.EMU_VScaleEM01.str1.1
                0x00002bbf       0x37 ./simplicity_sdk_2025.6.3/platform/emlib/src/em_emu.o
 .rodata.GPIO_PinOutSet.str1.1
                0x00002bf6       0x7b ./simplicity_sdk_2025.6.3/platform/emlib/src/em_gpio.o
 .rodata.GPIO_ExtIntConfig.str1.1
                0x00002c71       0x38 ./simplicity_sdk_2025.6.3/platform/emlib/src/em_gpio.o
 *fill*         0x00002ca9        0x1 
 .rodata.CSWTCH.32
                0x00002caa        0x8 ./simplicity_sdk_2025.6.3/platform/emlib/src/em_gpio.o
 .rodata.str1.1
                0x00002cb2       0x37 ./simplicity_sdk_2025.6.3/platform/emlib/src/em_msc.o
 .rodata.USART_BaudrateAsyncSet.str1.1
                0x00002ce9       0x39 ./simplicity_sdk_2025.6.3/platform/emlib/src/em_usart.o
 .rodata.str1.1
                0x00002d22       0xd2 ./simplicity_sdk_2025.6.3/platform/service/clock_manager/src/sl_clock_manager_hal_s2.o
 .rodata.sli_clock_manager_hal_init.str1.1
                0x00002df4       0x5d ./simplicity_sdk_2025.6.3/platform/service/clock_manager/src/sl_clock_manager_init_hal_s2.o
 *fill*         0x00002e51        0x3 
 .rodata        0x00002e54       0x3c ./simplicity_sdk_2025.6.3/platform/service/clock_manager/src/sl_clock_manager_init_hal_s2.o
 .rodata        0x00002e90        0x8 ./simplicity_sdk_2025.6.3/platform/service/device_init/src/sl_device_init_dcdc_s2.o
 .rodata.SL_BUS_CLOCK_LFRCO_VALUE
                0x00002e98        0x4 ./simplicity_sdk_2025.6.3/platform/service/device_manager/clocks/sl_device_clock_efr32xg22.o
                0x00002e98                SL_BUS_CLOCK_LFRCO_VALUE
 .rodata.SL_BUS_CLOCK_GPIO_VALUE
                0x00002e9c        0x4 ./simplicity_sdk_2025.6.3/platform/service/device_manager/clocks/sl_device_clock_efr32xg22.o
                0x00002e9c                SL_BUS_CLOCK_GPIO_VALUE
 .rodata.sl_interrupt_manager_disable_irq.str1.1
                0x00002ea0       0x61 ./simplicity_sdk_2025.6.3/platform/service/interrupt_manager/src/sl_interrupt_manager_cortexm.o
 .rodata.run_update_mode.str1.1
                0x00002f01      0x170 ./src/boot.o
 .rodata.BOOT_Run.str1.1
                0x00003071      0x307 ./src/boot.o
                                0x331 (size before relaxing)
 .rodata        0x00003378       0x1c ./src/uart.o
 .rodata.FW_Validate.str1.1
                0x00003394      0x1ea ./src/validate.o
 *(.eh_frame*)
 *fill*         0x0000357e        0x2 
 .eh_frame      0x00003580        0x0 c:/siliconlabs/simplicitystudio/v5/developer/toolchains/gnu_arm/12.2.rel1_2023.7/bin/../lib/gcc/arm-none-eabi/12.2.1/thumb/v8-m.main+fp/hard/crtbegin.o

.glue_7         0x00003580        0x0
 .glue_7        0x00003580        0x0 linker stubs

.glue_7t        0x00003580        0x0
 .glue_7t       0x00003580        0x0 linker stubs

.vfp11_veneer   0x00003580        0x0
 .vfp11_veneer  0x00003580        0x0 linker stubs

.v4_bx          0x00003580        0x0
 .v4_bx         0x00003580        0x0 linker stubs

.iplt           0x00003580        0x0
 .iplt          0x00003580        0x0 c:/siliconlabs/simplicitystudio/v5/developer/toolchains/gnu_arm/12.2.rel1_2023.7/bin/../lib/gcc/arm-none-eabi/12.2.1/thumb/v8-m.main+fp/hard/crtbegin.o

.ARM.extab
 *(.ARM.extab* .gnu.linkonce.armextab.*)
                0x00003580                __exidx_start = .

.ARM.exidx      0x00003580        0x8
 *(.ARM.exidx* .gnu.linkonce.armexidx.*)
 .ARM.exidx     0x00003580        0x8 c:/siliconlabs/simplicitystudio/v5/developer/toolchains/gnu_arm/12.2.rel1_2023.7/bin/../lib/gcc/arm-none-eabi/12.2.1/thumb/v8-m.main+fp/hard/crt0.o
                                 0x10 (size before relaxing)
                0x00003588                __exidx_end = .

.copy.table     0x00003588        0xc
                0x00003588                . = ALIGN (0x4)
                0x00003588                __copy_table_start__ = .
                0x00003588        0x4 LONG 0x3594 __etext
                0x0000358c        0x4 LONG 0x20001780 __data_start__
                0x00003590        0x4 LONG 0x7 ((__data_end__ - __data_start__) / 0x4)
                0x00003594                __copy_table_end__ = .

.rel.dyn        0x00003594        0x0
 .rel.iplt      0x00003594        0x0 c:/siliconlabs/simplicitystudio/v5/developer/toolchains/gnu_arm/12.2.rel1_2023.7/bin/../lib/gcc/arm-none-eabi/12.2.1/thumb/v8-m.main+fp/hard/crtbegin.o

.zero.table     0x00003594        0x0
                0x00003594                . = ALIGN (0x4)
                0x00003594                __zero_table_start__ = .
                0x00003594                __zero_table_end__ = .
                0x00003594                __etext = .

.data           0x20001780       0x1c load address 0x00003594
                0x20001780                . = ALIGN (0x4)
                0x20001780                __data_start__ = .
 *(vtable)
 *(SORT_BY_ALIGNMENT(.data*))
 .data.SystemCoreClock
                0x20001780        0x4 ./simplicity_sdk_2025.6.3/platform/Device/SiliconLabs/BGM22/Source/system_bgm22.o
                0x20001780                SystemCoreClock
 .data.SystemHFRCODPLLClock
                0x20001784        0x4 ./simplicity_sdk_2025.6.3/platform/Device/SiliconLabs/BGM22/Source/system_bgm22.o
 .data.SystemLFXOClock
                0x20001788        0x4 ./simplicity_sdk_2025.6.3/platform/Device/SiliconLabs/BGM22/Source/system_bgm22.o
 .data.SystemHFXOClock
                0x2000178c        0x4 ./simplicity_sdk_2025.6.3/platform/Device/SiliconLabs/BGM22/Source/system_bgm22.o
 .data.hfxo_precision
                0x20001790        0x2 ./simplicity_sdk_2025.6.3/platform/emlib/src/em_cmu.o
 .data.lfxo_precision
                0x20001792        0x2 ./simplicity_sdk_2025.6.3/platform/emlib/src/em_cmu.o
                0x20001794                . = ALIGN (0x4)
                0x20001794                . = ALIGN (0x4)
                0x20001794                PROVIDE (__preinit_array_start = .)
 *(.preinit_array)
                0x20001794                PROVIDE (__preinit_array_end = .)
                0x20001794                . = ALIGN (0x4)
                0x20001794                PROVIDE (__init_array_start = .)
 *(SORT_BY_NAME(.init_array.*))
 *(.init_array)
 .init_array    0x20001794        0x4 c:/siliconlabs/simplicitystudio/v5/developer/toolchains/gnu_arm/12.2.rel1_2023.7/bin/../lib/gcc/arm-none-eabi/12.2.1/thumb/v8-m.main+fp/hard/crtbegin.o
                0x20001798                PROVIDE (__init_array_end = .)
                0x20001798                . = ALIGN (0x4)
                [!provide]                PROVIDE (__fini_array_start = .)
 *(SORT_BY_NAME(.fini_array.*))
 *(.fini_array)
 .fini_array    0x20001798        0x4 c:/siliconlabs/simplicitystudio/v5/developer/toolchains/gnu_arm/12.2.rel1_2023.7/bin/../lib/gcc/arm-none-eabi/12.2.1/thumb/v8-m.main+fp/hard/crtbegin.o
                [!provide]                PROVIDE (__fini_array_end = .)
                0x2000179c                . = ALIGN (0x4)
                0x2000179c                __data_end__ = .
                0x20008000                heap_limit = (ORIGIN (RAM) + LENGTH (RAM))
                0x00006860                heap_size = (heap_limit - __HeapBase)

.tm_clone_table
                0x2000179c        0x0 load address 0x000035b0
 .tm_clone_table
                0x2000179c        0x0 c:/siliconlabs/simplicitystudio/v5/developer/toolchains/gnu_arm/12.2.rel1_2023.7/bin/../lib/gcc/arm-none-eabi/12.2.1/thumb/v8-m.main+fp/hard/crtbegin.o
 .tm_clone_table
                0x2000179c        0x0 c:/siliconlabs/simplicitystudio/v5/developer/toolchains/gnu_arm/12.2.rel1_2023.7/bin/../lib/gcc/arm-none-eabi/12.2.1/thumb/v8-m.main+fp/hard/crtend.o

.igot.plt       0x2000179c        0x0 load address 0x000035b0
 .igot.plt      0x2000179c        0x0 c:/siliconlabs/simplicitystudio/v5/developer/toolchains/gnu_arm/12.2.rel1_2023.7/bin/../lib/gcc/arm-none-eabi/12.2.1/thumb/v8-m.main+fp/hard/crtbegin.o

.heap           0x2000179c     0x6864 load address 0x000035b0
                0x200017a0                . = ALIGN (0x8)
 *fill*         0x2000179c        0x4 
                0x200017a0                __HeapBase = .
                0x20008000                . = (. + heap_size)
 *fill*         0x200017a0     0x6860 
                0x20008000                __end__ = .
                0x20008000                _end = __end__
 *(.heap*)
                0x20008000                __HeapLimit = (ORIGIN (RAM) + LENGTH (RAM))
                0x00006860                __heap_size = (__HeapLimit - __HeapBase)
                0x20008000                __ram_end__ = 0x20008000
                0x0007e000                __main_flash_end__ = 0x7e000

.internal_storage
 *(.internal_storage*)

.nvm
 *(.simee*)
                0x20001590                __ramfuncs_start__ = __vma_ramfuncs_start__
                0x20001780                __ramfuncs_end__ = __vma_ramfuncs_end__
                0x0007e000                linker_nvm_end = __main_flash_end__
                0x0007e000                linker_nvm_begin = (linker_nvm_end - SIZEOF (.nvm))
                0x0007e000                linker_storage_end = linker_nvm_begin
                0x0007e000                __nvm3Base = linker_nvm_begin
                0x0007e000                linker_storage_begin = (linker_storage_end - SIZEOF (.internal_storage))
                0x00000001                ASSERT ((linker_storage_begin >= (__etext + SIZEOF (.data))), FLASH memory overflowed !)
OUTPUT(Boot_Loader.axf elf32-littlearm)
LOAD linker stubs

.ARM.attributes
                0x00000000       0x36
 .ARM.attributes
                0x00000000       0x26 c:/siliconlabs/simplicitystudio/v5/developer/toolchains/gnu_arm/12.2.rel1_2023.7/bin/../lib/gcc/arm-none-eabi/12.2.1/thumb/v8-m.main+fp/hard/crti.o
 .ARM.attributes
                0x00000026       0x38 c:/siliconlabs/simplicitystudio/v5/developer/toolchains/gnu_arm/12.2.rel1_2023.7/bin/../lib/gcc/arm-none-eabi/12.2.1/thumb/v8-m.main+fp/hard/crtbegin.o
 .ARM.attributes
                0x0000005e       0x24 c:/siliconlabs/simplicitystudio/v5/developer/toolchains/gnu_arm/12.2.rel1_2023.7/bin/../lib/gcc/arm-none-eabi/12.2.1/thumb/v8-m.main+fp/hard/crt0.o
 .ARM.attributes
                0x00000082       0x3a ./app.o
 .ARM.attributes
                0x000000bc       0x3a ./main.o
 .ARM.attributes
                0x000000f6       0x3a ./autogen/sl_board_default_init.o
 .ARM.attributes
                0x00000130       0x3a ./autogen/sl_event_handler.o
 .ARM.attributes
                0x0000016a       0x3a ./simplicity_sdk_2025.6.3/hardware/board/src/sl_board_control_gpio.o
 .ARM.attributes
                0x000001a4       0x3a ./simplicity_sdk_2025.6.3/hardware/board/src/sl_board_init.o
 .ARM.attributes
                0x000001de       0x3a ./simplicity_sdk_2025.6.3/platform/Device/SiliconLabs/BGM22/Source/startup_bgm22.o
 .ARM.attributes
                0x00000218       0x3a ./simplicity_sdk_2025.6.3/platform/Device/SiliconLabs/BGM22/Source/system_bgm22.o
 .ARM.attributes
                0x00000252       0x3a ./simplicity_sdk_2025.6.3/platform/common/src/sl_assert.o
 .ARM.attributes
                0x0000028c       0x3a ./simplicity_sdk_2025.6.3/platform/common/src/sl_core_cortexm.o
 .ARM.attributes
                0x000002c6       0x3a ./simplicity_sdk_2025.6.3/platform/common/src/sl_syscalls.o
 .ARM.attributes
                0x00000300       0x3a ./simplicity_sdk_2025.6.3/platform/driver/gpio/src/sl_gpio.o
 .ARM.attributes
                0x0000033a       0x3a ./simplicity_sdk_2025.6.3/platform/emlib/src/em_cmu.o
 .ARM.attributes
                0x00000374       0x3a ./simplicity_sdk_2025.6.3/platform/emlib/src/em_emu.o
 .ARM.attributes
                0x000003ae       0x3a ./simplicity_sdk_2025.6.3/platform/emlib/src/em_gpio.o
 .ARM.attributes
                0x000003e8       0x3a ./simplicity_sdk_2025.6.3/platform/emlib/src/em_msc.o
 .ARM.attributes
                0x00000422       0x3a ./simplicity_sdk_2025.6.3/platform/emlib/src/em_system.o
 .ARM.attributes
                0x0000045c       0x3a ./simplicity_sdk_2025.6.3/platform/emlib/src/em_usart.o
 .ARM.attributes
                0x00000496       0x3a ./simplicity_sdk_2025.6.3/platform/peripheral/src/sl_hal_gpio.o
 .ARM.attributes
                0x000004d0       0x3a ./simplicity_sdk_2025.6.3/platform/service/clock_manager/src/sl_clock_manager.o
 .ARM.attributes
                0x0000050a       0x3a ./simplicity_sdk_2025.6.3/platform/service/clock_manager/src/sl_clock_manager_hal_s2.o
 .ARM.attributes
                0x00000544       0x3a ./simplicity_sdk_2025.6.3/platform/service/clock_manager/src/sl_clock_manager_init.o
 .ARM.attributes
                0x0000057e       0x3a ./simplicity_sdk_2025.6.3/platform/service/clock_manager/src/sl_clock_manager_init_hal_s2.o
 .ARM.attributes
                0x000005b8       0x3a ./simplicity_sdk_2025.6.3/platform/service/device_init/src/sl_device_init_dcdc_s2.o
 .ARM.attributes
                0x000005f2       0x3a ./simplicity_sdk_2025.6.3/platform/service/device_init/src/sl_device_init_emu_s2.o
 .ARM.attributes
                0x0000062c       0x3a ./simplicity_sdk_2025.6.3/platform/service/device_manager/clocks/sl_device_clock_efr32xg22.o
 .ARM.attributes
                0x00000666       0x3a ./simplicity_sdk_2025.6.3/platform/service/interrupt_manager/src/sl_interrupt_manager_cortexm.o
 .ARM.attributes
                0x000006a0       0x3a ./simplicity_sdk_2025.6.3/platform/service/memory_manager/src/sl_memory_manager_region.o
 .ARM.attributes
                0x000006da       0x3a ./simplicity_sdk_2025.6.3/platform/service/sl_main/src/sl_main_init.o
 .ARM.attributes
                0x00000714       0x3a ./simplicity_sdk_2025.6.3/platform/service/sl_main/src/sl_main_init_memory.o
 .ARM.attributes
                0x0000074e       0x3a ./simplicity_sdk_2025.6.3/platform/service/sl_main/src/sl_main_process_action.o
 .ARM.attributes
                0x00000788       0x3a ./src/boot.o
 .ARM.attributes
                0x000007c2       0x3a ./src/flash.o
 .ARM.attributes
                0x000007fc       0x3a ./src/gpio.o
 .ARM.attributes
                0x00000836       0x3a ./src/jump.o
 .ARM.attributes
                0x00000870       0x3a ./src/uart.o
 .ARM.attributes
                0x000008aa       0x3a ./src/validate.o
 .ARM.attributes
                0x000008e4       0x3a ./src/xmodem.o
 .ARM.attributes
                0x0000091e       0x38 c:/siliconlabs/simplicitystudio/v5/developer/toolchains/gnu_arm/12.2.rel1_2023.7/bin/../lib/gcc/arm-none-eabi/12.2.1/thumb/v8-m.main+fp/hard\libc_nano.a(libc_a-exit.o)
 .ARM.attributes
                0x00000956       0x38 c:/siliconlabs/simplicitystudio/v5/developer/toolchains/gnu_arm/12.2.rel1_2023.7/bin/../lib/gcc/arm-none-eabi/12.2.1/thumb/v8-m.main+fp/hard\libc_nano.a(libc_a-findfp.o)
 .ARM.attributes
                0x0000098e       0x38 c:/siliconlabs/simplicitystudio/v5/developer/toolchains/gnu_arm/12.2.rel1_2023.7/bin/../lib/gcc/arm-none-eabi/12.2.1/thumb/v8-m.main+fp/hard\libc_nano.a(libc_a-memset.o)
 .ARM.attributes
                0x000009c6       0x38 c:/siliconlabs/simplicitystudio/v5/developer/toolchains/gnu_arm/12.2.rel1_2023.7/bin/../lib/gcc/arm-none-eabi/12.2.1/thumb/v8-m.main+fp/hard\libc_nano.a(libc_a-init.o)
 .ARM.attributes
                0x000009fe       0x38 c:/siliconlabs/simplicitystudio/v5/developer/toolchains/gnu_arm/12.2.rel1_2023.7/bin/../lib/gcc/arm-none-eabi/12.2.1/thumb/v8-m.main+fp/hard\libc_nano.a(libc_a-memcpy-stub.o)
 .ARM.attributes
                0x00000a36       0x38 c:/siliconlabs/simplicitystudio/v5/developer/toolchains/gnu_arm/12.2.rel1_2023.7/bin/../lib/gcc/arm-none-eabi/12.2.1/thumb/v8-m.main+fp/hard/crtend.o
 .ARM.attributes
                0x00000a6e       0x26 c:/siliconlabs/simplicitystudio/v5/developer/toolchains/gnu_arm/12.2.rel1_2023.7/bin/../lib/gcc/arm-none-eabi/12.2.1/thumb/v8-m.main+fp/hard/crtn.o

.comment        0x00000000       0x45
 .comment       0x00000000       0x45 ./app.o
                                 0x46 (size before relaxing)
 .comment       0x00000045       0x46 ./main.o
 .comment       0x00000045       0x46 ./autogen/sl_board_default_init.o
 .comment       0x00000045       0x46 ./autogen/sl_event_handler.o
 .comment       0x00000045       0x46 ./simplicity_sdk_2025.6.3/hardware/board/src/sl_board_control_gpio.o
 .comment       0x00000045       0x46 ./simplicity_sdk_2025.6.3/hardware/board/src/sl_board_init.o
 .comment       0x00000045       0x46 ./simplicity_sdk_2025.6.3/platform/Device/SiliconLabs/BGM22/Source/startup_bgm22.o
 .comment       0x00000045       0x46 ./simplicity_sdk_2025.6.3/platform/Device/SiliconLabs/BGM22/Source/system_bgm22.o
 .comment       0x00000045       0x46 ./simplicity_sdk_2025.6.3/platform/common/src/sl_assert.o
 .comment       0x00000045       0x46 ./simplicity_sdk_2025.6.3/platform/common/src/sl_core_cortexm.o
 .comment       0x00000045       0x46 ./simplicity_sdk_2025.6.3/platform/common/src/sl_syscalls.o
 .comment       0x00000045       0x46 ./simplicity_sdk_2025.6.3/platform/driver/gpio/src/sl_gpio.o
 .comment       0x00000045       0x46 ./simplicity_sdk_2025.6.3/platform/emlib/src/em_cmu.o
 .comment       0x00000045       0x46 ./simplicity_sdk_2025.6.3/platform/emlib/src/em_emu.o
 .comment       0x00000045       0x46 ./simplicity_sdk_2025.6.3/platform/emlib/src/em_gpio.o
 .comment       0x00000045       0x46 ./simplicity_sdk_2025.6.3/platform/emlib/src/em_msc.o
 .comment       0x00000045       0x46 ./simplicity_sdk_2025.6.3/platform/emlib/src/em_system.o
 .comment       0x00000045       0x46 ./simplicity_sdk_2025.6.3/platform/emlib/src/em_usart.o
 .comment       0x00000045       0x46 ./simplicity_sdk_2025.6.3/platform/peripheral/src/sl_hal_gpio.o
 .comment       0x00000045       0x46 ./simplicity_sdk_2025.6.3/platform/service/clock_manager/src/sl_clock_manager.o
 .comment       0x00000045       0x46 ./simplicity_sdk_2025.6.3/platform/service/clock_manager/src/sl_clock_manager_hal_s2.o
 .comment       0x00000045       0x46 ./simplicity_sdk_2025.6.3/platform/service/clock_manager/src/sl_clock_manager_init.o
 .comment       0x00000045       0x46 ./simplicity_sdk_2025.6.3/platform/service/clock_manager/src/sl_clock_manager_init_hal_s2.o
 .comment       0x00000045       0x46 ./simplicity_sdk_2025.6.3/platform/service/device_init/src/sl_device_init_dcdc_s2.o
 .comment       0x00000045       0x46 ./simplicity_sdk_2025.6.3/platform/service/device_init/src/sl_device_init_emu_s2.o
 .comment       0x00000045       0x46 ./simplicity_sdk_2025.6.3/platform/service/device_manager/clocks/sl_device_clock_efr32xg22.o
 .comment       0x00000045       0x46 ./simplicity_sdk_2025.6.3/platform/service/interrupt_manager/src/sl_interrupt_manager_cortexm.o
 .comment       0x00000045       0x46 ./simplicity_sdk_2025.6.3/platform/service/memory_manager/src/sl_memory_manager_region.o
 .comment       0x00000045       0x46 ./simplicity_sdk_2025.6.3/platform/service/sl_main/src/sl_main_init.o
 .comment       0x00000045       0x46 ./simplicity_sdk_2025.6.3/platform/service/sl_main/src/sl_main_init_memory.o
 .comment       0x00000045       0x46 ./simplicity_sdk_2025.6.3/platform/service/sl_main/src/sl_main_process_action.o
 .comment       0x00000045       0x46 ./src/boot.o
 .comment       0x00000045       0x46 ./src/flash.o
 .comment       0x00000045       0x46 ./src/gpio.o
 .comment       0x00000045       0x46 ./src/jump.o
 .comment       0x00000045       0x46 ./src/uart.o
 .comment       0x00000045       0x46 ./src/validate.o
 .comment       0x00000045       0x46 ./src/xmodem.o

.debug_line_str
                0x00000000       0xe7
 .debug_line_str
                0x00000000       0xe7 c:/siliconlabs/simplicitystudio/v5/developer/toolchains/gnu_arm/12.2.rel1_2023.7/bin/../lib/gcc/arm-none-eabi/12.2.1/thumb/v8-m.main+fp/hard/crt0.o

.debug_info     0x00000000    0x2f9da
 .debug_info    0x00000000       0x6c ./app.o
 .debug_info    0x0000006c       0xa4 ./main.o
 .debug_info    0x00000110       0x86 ./autogen/sl_board_default_init.o
 .debug_info    0x00000196      0x1e9 ./autogen/sl_event_handler.o
 .debug_info    0x0000037f      0x3c2 ./simplicity_sdk_2025.6.3/hardware/board/src/sl_board_control_gpio.o
 .debug_info    0x00000741      0x13f ./simplicity_sdk_2025.6.3/hardware/board/src/sl_board_init.o
 .debug_info    0x00000880      0x440 ./simplicity_sdk_2025.6.3/platform/Device/SiliconLabs/BGM22/Source/startup_bgm22.o
 .debug_info    0x00000cc0     0x1e2c ./simplicity_sdk_2025.6.3/platform/Device/SiliconLabs/BGM22/Source/system_bgm22.o
 .debug_info    0x00002aec       0x86 ./simplicity_sdk_2025.6.3/platform/common/src/sl_assert.o
 .debug_info    0x00002b72      0x9d3 ./simplicity_sdk_2025.6.3/platform/common/src/sl_core_cortexm.o
 .debug_info    0x00003545      0x2c7 ./simplicity_sdk_2025.6.3/platform/common/src/sl_syscalls.o
 .debug_info    0x0000380c     0x37f9 ./simplicity_sdk_2025.6.3/platform/driver/gpio/src/sl_gpio.o
 .debug_info    0x00007005     0x79ec ./simplicity_sdk_2025.6.3/platform/emlib/src/em_cmu.o
 .debug_info    0x0000e9f1     0x4c0f ./simplicity_sdk_2025.6.3/platform/emlib/src/em_emu.o
 .debug_info    0x00013600     0x21df ./simplicity_sdk_2025.6.3/platform/emlib/src/em_gpio.o
 .debug_info    0x000157df     0x2bdc ./simplicity_sdk_2025.6.3/platform/emlib/src/em_msc.o
 .debug_info    0x000183bb     0x1b89 ./simplicity_sdk_2025.6.3/platform/emlib/src/em_system.o
 .debug_info    0x00019f44     0x40b5 ./simplicity_sdk_2025.6.3/platform/emlib/src/em_usart.o
 .debug_info    0x0001dff9     0x2d4f ./simplicity_sdk_2025.6.3/platform/peripheral/src/sl_hal_gpio.o
 .debug_info    0x00020d48      0xc46 ./simplicity_sdk_2025.6.3/platform/service/clock_manager/src/sl_clock_manager.o
 .debug_info    0x0002198e     0x28e3 ./simplicity_sdk_2025.6.3/platform/service/clock_manager/src/sl_clock_manager_hal_s2.o
 .debug_info    0x00024271       0xc9 ./simplicity_sdk_2025.6.3/platform/service/clock_manager/src/sl_clock_manager_init.o
 .debug_info    0x0002433a     0x1a54 ./simplicity_sdk_2025.6.3/platform/service/clock_manager/src/sl_clock_manager_init_hal_s2.o
 .debug_info    0x00025d8e      0x2c7 ./simplicity_sdk_2025.6.3/platform/service/device_init/src/sl_device_init_dcdc_s2.o
 .debug_info    0x00026055      0x9b9 ./simplicity_sdk_2025.6.3/platform/service/device_init/src/sl_device_init_emu_s2.o
 .debug_info    0x00026a0e      0x650 ./simplicity_sdk_2025.6.3/platform/service/device_manager/clocks/sl_device_clock_efr32xg22.o
 .debug_info    0x0002705e     0x1129 ./simplicity_sdk_2025.6.3/platform/service/interrupt_manager/src/sl_interrupt_manager_cortexm.o
 .debug_info    0x00028187      0x1e8 ./simplicity_sdk_2025.6.3/platform/service/memory_manager/src/sl_memory_manager_region.o
 .debug_info    0x0002836f      0xebc ./simplicity_sdk_2025.6.3/platform/service/sl_main/src/sl_main_init.o
 .debug_info    0x0002922b       0xfb ./simplicity_sdk_2025.6.3/platform/service/sl_main/src/sl_main_init_memory.o
 .debug_info    0x00029326       0x93 ./simplicity_sdk_2025.6.3/platform/service/sl_main/src/sl_main_process_action.o
 .debug_info    0x000293b9      0x974 ./src/boot.o
 .debug_info    0x00029d2d      0x243 ./src/flash.o
 .debug_info    0x00029f70     0x1dbc ./src/gpio.o
 .debug_info    0x0002bd2c     0x10e9 ./src/jump.o
 .debug_info    0x0002ce15     0x2165 ./src/uart.o
 .debug_info    0x0002ef7a      0x54e ./src/validate.o
 .debug_info    0x0002f4c8      0x512 ./src/xmodem.o

.debug_abbrev   0x00000000     0x542c
 .debug_abbrev  0x00000000       0x6b ./app.o
 .debug_abbrev  0x0000006b       0x70 ./main.o
 .debug_abbrev  0x000000db       0x46 ./autogen/sl_board_default_init.o
 .debug_abbrev  0x00000121      0x10c ./autogen/sl_event_handler.o
 .debug_abbrev  0x0000022d      0x185 ./simplicity_sdk_2025.6.3/hardware/board/src/sl_board_control_gpio.o
 .debug_abbrev  0x000003b2       0xed ./simplicity_sdk_2025.6.3/hardware/board/src/sl_board_init.o
 .debug_abbrev  0x0000049f      0x28b ./simplicity_sdk_2025.6.3/platform/Device/SiliconLabs/BGM22/Source/startup_bgm22.o
 .debug_abbrev  0x0000072a      0x30d ./simplicity_sdk_2025.6.3/platform/Device/SiliconLabs/BGM22/Source/system_bgm22.o
 .debug_abbrev  0x00000a37       0x6c ./simplicity_sdk_2025.6.3/platform/common/src/sl_assert.o
 .debug_abbrev  0x00000aa3      0x27b ./simplicity_sdk_2025.6.3/platform/common/src/sl_core_cortexm.o
 .debug_abbrev  0x00000d1e      0x143 ./simplicity_sdk_2025.6.3/platform/common/src/sl_syscalls.o
 .debug_abbrev  0x00000e61      0x48a ./simplicity_sdk_2025.6.3/platform/driver/gpio/src/sl_gpio.o
 .debug_abbrev  0x000012eb      0x5d7 ./simplicity_sdk_2025.6.3/platform/emlib/src/em_cmu.o
 .debug_abbrev  0x000018c2      0x572 ./simplicity_sdk_2025.6.3/platform/emlib/src/em_emu.o
 .debug_abbrev  0x00001e34      0x34f ./simplicity_sdk_2025.6.3/platform/emlib/src/em_gpio.o
 .debug_abbrev  0x00002183      0x2fb ./simplicity_sdk_2025.6.3/platform/emlib/src/em_msc.o
 .debug_abbrev  0x0000247e      0x2b9 ./simplicity_sdk_2025.6.3/platform/emlib/src/em_system.o
 .debug_abbrev  0x00002737      0x345 ./simplicity_sdk_2025.6.3/platform/emlib/src/em_usart.o
 .debug_abbrev  0x00002a7c      0x4db ./simplicity_sdk_2025.6.3/platform/peripheral/src/sl_hal_gpio.o
 .debug_abbrev  0x00002f57      0x1ba ./simplicity_sdk_2025.6.3/platform/service/clock_manager/src/sl_clock_manager.o
 .debug_abbrev  0x00003111      0x40d ./simplicity_sdk_2025.6.3/platform/service/clock_manager/src/sl_clock_manager_hal_s2.o
 .debug_abbrev  0x0000351e       0x89 ./simplicity_sdk_2025.6.3/platform/service/clock_manager/src/sl_clock_manager_init.o
 .debug_abbrev  0x000035a7      0x2ae ./simplicity_sdk_2025.6.3/platform/service/clock_manager/src/sl_clock_manager_init_hal_s2.o
 .debug_abbrev  0x00003855       0xf8 ./simplicity_sdk_2025.6.3/platform/service/device_init/src/sl_device_init_dcdc_s2.o
 .debug_abbrev  0x0000394d      0x14b ./simplicity_sdk_2025.6.3/platform/service/device_init/src/sl_device_init_emu_s2.o
 .debug_abbrev  0x00003a98       0x6d ./simplicity_sdk_2025.6.3/platform/service/device_manager/clocks/sl_device_clock_efr32xg22.o
 .debug_abbrev  0x00003b05      0x3d8 ./simplicity_sdk_2025.6.3/platform/service/interrupt_manager/src/sl_interrupt_manager_cortexm.o
 .debug_abbrev  0x00003edd      0x11e ./simplicity_sdk_2025.6.3/platform/service/memory_manager/src/sl_memory_manager_region.o
 .debug_abbrev  0x00003ffb      0x18f ./simplicity_sdk_2025.6.3/platform/service/sl_main/src/sl_main_init.o
 .debug_abbrev  0x0000418a       0x80 ./simplicity_sdk_2025.6.3/platform/service/sl_main/src/sl_main_init_memory.o
 .debug_abbrev  0x0000420a       0x5c ./simplicity_sdk_2025.6.3/platform/service/sl_main/src/sl_main_process_action.o
 .debug_abbrev  0x00004266      0x1eb ./src/boot.o
 .debug_abbrev  0x00004451      0x182 ./src/flash.o
 .debug_abbrev  0x000045d3      0x476 ./src/gpio.o
 .debug_abbrev  0x00004a49      0x2ab ./src/jump.o
 .debug_abbrev  0x00004cf4      0x2b9 ./src/uart.o
 .debug_abbrev  0x00004fad      0x27c ./src/validate.o
 .debug_abbrev  0x00005229      0x203 ./src/xmodem.o

.debug_aranges  0x00000000     0x1048
 .debug_aranges
                0x00000000       0x28 ./app.o
 .debug_aranges
                0x00000028       0x20 ./main.o
 .debug_aranges
                0x00000048       0x20 ./autogen/sl_board_default_init.o
 .debug_aranges
                0x00000068       0x88 ./autogen/sl_event_handler.o
 .debug_aranges
                0x000000f0       0x70 ./simplicity_sdk_2025.6.3/hardware/board/src/sl_board_control_gpio.o
 .debug_aranges
                0x00000160       0x28 ./simplicity_sdk_2025.6.3/hardware/board/src/sl_board_init.o
 .debug_aranges
                0x00000188       0x38 ./simplicity_sdk_2025.6.3/platform/Device/SiliconLabs/BGM22/Source/startup_bgm22.o
 .debug_aranges
                0x000001c0       0x88 ./simplicity_sdk_2025.6.3/platform/Device/SiliconLabs/BGM22/Source/system_bgm22.o
 .debug_aranges
                0x00000248       0x20 ./simplicity_sdk_2025.6.3/platform/common/src/sl_assert.o
 .debug_aranges
                0x00000268       0xa0 ./simplicity_sdk_2025.6.3/platform/common/src/sl_core_cortexm.o
 .debug_aranges
                0x00000308       0x68 ./simplicity_sdk_2025.6.3/platform/common/src/sl_syscalls.o
 .debug_aranges
                0x00000370      0x108 ./simplicity_sdk_2025.6.3/platform/driver/gpio/src/sl_gpio.o
 .debug_aranges
                0x00000478      0x1c8 ./simplicity_sdk_2025.6.3/platform/emlib/src/em_cmu.o
 .debug_aranges
                0x00000640      0x120 ./simplicity_sdk_2025.6.3/platform/emlib/src/em_emu.o
 .debug_aranges
                0x00000760       0x68 ./simplicity_sdk_2025.6.3/platform/emlib/src/em_gpio.o
 .debug_aranges
                0x000007c8       0x68 ./simplicity_sdk_2025.6.3/platform/emlib/src/em_msc.o
 .debug_aranges
                0x00000830       0x78 ./simplicity_sdk_2025.6.3/platform/emlib/src/em_system.o
 .debug_aranges
                0x000008a8       0xb8 ./simplicity_sdk_2025.6.3/platform/emlib/src/em_usart.o
 .debug_aranges
                0x00000960      0x150 ./simplicity_sdk_2025.6.3/platform/peripheral/src/sl_hal_gpio.o
 .debug_aranges
                0x00000ab0      0x100 ./simplicity_sdk_2025.6.3/platform/service/clock_manager/src/sl_clock_manager.o
 .debug_aranges
                0x00000bb0       0xf0 ./simplicity_sdk_2025.6.3/platform/service/clock_manager/src/sl_clock_manager_hal_s2.o
 .debug_aranges
                0x00000ca0       0x20 ./simplicity_sdk_2025.6.3/platform/service/clock_manager/src/sl_clock_manager_init.o
 .debug_aranges
                0x00000cc0       0x20 ./simplicity_sdk_2025.6.3/platform/service/clock_manager/src/sl_clock_manager_init_hal_s2.o
 .debug_aranges
                0x00000ce0       0x20 ./simplicity_sdk_2025.6.3/platform/service/device_init/src/sl_device_init_dcdc_s2.o
 .debug_aranges
                0x00000d00       0x20 ./simplicity_sdk_2025.6.3/platform/service/device_init/src/sl_device_init_emu_s2.o
 .debug_aranges
                0x00000d20       0x18 ./simplicity_sdk_2025.6.3/platform/service/device_manager/clocks/sl_device_clock_efr32xg22.o
 .debug_aranges
                0x00000d38       0xd0 ./simplicity_sdk_2025.6.3/platform/service/interrupt_manager/src/sl_interrupt_manager_cortexm.o
 .debug_aranges
                0x00000e08       0x30 ./simplicity_sdk_2025.6.3/platform/service/memory_manager/src/sl_memory_manager_region.o
 .debug_aranges
                0x00000e38       0x48 ./simplicity_sdk_2025.6.3/platform/service/sl_main/src/sl_main_init.o
 .debug_aranges
                0x00000e80       0x28 ./simplicity_sdk_2025.6.3/platform/service/sl_main/src/sl_main_init_memory.o
 .debug_aranges
                0x00000ea8       0x20 ./simplicity_sdk_2025.6.3/platform/service/sl_main/src/sl_main_process_action.o
 .debug_aranges
                0x00000ec8       0x28 ./src/boot.o
 .debug_aranges
                0x00000ef0       0x30 ./src/flash.o
 .debug_aranges
                0x00000f20       0x70 ./src/gpio.o
 .debug_aranges
                0x00000f90       0x20 ./src/jump.o
 .debug_aranges
                0x00000fb0       0x40 ./src/uart.o
 .debug_aranges
                0x00000ff0       0x30 ./src/validate.o
 .debug_aranges
                0x00001020       0x28 ./src/xmodem.o

.debug_ranges   0x00000000     0x1878
 .debug_ranges  0x00000000       0x18 ./app.o
 .debug_ranges  0x00000018       0x10 ./main.o
 .debug_ranges  0x00000028       0x10 ./autogen/sl_board_default_init.o
 .debug_ranges  0x00000038       0x78 ./autogen/sl_event_handler.o
 .debug_ranges  0x000000b0       0x60 ./simplicity_sdk_2025.6.3/hardware/board/src/sl_board_control_gpio.o
 .debug_ranges  0x00000110       0x18 ./simplicity_sdk_2025.6.3/hardware/board/src/sl_board_init.o
 .debug_ranges  0x00000128       0x90 ./simplicity_sdk_2025.6.3/platform/Device/SiliconLabs/BGM22/Source/startup_bgm22.o
 .debug_ranges  0x000001b8       0x78 ./simplicity_sdk_2025.6.3/platform/Device/SiliconLabs/BGM22/Source/system_bgm22.o
 .debug_ranges  0x00000230       0x10 ./simplicity_sdk_2025.6.3/platform/common/src/sl_assert.o
 .debug_ranges  0x00000240       0x90 ./simplicity_sdk_2025.6.3/platform/common/src/sl_core_cortexm.o
 .debug_ranges  0x000002d0       0x58 ./simplicity_sdk_2025.6.3/platform/common/src/sl_syscalls.o
 .debug_ranges  0x00000328      0x1f0 ./simplicity_sdk_2025.6.3/platform/driver/gpio/src/sl_gpio.o
 .debug_ranges  0x00000518      0x348 ./simplicity_sdk_2025.6.3/platform/emlib/src/em_cmu.o
 .debug_ranges  0x00000860      0x2b0 ./simplicity_sdk_2025.6.3/platform/emlib/src/em_emu.o
 .debug_ranges  0x00000b10       0x88 ./simplicity_sdk_2025.6.3/platform/emlib/src/em_gpio.o
 .debug_ranges  0x00000b98       0xa8 ./simplicity_sdk_2025.6.3/platform/emlib/src/em_msc.o
 .debug_ranges  0x00000c40       0x80 ./simplicity_sdk_2025.6.3/platform/emlib/src/em_system.o
 .debug_ranges  0x00000cc0      0x108 ./simplicity_sdk_2025.6.3/platform/emlib/src/em_usart.o
 .debug_ranges  0x00000dc8      0x1f8 ./simplicity_sdk_2025.6.3/platform/peripheral/src/sl_hal_gpio.o
 .debug_ranges  0x00000fc0       0xf0 ./simplicity_sdk_2025.6.3/platform/service/clock_manager/src/sl_clock_manager.o
 .debug_ranges  0x000010b0      0x118 ./simplicity_sdk_2025.6.3/platform/service/clock_manager/src/sl_clock_manager_hal_s2.o
 .debug_ranges  0x000011c8       0x10 ./simplicity_sdk_2025.6.3/platform/service/clock_manager/src/sl_clock_manager_init.o
 .debug_ranges  0x000011d8       0xa0 ./simplicity_sdk_2025.6.3/platform/service/clock_manager/src/sl_clock_manager_init_hal_s2.o
 .debug_ranges  0x00001278       0x10 ./simplicity_sdk_2025.6.3/platform/service/device_init/src/sl_device_init_dcdc_s2.o
 .debug_ranges  0x00001288       0x10 ./simplicity_sdk_2025.6.3/platform/service/device_init/src/sl_device_init_emu_s2.o
 .debug_ranges  0x00001298      0x120 ./simplicity_sdk_2025.6.3/platform/service/interrupt_manager/src/sl_interrupt_manager_cortexm.o
 .debug_ranges  0x000013b8       0x20 ./simplicity_sdk_2025.6.3/platform/service/memory_manager/src/sl_memory_manager_region.o
 .debug_ranges  0x000013d8       0x38 ./simplicity_sdk_2025.6.3/platform/service/sl_main/src/sl_main_init.o
 .debug_ranges  0x00001410       0x18 ./simplicity_sdk_2025.6.3/platform/service/sl_main/src/sl_main_init_memory.o
 .debug_ranges  0x00001428       0x10 ./simplicity_sdk_2025.6.3/platform/service/sl_main/src/sl_main_process_action.o
 .debug_ranges  0x00001438       0x30 ./src/boot.o
 .debug_ranges  0x00001468       0x58 ./src/flash.o
 .debug_ranges  0x000014c0      0x110 ./src/gpio.o
 .debug_ranges  0x000015d0       0x58 ./src/jump.o
 .debug_ranges  0x00001628       0x90 ./src/uart.o
 .debug_ranges  0x000016b8       0xa0 ./src/validate.o
 .debug_ranges  0x00001758      0x120 ./src/xmodem.o

.debug_line     0x00000000     0xf925
 .debug_line    0x00000000       0x60 ./app.o
 .debug_line    0x00000060      0x104 ./main.o
 .debug_line    0x00000164       0x55 ./autogen/sl_board_default_init.o
 .debug_line    0x000001b9      0x46f ./autogen/sl_event_handler.o
 .debug_line    0x00000628      0x435 ./simplicity_sdk_2025.6.3/hardware/board/src/sl_board_control_gpio.o
 .debug_line    0x00000a5d      0x33d ./simplicity_sdk_2025.6.3/hardware/board/src/sl_board_init.o
 .debug_line    0x00000d9a      0x395 ./simplicity_sdk_2025.6.3/platform/Device/SiliconLabs/BGM22/Source/startup_bgm22.o
 .debug_line    0x0000112f      0x5ee ./simplicity_sdk_2025.6.3/platform/Device/SiliconLabs/BGM22/Source/system_bgm22.o
 .debug_line    0x0000171d       0x8d ./simplicity_sdk_2025.6.3/platform/common/src/sl_assert.o
 .debug_line    0x000017aa      0x63e ./simplicity_sdk_2025.6.3/platform/common/src/sl_core_cortexm.o
 .debug_line    0x00001de8      0x18d ./simplicity_sdk_2025.6.3/platform/common/src/sl_syscalls.o
 .debug_line    0x00001f75     0x12b2 ./simplicity_sdk_2025.6.3/platform/driver/gpio/src/sl_gpio.o
 .debug_line    0x00003227     0x2a93 ./simplicity_sdk_2025.6.3/platform/emlib/src/em_cmu.o
 .debug_line    0x00005cba      0xf71 ./simplicity_sdk_2025.6.3/platform/emlib/src/em_emu.o
 .debug_line    0x00006c2b      0x71c ./simplicity_sdk_2025.6.3/platform/emlib/src/em_gpio.o
 .debug_line    0x00007347      0x934 ./simplicity_sdk_2025.6.3/platform/emlib/src/em_msc.o
 .debug_line    0x00007c7b      0x4df ./simplicity_sdk_2025.6.3/platform/emlib/src/em_system.o
 .debug_line    0x0000815a      0xd56 ./simplicity_sdk_2025.6.3/platform/emlib/src/em_usart.o
 .debug_line    0x00008eb0     0x1081 ./simplicity_sdk_2025.6.3/platform/peripheral/src/sl_hal_gpio.o
 .debug_line    0x00009f31      0x6c4 ./simplicity_sdk_2025.6.3/platform/service/clock_manager/src/sl_clock_manager.o
 .debug_line    0x0000a5f5      0xdb9 ./simplicity_sdk_2025.6.3/platform/service/clock_manager/src/sl_clock_manager_hal_s2.o
 .debug_line    0x0000b3ae      0x22a ./simplicity_sdk_2025.6.3/platform/service/clock_manager/src/sl_clock_manager_init.o
 .debug_line    0x0000b5d8      0x6ea ./simplicity_sdk_2025.6.3/platform/service/clock_manager/src/sl_clock_manager_init_hal_s2.o
 .debug_line    0x0000bcc2      0x291 ./simplicity_sdk_2025.6.3/platform/service/device_init/src/sl_device_init_dcdc_s2.o
 .debug_line    0x0000bf53      0x33f ./simplicity_sdk_2025.6.3/platform/service/device_init/src/sl_device_init_emu_s2.o
 .debug_line    0x0000c292      0x210 ./simplicity_sdk_2025.6.3/platform/service/device_manager/clocks/sl_device_clock_efr32xg22.o
 .debug_line    0x0000c4a2      0x96b ./simplicity_sdk_2025.6.3/platform/service/interrupt_manager/src/sl_interrupt_manager_cortexm.o
 .debug_line    0x0000ce0d      0x32e ./simplicity_sdk_2025.6.3/platform/service/memory_manager/src/sl_memory_manager_region.o
 .debug_line    0x0000d13b      0x65c ./simplicity_sdk_2025.6.3/platform/service/sl_main/src/sl_main_init.o
 .debug_line    0x0000d797      0x100 ./simplicity_sdk_2025.6.3/platform/service/sl_main/src/sl_main_init_memory.o
 .debug_line    0x0000d897       0xf3 ./simplicity_sdk_2025.6.3/platform/service/sl_main/src/sl_main_process_action.o
 .debug_line    0x0000d98a      0x43d ./src/boot.o
 .debug_line    0x0000ddc7      0x230 ./src/flash.o
 .debug_line    0x0000dff7      0x713 ./src/gpio.o
 .debug_line    0x0000e70a      0x411 ./src/jump.o
 .debug_line    0x0000eb1b      0x56a ./src/uart.o
 .debug_line    0x0000f085      0x4c6 ./src/validate.o
 .debug_line    0x0000f54b      0x3da ./src/xmodem.o

.debug_str      0x00000000     0xc00a
 .debug_str     0x00000000      0x15f ./app.o
                                0x17b (size before relaxing)
 .debug_str     0x0000015f       0x33 ./main.o
                                0x19c (size before relaxing)
 .debug_str     0x00000192       0x89 ./autogen/sl_board_default_init.o
                                0x20a (size before relaxing)
 .debug_str     0x0000021b      0x200 ./autogen/sl_event_handler.o
                                0x3df (size before relaxing)
 .debug_str     0x0000041b      0x2a4 ./simplicity_sdk_2025.6.3/hardware/board/src/sl_board_control_gpio.o
                                0x4d2 (size before relaxing)
 .debug_str     0x000006bf       0x87 ./simplicity_sdk_2025.6.3/hardware/board/src/sl_board_init.o
                                0x2be (size before relaxing)
 .debug_str     0x00000746      0x1df ./simplicity_sdk_2025.6.3/platform/Device/SiliconLabs/BGM22/Source/startup_bgm22.o
                                0x3d1 (size before relaxing)
 .debug_str     0x00000925     0x1280 ./simplicity_sdk_2025.6.3/platform/Device/SiliconLabs/BGM22/Source/system_bgm22.o
                               0x154a (size before relaxing)
 .debug_str     0x00001ba5       0x45 ./simplicity_sdk_2025.6.3/platform/common/src/sl_assert.o
                                0x1a1 (size before relaxing)
 .debug_str     0x00001bea      0x242 ./simplicity_sdk_2025.6.3/platform/common/src/sl_core_cortexm.o
                                0x55d (size before relaxing)
 .debug_str     0x00001e2c       0x9a ./simplicity_sdk_2025.6.3/platform/common/src/sl_syscalls.o
                                0x1fd (size before relaxing)
 .debug_str     0x00001ec6     0x16e7 ./simplicity_sdk_2025.6.3/platform/driver/gpio/src/sl_gpio.o
                               0x2154 (size before relaxing)
 .debug_str     0x000035ad     0x1e25 ./simplicity_sdk_2025.6.3/platform/emlib/src/em_cmu.o
                               0x3813 (size before relaxing)
 .debug_str     0x000053d2      0xa0a ./simplicity_sdk_2025.6.3/platform/emlib/src/em_emu.o
                               0x2e4e (size before relaxing)
 .debug_str     0x00005ddc      0x10c ./simplicity_sdk_2025.6.3/platform/emlib/src/em_gpio.o
                               0x149e (size before relaxing)
 .debug_str     0x00005ee8      0x602 ./simplicity_sdk_2025.6.3/platform/emlib/src/em_msc.o
                               0x172d (size before relaxing)
 .debug_str     0x000064ea      0x33a ./simplicity_sdk_2025.6.3/platform/emlib/src/em_system.o
                               0x143f (size before relaxing)
 .debug_str     0x00006824     0x26e5 ./simplicity_sdk_2025.6.3/platform/emlib/src/em_usart.o
                               0x3a0c (size before relaxing)
 .debug_str     0x00008f09      0x1ff ./simplicity_sdk_2025.6.3/platform/peripheral/src/sl_hal_gpio.o
                               0x1a45 (size before relaxing)
 .debug_str     0x00009108      0xa46 ./simplicity_sdk_2025.6.3/platform/service/clock_manager/src/sl_clock_manager.o
                                0xd04 (size before relaxing)
 .debug_str     0x00009b4e      0x973 ./simplicity_sdk_2025.6.3/platform/service/clock_manager/src/sl_clock_manager_hal_s2.o
                               0x24bd (size before relaxing)
 .debug_str     0x0000a4c1       0x87 ./simplicity_sdk_2025.6.3/platform/service/clock_manager/src/sl_clock_manager_init.o
                                0x278 (size before relaxing)
 .debug_str     0x0000a548      0x749 ./simplicity_sdk_2025.6.3/platform/service/clock_manager/src/sl_clock_manager_init_hal_s2.o
                               0x1b21 (size before relaxing)
 .debug_str     0x0000ac91       0x69 ./simplicity_sdk_2025.6.3/platform/service/device_init/src/sl_device_init_dcdc_s2.o
                                0x653 (size before relaxing)
 .debug_str     0x0000acfa       0x70 ./simplicity_sdk_2025.6.3/platform/service/device_init/src/sl_device_init_emu_s2.o
                                0x83f (size before relaxing)
 .debug_str     0x0000ad6a      0x54d ./simplicity_sdk_2025.6.3/platform/service/device_manager/clocks/sl_device_clock_efr32xg22.o
                                0x763 (size before relaxing)
 .debug_str     0x0000b2b7      0x443 ./simplicity_sdk_2025.6.3/platform/service/interrupt_manager/src/sl_interrupt_manager_cortexm.o
                                0xc7b (size before relaxing)
 .debug_str     0x0000b6fa       0xee ./simplicity_sdk_2025.6.3/platform/service/memory_manager/src/sl_memory_manager_region.o
                                0x2f4 (size before relaxing)
 .debug_str     0x0000b7e8       0xb9 ./simplicity_sdk_2025.6.3/platform/service/sl_main/src/sl_main_init.o
                                0xcd7 (size before relaxing)
 .debug_str     0x0000b8a1       0x69 ./simplicity_sdk_2025.6.3/platform/service/sl_main/src/sl_main_init_memory.o
                                0x2da (size before relaxing)
 .debug_str     0x0000b90a       0x51 ./simplicity_sdk_2025.6.3/platform/service/sl_main/src/sl_main_process_action.o
                                0x225 (size before relaxing)
 .debug_str     0x0000b95b      0x342 ./src/boot.o
                                0x572 (size before relaxing)
 .debug_str     0x0000bc9d       0x39 ./src/flash.o
                                0x2dc (size before relaxing)
 .debug_str     0x0000bcd6       0xcc ./src/gpio.o
                               0x19eb (size before relaxing)
 .debug_str     0x0000bda2       0x92 ./src/jump.o
                                0xcb9 (size before relaxing)
 .debug_str     0x0000be34       0x79 ./src/uart.o
                               0x1c22 (size before relaxing)
 .debug_str     0x0000bead       0xa0 ./src/validate.o
                                0x392 (size before relaxing)
 .debug_str     0x0000bf4d       0xbd ./src/xmodem.o
                                0x390 (size before relaxing)

.debug_frame    0x00000000     0x27cc
 .debug_frame   0x00000000       0x30 ./app.o
 .debug_frame   0x00000030       0x28 ./main.o
 .debug_frame   0x00000058       0x20 ./autogen/sl_board_default_init.o
 .debug_frame   0x00000078       0xfc ./autogen/sl_event_handler.o
 .debug_frame   0x00000174       0xf0 ./simplicity_sdk_2025.6.3/hardware/board/src/sl_board_control_gpio.o
 .debug_frame   0x00000264       0x3c ./simplicity_sdk_2025.6.3/hardware/board/src/sl_board_init.o
 .debug_frame   0x000002a0       0x60 ./simplicity_sdk_2025.6.3/platform/Device/SiliconLabs/BGM22/Source/startup_bgm22.o
 .debug_frame   0x00000300      0x104 ./simplicity_sdk_2025.6.3/platform/Device/SiliconLabs/BGM22/Source/system_bgm22.o
 .debug_frame   0x00000404       0x20 ./simplicity_sdk_2025.6.3/platform/common/src/sl_assert.o
 .debug_frame   0x00000424      0x120 ./simplicity_sdk_2025.6.3/platform/common/src/sl_core_cortexm.o
 .debug_frame   0x00000544       0xb0 ./simplicity_sdk_2025.6.3/platform/common/src/sl_syscalls.o
 .debug_frame   0x000005f4      0x344 ./simplicity_sdk_2025.6.3/platform/driver/gpio/src/sl_gpio.o
 .debug_frame   0x00000938      0x594 ./simplicity_sdk_2025.6.3/platform/emlib/src/em_cmu.o
 .debug_frame   0x00000ecc      0x2e4 ./simplicity_sdk_2025.6.3/platform/emlib/src/em_emu.o
 .debug_frame   0x000011b0      0x168 ./simplicity_sdk_2025.6.3/platform/emlib/src/em_gpio.o
 .debug_frame   0x00001318      0x12c ./simplicity_sdk_2025.6.3/platform/emlib/src/em_msc.o
 .debug_frame   0x00001444       0xd8 ./simplicity_sdk_2025.6.3/platform/emlib/src/em_system.o
 .debug_frame   0x0000151c      0x1ec ./simplicity_sdk_2025.6.3/platform/emlib/src/em_usart.o
 .debug_frame   0x00001708      0x3a4 ./simplicity_sdk_2025.6.3/platform/peripheral/src/sl_hal_gpio.o
 .debug_frame   0x00001aac      0x1e0 ./simplicity_sdk_2025.6.3/platform/service/clock_manager/src/sl_clock_manager.o
 .debug_frame   0x00001c8c      0x288 ./simplicity_sdk_2025.6.3/platform/service/clock_manager/src/sl_clock_manager_hal_s2.o
 .debug_frame   0x00001f14       0x20 ./simplicity_sdk_2025.6.3/platform/service/clock_manager/src/sl_clock_manager_init.o
 .debug_frame   0x00001f34       0x34 ./simplicity_sdk_2025.6.3/platform/service/clock_manager/src/sl_clock_manager_init_hal_s2.o
 .debug_frame   0x00001f68       0x28 ./simplicity_sdk_2025.6.3/platform/service/device_init/src/sl_device_init_dcdc_s2.o
 .debug_frame   0x00001f90       0x2c ./simplicity_sdk_2025.6.3/platform/service/device_init/src/sl_device_init_emu_s2.o
 .debug_frame   0x00001fbc      0x1c4 ./simplicity_sdk_2025.6.3/platform/service/interrupt_manager/src/sl_interrupt_manager_cortexm.o
 .debug_frame   0x00002180       0x40 ./simplicity_sdk_2025.6.3/platform/service/memory_manager/src/sl_memory_manager_region.o
 .debug_frame   0x000021c0       0x88 ./simplicity_sdk_2025.6.3/platform/service/sl_main/src/sl_main_init.o
 .debug_frame   0x00002248       0x38 ./simplicity_sdk_2025.6.3/platform/service/sl_main/src/sl_main_init_memory.o
 .debug_frame   0x00002280       0x2c ./simplicity_sdk_2025.6.3/platform/service/sl_main/src/sl_main_process_action.o
 .debug_frame   0x000022ac       0x54 ./src/boot.o
 .debug_frame   0x00002300       0x54 ./src/flash.o
 .debug_frame   0x00002354      0x104 ./src/gpio.o
 .debug_frame   0x00002458       0x28 ./src/jump.o
 .debug_frame   0x00002480       0xb4 ./src/uart.o
 .debug_frame   0x00002534       0x68 ./src/validate.o
 .debug_frame   0x0000259c       0x50 ./src/xmodem.o
 .debug_frame   0x000025ec       0x28 c:/siliconlabs/simplicitystudio/v5/developer/toolchains/gnu_arm/12.2.rel1_2023.7/bin/../lib/gcc/arm-none-eabi/12.2.1/thumb/v8-m.main+fp/hard\libc_nano.a(libc_a-exit.o)
 .debug_frame   0x00002614      0x144 c:/siliconlabs/simplicitystudio/v5/developer/toolchains/gnu_arm/12.2.rel1_2023.7/bin/../lib/gcc/arm-none-eabi/12.2.1/thumb/v8-m.main+fp/hard\libc_nano.a(libc_a-findfp.o)
 .debug_frame   0x00002758       0x20 c:/siliconlabs/simplicitystudio/v5/developer/toolchains/gnu_arm/12.2.rel1_2023.7/bin/../lib/gcc/arm-none-eabi/12.2.1/thumb/v8-m.main+fp/hard\libc_nano.a(libc_a-memset.o)
 .debug_frame   0x00002778       0x2c c:/siliconlabs/simplicitystudio/v5/developer/toolchains/gnu_arm/12.2.rel1_2023.7/bin/../lib/gcc/arm-none-eabi/12.2.1/thumb/v8-m.main+fp/hard\libc_nano.a(libc_a-init.o)
 .debug_frame   0x000027a4       0x28 c:/siliconlabs/simplicitystudio/v5/developer/toolchains/gnu_arm/12.2.rel1_2023.7/bin/../lib/gcc/arm-none-eabi/12.2.1/thumb/v8-m.main+fp/hard\libc_nano.a(libc_a-memcpy-stub.o)

.debug_loc      0x00000000     0xc5cd
 .debug_loc     0x00000000       0x20 ./main.o
 .debug_loc     0x00000020       0x2c ./autogen/sl_event_handler.o
 .debug_loc     0x0000004c      0x20a ./simplicity_sdk_2025.6.3/hardware/board/src/sl_board_control_gpio.o
 .debug_loc     0x00000256       0x2c ./simplicity_sdk_2025.6.3/hardware/board/src/sl_board_init.o
 .debug_loc     0x00000282      0x163 ./simplicity_sdk_2025.6.3/platform/Device/SiliconLabs/BGM22/Source/startup_bgm22.o
 .debug_loc     0x000003e5       0xe5 ./simplicity_sdk_2025.6.3/platform/Device/SiliconLabs/BGM22/Source/system_bgm22.o
 .debug_loc     0x000004ca       0x2a ./simplicity_sdk_2025.6.3/platform/common/src/sl_assert.o
 .debug_loc     0x000004f4      0x141 ./simplicity_sdk_2025.6.3/platform/common/src/sl_core_cortexm.o
 .debug_loc     0x00000635      0x118 ./simplicity_sdk_2025.6.3/platform/common/src/sl_syscalls.o
 .debug_loc     0x0000074d     0x17c5 ./simplicity_sdk_2025.6.3/platform/driver/gpio/src/sl_gpio.o
 .debug_loc     0x00001f12     0x391d ./simplicity_sdk_2025.6.3/platform/emlib/src/em_cmu.o
 .debug_loc     0x0000582f      0x936 ./simplicity_sdk_2025.6.3/platform/emlib/src/em_emu.o
 .debug_loc     0x00006165      0x941 ./simplicity_sdk_2025.6.3/platform/emlib/src/em_gpio.o
 .debug_loc     0x00006aa6      0x839 ./simplicity_sdk_2025.6.3/platform/emlib/src/em_msc.o
 .debug_loc     0x000072df      0x146 ./simplicity_sdk_2025.6.3/platform/emlib/src/em_system.o
 .debug_loc     0x00007425      0xaaa ./simplicity_sdk_2025.6.3/platform/emlib/src/em_usart.o
 .debug_loc     0x00007ecf      0xfd6 ./simplicity_sdk_2025.6.3/platform/peripheral/src/sl_hal_gpio.o
 .debug_loc     0x00008ea5      0x68f ./simplicity_sdk_2025.6.3/platform/service/clock_manager/src/sl_clock_manager.o
 .debug_loc     0x00009534     0x137e ./simplicity_sdk_2025.6.3/platform/service/clock_manager/src/sl_clock_manager_hal_s2.o
 .debug_loc     0x0000a8b2       0xef ./simplicity_sdk_2025.6.3/platform/service/clock_manager/src/sl_clock_manager_init_hal_s2.o
 .debug_loc     0x0000a9a1       0x2c ./simplicity_sdk_2025.6.3/platform/service/device_init/src/sl_device_init_dcdc_s2.o
 .debug_loc     0x0000a9cd       0x2c ./simplicity_sdk_2025.6.3/platform/service/device_init/src/sl_device_init_emu_s2.o
 .debug_loc     0x0000a9f9      0x5cf ./simplicity_sdk_2025.6.3/platform/service/interrupt_manager/src/sl_interrupt_manager_cortexm.o
 .debug_loc     0x0000afc8       0xa9 ./simplicity_sdk_2025.6.3/platform/service/memory_manager/src/sl_memory_manager_region.o
 .debug_loc     0x0000b071       0x75 ./simplicity_sdk_2025.6.3/platform/service/sl_main/src/sl_main_init.o
 .debug_loc     0x0000b0e6       0x20 ./simplicity_sdk_2025.6.3/platform/service/sl_main/src/sl_main_init_memory.o
 .debug_loc     0x0000b106       0x2c ./simplicity_sdk_2025.6.3/platform/service/sl_main/src/sl_main_process_action.o
 .debug_loc     0x0000b132      0x2f8 ./src/boot.o
 .debug_loc     0x0000b42a      0x164 ./src/flash.o
 .debug_loc     0x0000b58e      0x328 ./src/gpio.o
 .debug_loc     0x0000b8b6       0xf2 ./src/jump.o
 .debug_loc     0x0000b9a8      0x370 ./src/uart.o
 .debug_loc     0x0000bd18      0x3c1 ./src/validate.o
 .debug_loc     0x0000c0d9      0x4f4 ./src/xmodem.o